<html>
<body>
<pre>
<h1>µVision Build Log</h1>
<h2>Tool Versions:</h2>
IDE-Version: ¶ÃVision V5.25.3.0
Copyright (C) 2018 ARM Ltd and ARM Germany GmbH. All rights reserved.
License Information: Saoluoye Qiufeng, NorthMing, LIC=3UURA-18PBA-5BZEB-2AGVJ-96MJ1-36QPA
 
Tool Versions:
Toolchain:       MDK-ARM Professional  Version: 5.18
Toolchain Path:  E:\keil\core\ARM\ARMCC\Bin
C Compiler:      Armcc.exe V5.06 update 1 (build 61)
Assembler:       Armasm.exe V5.06 update 1 (build 61)
Linker/Locator:  ArmLink.exe V5.06 update 1 (build 61)
Library Manager: ArmAr.exe V5.06 update 1 (build 61)
Hex Converter:   FromElf.exe V5.06 update 1 (build 61)
CPU DLL:         SARMCM3.DLL V5.18
Dialog DLL:      DCM.DLL V1.13.6.0
Target DLL:      Segger\JL2CM3.dll V2.99.18.0
Dialog DLL:      TCM.DLL V1.14.8.0
 
<h2>Project:</h2>
C:\Users\hepy0\Desktop\ µ—È “\engineeering_new_v4.0 ‘—È\Project\RM-F427.uvprojx
Project File Date:  03/18/2022

<h2>Output:</h2>
*** Using Compiler 'V5.06 update 1 (build 61)', folder: 'E:\keil\core\ARM\ARMCC\Bin'
Rebuild target 'µ◊≈Ã'
assembling startup_stm32f427_437xx.s...
compiling stm32f4xx_cryp_aes.c...
compiling stm32f4xx_cryp_tdes.c...
compiling stm32f4xx_can.c...
compiling misc.c...
compiling stm32f4xx_adc.c...
compiling system_stm32f4xx.c...
compiling stm32f4xx_dma2d.c...
compiling stm32f4xx_cryp_des.c...
compiling stm32f4xx_dac.c...
compiling stm32f4xx_flash_ramfunc.c...
compiling stm32f4xx_fmc.c...
compiling stm32f4xx_dma.c...
compiling stm32f4xx_hash_md5.c...
compiling stm32f4xx_flash.c...
compiling stm32f4xx_gpio.c...
compiling stm32f4xx_rcc.c...
compiling stm32f4xx_sdio.c...
compiling stm32f4xx_pwr.c...
compiling stm32f4xx_syscfg.c...
compiling stm32f4xx_rtc.c...
compiling stm32f4xx_spi.c...
compiling stm32f4xx_i2c.c...
compiling stm32f4xx_exti.c...
compiling stm32f4xx_cryp.c...
compiling stm32f4xx_usart.c...
compiling delay.c...
compiling stm32f4xx_hash.c...
compiling stm32f4xx_tim.c...
compiling stm32f4xx_it.c...
compiling main.c...
compiling flag.c...
compiling algorithm.c...
compiling speed_pid.c...
compiling kinematic.c...
compiling angle_pid.c...
compiling sys.c...
compiling Tim3_Events.c...
compiling motor.c...
compiling remote.c...
compiling bsp_led.c...
compiling referee.c...
compiling My_Init.c...
compiling remote_code.c...
compiling can.c...
compiling judge.c...
compiling steering_engine.c...
compiling bsp_dbus.c...
compiling uart5.c...
compiling timer.c...
compiling stepper_motor.c...
compiling jansson_config.c...
compiling limit_switch.c...
compiling power.c...
compiling key.c...
compiling LED.c...
compiling bsp_debug_usart.c...
linking...
Program Size: Code=16000 RO-data=460 RW-data=188 ZI-data=5852  
"..\Output\RM_typeA.axf" - 0 Error(s), 0 Warning(s).

<h2>Software Packages used:</h2>

Package Vendor: Keil
                http://www.keil.com/pack/Keil.Jansson.1.0.0.pack
                Keil.Jansson.1.0.0
                Jansson is a C library for encoding, decoding and manipulating JSON data
   * Component: Jansson Version: 2.7.0

Package Vendor: Keil
                http://www.keil.com/pack/Keil.STM32F4xx_DFP.2.15.0.pack
                Keil.STM32F4xx_DFP.2.15.0
                STMicroelectronics STM32F4 Series Device Support, Drivers and Examples

<h2>Collection of Component include folders:</h2>
  .\RTE\_____
  E:\keil\core\ARM\PACK\Keil\Jansson\1.0.0\src
  E:\keil\core\ARM\PACK\Keil\STM32F4xx_DFP\2.15.0\Drivers\CMSIS\Device\ST\STM32F4xx\Include

<h2>Collection of Component Files used:</h2>

   * Component: Keil::Data Exchange:JSON:Jansson:2.7.0
      Library file:  lib\jansson_CM3LE.lib
      Source file:   src\jansson_config.c
      Include file:  src\jansson.h
Build Time Elapsed:  00:00:07
</pre>
</body>
</html>
