<html>
<body>
<pre>
<h1>µVision Build Log</h1>
<h2>Tool Versions:</h2>
IDE-Version: ¦ÌVision V5.25.3.0
Copyright (C) 2018 ARM Ltd and ARM Germany GmbH. All rights reserved.
License Information: Saoluoye Qiufeng, NorthMing, LIC=3UURA-18PBA-5BZEB-2AGVJ-96MJ1-36QPA
 
Tool Versions:
Toolchain:       MDK-ARM Professional  Version: 5.18
Toolchain Path:  E:\keil\core\ARM\ARMCC\Bin
C Compiler:      Armcc.exe V5.06 update 1 (build 61)
Assembler:       Armasm.exe V5.06 update 1 (build 61)
Linker/Locator:  ArmLink.exe V5.06 update 1 (build 61)
Library Manager: ArmAr.exe V5.06 update 1 (build 61)
Hex Converter:   FromElf.exe V5.06 update 1 (build 61)
CPU DLL:         SARMCM3.DLL V5.18
Dialog DLL:      DCM.DLL V1.13.6.0
Target DLL:      Segger\JL2CM3.dll V2.99.18.0
Dialog DLL:      TCM.DLL V1.14.8.0
 
<h2>Project:</h2>
C:\Users\hepy0\Desktop\engineering\engineering-chassis\MDK-ARM\engineering-chassis.uvprojx
Project File Date:  03/29/2022

<h2>Output:</h2>
*** Using Compiler 'V5.06 update 1 (build 61)', folder: 'E:\keil\core\ARM\ARMCC\Bin'
Rebuild target 'engineering-chassis'
assembling startup_stm32f427xx.s...
compiling can.c...
compiling stm32f4xx_hal_flash_ramfunc.c...
compiling usart.c...
compiling stm32f4xx_hal_flash.c...
compiling stm32f4xx_hal_msp.c...
compiling stm32f4xx_hal_flash_ex.c...
compiling stm32f4xx_it.c...
compiling stm32f4xx_hal_gpio.c...
compiling main.c...
compiling stm32f4xx_hal_can.c...
compiling tim.c...
compiling stm32f4xx_hal_rcc.c...
compiling gpio.c...
compiling kinematics.c...
compiling algorithm.c...
compiling stm32f4xx_hal_dma_ex.c...
compiling BSP_Chassis.c...
..\BSP\BSP_Chassis\BSP_Chassis.c(57): warning:  #223-D: function "find_max" declared implicitly
  	max=find_max();
..\BSP\BSP_Chassis\BSP_Chassis.c(78): warning:  #550-D: variable "current_msg" was set but never used
  	uint8_t current_msg[8];
..\BSP\BSP_Chassis\BSP_Chassis.c: 2 warnings, 0 errors
compiling stm32f4xx_hal_rcc_ex.c...
compiling BSP_Can.c...
compiling BSP_Rescue_claw.c...
..\BSP\BSP_Rescue_claw\BSP_Rescue_claw.c(74): warning:  #550-D: variable "current_msg" was set but never used
  	uint8_t current_msg[8];
..\BSP\BSP_Rescue_claw\BSP_Rescue_claw.c: 1 warning, 0 errors
compiling BSP_Rescue_card.c...
..\BSP\BSP_Rescue_card\BSP_Rescue_card.c(58): warning:  #550-D: variable "current_msg" was set but never used
  	uint8_t current_msg[8];
..\BSP\BSP_Rescue_card\BSP_Rescue_card.c: 1 warning, 0 errors
compiling stm32f4xx_hal.c...
compiling stm32f4xx_hal_dma.c...
compiling pid.c...
compiling system_stm32f4xx.c...
compiling TIM6_Cnt_Task.c...
compiling stm32f4xx_hal_cortex.c...
compiling stm32f4xx_hal_pwr.c...
compiling stm32f4xx_hal_pwr_ex.c...
compiling stm32f4xx_hal_uart.c...
compiling stm32f4xx_hal_exti.c...
compiling stm32f4xx_hal_tim_ex.c...
compiling stm32f4xx_hal_tim.c...
linking...
Program Size: Code=7610 RO-data=486 RW-data=20 ZI-data=1988  
FromELF: creating hex file...
"engineering-chassis\engineering-chassis.axf" - 0 Error(s), 4 Warning(s).

<h2>Software Packages used:</h2>

Package Vendor: ARM
                http://www.keil.com/pack/ARM.CMSIS.4.5.0.pack
                ARM.CMSIS.4.5.0
                CMSIS (Cortex Microcontroller Software Interface Standard)
   * Component: CORE Version: 4.3.0

Package Vendor: Keil
                http://www.keil.com/pack/Keil.STM32F4xx_DFP.2.15.0.pack
                Keil.STM32F4xx_DFP.2.15.0
                STMicroelectronics STM32F4 Series Device Support, Drivers and Examples

<h2>Collection of Component include folders:</h2>
  .\RTE\_engineering-chassis
  E:\keil\core\ARM\PACK\ARM\CMSIS\4.5.0\CMSIS\Include
  E:\keil\core\ARM\PACK\Keil\STM32F4xx_DFP\2.15.0\Drivers\CMSIS\Device\ST\STM32F4xx\Include

<h2>Collection of Component Files used:</h2>

   * Component: ARM::CMSIS:CORE:4.3.0
Build Time Elapsed:  00:00:27
</pre>
</body>
</html>
