Component: ARM Compiler 5.06 update 1 (build 61) Tool: armlink [4d35a8]

==============================================================================

Section Cross References

    startup_stm32f427xx.o(STACK) refers (Special) to heapauxi.o(.text) for __use_two_region_memory
    startup_stm32f427xx.o(HEAP) refers (Special) to heapauxi.o(.text) for __use_two_region_memory
    startup_stm32f427xx.o(RESET) refers (Special) to heapauxi.o(.text) for __use_two_region_memory
    startup_stm32f427xx.o(RESET) refers to startup_stm32f427xx.o(STACK) for __initial_sp
    startup_stm32f427xx.o(RESET) refers to startup_stm32f427xx.o(.text) for Reset_Handler
    startup_stm32f427xx.o(RESET) refers to stm32f4xx_it.o(i.NMI_Handler) for NMI_Handler
    startup_stm32f427xx.o(RESET) refers to stm32f4xx_it.o(i.HardFault_Handler) for HardFault_Handler
    startup_stm32f427xx.o(RESET) refers to stm32f4xx_it.o(i.MemManage_Handler) for MemManage_Handler
    startup_stm32f427xx.o(RESET) refers to stm32f4xx_it.o(i.BusFault_Handler) for BusFault_Handler
    startup_stm32f427xx.o(RESET) refers to stm32f4xx_it.o(i.UsageFault_Handler) for UsageFault_Handler
    startup_stm32f427xx.o(RESET) refers to stm32f4xx_it.o(i.SVC_Handler) for SVC_Handler
    startup_stm32f427xx.o(RESET) refers to stm32f4xx_it.o(i.DebugMon_Handler) for DebugMon_Handler
    startup_stm32f427xx.o(RESET) refers to stm32f4xx_it.o(i.PendSV_Handler) for PendSV_Handler
    startup_stm32f427xx.o(RESET) refers to stm32f4xx_it.o(i.SysTick_Handler) for SysTick_Handler
    startup_stm32f427xx.o(RESET) refers to stm32f4xx_it.o(i.DMA1_Stream1_IRQHandler) for DMA1_Stream1_IRQHandler
    startup_stm32f427xx.o(RESET) refers to stm32f4xx_it.o(i.CAN1_RX0_IRQHandler) for CAN1_RX0_IRQHandler
    startup_stm32f427xx.o(RESET) refers to bsp_uart.o(i.USART1_IRQHandler) for USART1_IRQHandler
    startup_stm32f427xx.o(RESET) refers to stm32f4xx_it.o(i.USART2_IRQHandler) for USART2_IRQHandler
    startup_stm32f427xx.o(RESET) refers to remote_control.o(i.USART3_IRQHandler) for USART3_IRQHandler
    startup_stm32f427xx.o(RESET) refers to stm32f4xx_it.o(i.TIM6_DAC_IRQHandler) for TIM6_DAC_IRQHandler
    startup_stm32f427xx.o(RESET) refers to stm32f4xx_it.o(i.DMA2_Stream2_IRQHandler) for DMA2_Stream2_IRQHandler
    startup_stm32f427xx.o(RESET) refers to stm32f4xx_it.o(i.CAN2_RX0_IRQHandler) for CAN2_RX0_IRQHandler
    startup_stm32f427xx.o(RESET) refers to stm32f4xx_it.o(i.DMA2_Stream7_IRQHandler) for DMA2_Stream7_IRQHandler
    startup_stm32f427xx.o(.text) refers (Special) to heapauxi.o(.text) for __use_two_region_memory
    startup_stm32f427xx.o(.text) refers to system_stm32f4xx.o(i.SystemInit) for SystemInit
    startup_stm32f427xx.o(.text) refers to __main.o(!!!main) for __main
    startup_stm32f427xx.o(.text) refers to startup_stm32f427xx.o(HEAP) for Heap_Mem
    startup_stm32f427xx.o(.text) refers to startup_stm32f427xx.o(STACK) for Stack_Mem
    main.o(i.SystemClock_Config) refers to rt_memclr_w.o(.text) for __aeabi_memclr4
    main.o(i.SystemClock_Config) refers to stm32f4xx_hal_rcc.o(i.HAL_RCC_OscConfig) for HAL_RCC_OscConfig
    main.o(i.SystemClock_Config) refers to stm32f4xx_hal_pwr_ex.o(i.HAL_PWREx_EnableOverDrive) for HAL_PWREx_EnableOverDrive
    main.o(i.SystemClock_Config) refers to stm32f4xx_hal_rcc.o(i.HAL_RCC_ClockConfig) for HAL_RCC_ClockConfig
    main.o(i.main) refers to stm32f4xx_hal.o(i.HAL_Init) for HAL_Init
    main.o(i.main) refers to main.o(i.SystemClock_Config) for SystemClock_Config
    main.o(i.main) refers to gpio.o(i.MX_GPIO_Init) for MX_GPIO_Init
    main.o(i.main) refers to can.o(i.MX_CAN1_Init) for MX_CAN1_Init
    main.o(i.main) refers to can.o(i.MX_CAN2_Init) for MX_CAN2_Init
    main.o(i.main) refers to dma.o(i.MX_DMA_Init) for MX_DMA_Init
    main.o(i.main) refers to usart.o(i.MX_USART3_UART_Init) for MX_USART3_UART_Init
    main.o(i.main) refers to tim.o(i.MX_TIM6_Init) for MX_TIM6_Init
    main.o(i.main) refers to usart.o(i.MX_USART1_UART_Init) for MX_USART1_UART_Init
    main.o(i.main) refers to usart.o(i.MX_USART2_UART_Init) for MX_USART2_UART_Init
    main.o(i.main) refers to bsp_handle.o(i.Handle_Init) for Handle_Init
    main.o(i.main) refers to bsp_flip.o(i.Flip_Init) for Flip_Init
    main.o(i.main) refers to bsp_mineral.o(i.Mineral_Init) for Mineral_Init
    main.o(i.main) refers to bsp_chassis.o(i.Chassis_Init) for Chassis_Init
    main.o(i.main) refers to bsp_can.o(i.Bsp_CanInit) for Bsp_CanInit
    gpio.o(i.MX_GPIO_Init) refers to rt_memclr_w.o(.text) for __aeabi_memclr4
    gpio.o(i.MX_GPIO_Init) refers to stm32f4xx_hal_gpio.o(i.HAL_GPIO_Init) for HAL_GPIO_Init
    can.o(i.HAL_CAN_MspDeInit) refers to stm32f4xx_hal_gpio.o(i.HAL_GPIO_DeInit) for HAL_GPIO_DeInit
    can.o(i.HAL_CAN_MspDeInit) refers to stm32f4xx_hal_cortex.o(i.HAL_NVIC_DisableIRQ) for HAL_NVIC_DisableIRQ
    can.o(i.HAL_CAN_MspDeInit) refers to can.o(.data) for .data
    can.o(i.HAL_CAN_MspInit) refers to rt_memclr_w.o(.text) for __aeabi_memclr4
[...]
    .ARM.Collect$$rtentry$$00000009          0x08000232   Section        0  __rtentry2.o(.ARM.Collect$$rtentry$$00000009)
    .ARM.Collect$$rtentry$$0000000A          0x08000232   Section        4  __rtentry2.o(.ARM.Collect$$rtentry$$0000000A)
    .ARM.Collect$$rtentry$$0000000C          0x08000236   Section        0  __rtentry2.o(.ARM.Collect$$rtentry$$0000000C)
    .ARM.Collect$$rtentry$$0000000D          0x08000236   Section        8  __rtentry2.o(.ARM.Collect$$rtentry$$0000000D)
    .ARM.Collect$$rtexit$$00000000           0x0800023e   Section        2  rtexit.o(.ARM.Collect$$rtexit$$00000000)
    .ARM.Collect$$rtexit$$00000002           0x08000240   Section        0  rtexit2.o(.ARM.Collect$$rtexit$$00000002)
    .ARM.Collect$$rtexit$$00000003           0x08000240   Section        4  rtexit2.o(.ARM.Collect$$rtexit$$00000003)
    .ARM.Collect$$rtexit$$00000004           0x08000244   Section        6  rtexit2.o(.ARM.Collect$$rtexit$$00000004)
    .text                                    0x0800024c   Section       64  startup_stm32f427xx.o(.text)
    $v0                                      0x0800024c   Number         0  startup_stm32f427xx.o(.text)
    .text                                    0x0800028c   Section      238  lludivv7m.o(.text)
    .text                                    0x0800037a   Section       78  rt_memclr_w.o(.text)
    .text                                    0x080003c8   Section        0  heapauxi.o(.text)
    .text                                    0x080003ce   Section       74  sys_stackheap_outer.o(.text)
    .text                                    0x08000418   Section        0  exit.o(.text)
    .text                                    0x0800042c   Section        8  libspace.o(.text)
    .text                                    0x08000434   Section        0  sys_exit.o(.text)
    .text                                    0x08000440   Section        2  use_no_semi.o(.text)
    .text                                    0x08000442   Section        0  indicate_semi.o(.text)
    i.Bsp_CanInit                            0x08000444   Section        0  bsp_can.o(i.Bsp_CanInit)
    i.BusFault_Handler                       0x080004a0   Section        0  stm32f4xx_it.o(i.BusFault_Handler)
    i.CAN1_RX0_IRQHandler                    0x080004a4   Section        0  stm32f4xx_it.o(i.CAN1_RX0_IRQHandler)
    i.CAN1_Send_Flip_Msg                     0x080004b0   Section        0  bsp_can.o(i.CAN1_Send_Flip_Msg)
    i.CAN1_Send_Handle_Msg                   0x080004e8   Section        0  bsp_can.o(i.CAN1_Send_Handle_Msg)
    i.CAN1_Send_Mineral_Msg                  0x0800052c   Section        0  bsp_can.o(i.CAN1_Send_Mineral_Msg)
    i.CAN2_RX0_IRQHandler                    0x08000564   Section        0  stm32f4xx_it.o(i.CAN2_RX0_IRQHandler)
    i.Chassis_Init                           0x08000570   Section        0  bsp_chassis.o(i.Chassis_Init)
    i.DMA1_Stream1_IRQHandler                0x080005fc   Section        0  stm32f4xx_it.o(i.DMA1_Stream1_IRQHandler)
    i.DMA2_Stream2_IRQHandler                0x08000608   Section        0  stm32f4xx_it.o(i.DMA2_Stream2_IRQHandler)
    i.DMA2_Stream7_IRQHandler                0x08000614   Section        0  stm32f4xx_it.o(i.DMA2_Stream7_IRQHandler)
    i.DMA_CalcBaseAndBitshift                0x08000620   Section        0  stm32f4xx_hal_dma.o(i.DMA_CalcBaseAndBitshift)
    DMA_CalcBaseAndBitshift                  0x08000621   Thumb Code    34  stm32f4xx_hal_dma.o(i.DMA_CalcBaseAndBitshift)
    i.DMA_CheckFifoParam                     0x08000648   Section        0  stm32f4xx_hal_dma.o(i.DMA_CheckFifoParam)
    DMA_CheckFifoParam                       0x08000649   Thumb Code    84  stm32f4xx_hal_dma.o(i.DMA_CheckFifoParam)
    i.DMA_SetConfig                          0x0800069c   Section        0  stm32f4xx_hal_dma.o(i.DMA_SetConfig)
    DMA_SetConfig                            0x0800069d   Thumb Code    40  stm32f4xx_hal_dma.o(i.DMA_SetConfig)
    i.DebugMon_Handler                       0x080006c4   Section        0  stm32f4xx_it.o(i.DebugMon_Handler)
    i.Error_Handler                          0x080006c6   Section        0  main.o(i.Error_Handler)
    i.Flip_Init                              0x080006cc   Section        0  bsp_flip.o(i.Flip_Init)
    i.Flip_Task                              0x08000710   Section        0  bsp_flip.o(i.Flip_Task)
    i.HAL_CAN_ActivateNotification           0x08000740   Section        0  stm32f4xx_hal_can.o(i.HAL_CAN_ActivateNotification)
    i.HAL_CAN_AddTxMessage                   0x08000764   Section        0  stm32f4xx_hal_can.o(i.HAL_CAN_AddTxMessage)
    i.HAL_CAN_ConfigFilter                   0x0800082c   Section        0  stm32f4xx_hal_can.o(i.HAL_CAN_ConfigFilter)
    i.HAL_CAN_ErrorCallback                  0x08000938   Section        0  stm32f4xx_hal_can.o(i.HAL_CAN_ErrorCallback)
    i.HAL_CAN_GetRxMessage                   0x0800093a   Section        0  stm32f4xx_hal_can.o(i.HAL_CAN_GetRxMessage)
    i.HAL_CAN_IRQHandler                     0x08000a22   Section        0  stm32f4xx_hal_can.o(i.HAL_CAN_IRQHandler)
    i.HAL_CAN_Init                           0x08000c1e   Section        0  stm32f4xx_hal_can.o(i.HAL_CAN_Init)
    i.HAL_CAN_MspInit                        0x08000d38   Section        0  can.o(i.HAL_CAN_MspInit)
    i.HAL_CAN_RxFifo0FullCallback            0x08000e34   Section        0  stm32f4xx_hal_can.o(i.HAL_CAN_RxFifo0FullCallback)
    i.HAL_CAN_RxFifo0MsgPendingCallback      0x08000e38   Section        0  bsp_can.o(i.HAL_CAN_RxFifo0MsgPendingCallback)
    i.HAL_CAN_RxFifo1FullCallback            0x08000ec0   Section        0  stm32f4xx_hal_can.o(i.HAL_CAN_RxFifo1FullCallback)
    i.HAL_CAN_RxFifo1MsgPendingCallback      0x08000ec2   Section        0  stm32f4xx_hal_can.o(i.HAL_CAN_RxFifo1MsgPendingCallback)
    i.HAL_CAN_SleepCallback                  0x08000ec4   Section        0  stm32f4xx_hal_can.o(i.HAL_CAN_SleepCallback)
    i.HAL_CAN_Start                          0x08000ec8   Section        0  stm32f4xx_hal_can.o(i.HAL_CAN_Start)
    i.HAL_CAN_TxMailbox0AbortCallback        0x08000f20   Section        0  stm32f4xx_hal_can.o(i.HAL_CAN_TxMailbox0AbortCallback)
    i.HAL_CAN_TxMailbox0CompleteCallback     0x08000f22   Section        0  stm32f4xx_hal_can.o(i.HAL_CAN_TxMailbox0CompleteCallback)
    i.HAL_CAN_TxMailbox1AbortCallback        0x08000f24   Section        0  stm32f4xx_hal_can.o(i.HAL_CAN_TxMailbox1AbortCallback)
    i.HAL_CAN_TxMailbox1CompleteCallback     0x08000f26   Section        0  stm32f4xx_hal_can.o(i.HAL_CAN_TxMailbox1CompleteCallback)
    i.HAL_CAN_TxMailbox2AbortCallback        0x08000f28   Section        0  stm32f4xx_hal_can.o(i.HAL_CAN_TxMailbox2AbortCallback)
    i.HAL_CAN_TxMailbox2CompleteCallback     0x08000f2a   Section        0  stm32f4xx_hal_can.o(i.HAL_CAN_TxMailbox2CompleteCallback)
    i.HAL_CAN_WakeUpFromRxMsgCallback        0x08000f2c   Section        0  stm32f4xx_hal_can.o(i.HAL_CAN_WakeUpFromRxMsgCallback)
    i.HAL_DMA_Abort                          0x08000f2e   Section        0  stm32f4xx_hal_dma.o(i.HAL_DMA_Abort)
    i.HAL_DMA_Abort_IT                       0x08000fc0   Section        0  stm32f4xx_hal_dma.o(i.HAL_DMA_Abort_IT)
    i.HAL_DMA_IRQHandler                     0x08000fe4   Section        0  stm32f4xx_hal_dma.o(i.HAL_DMA_IRQHandler)
    i.HAL_DMA_Init                           0x08001184   Section        0  stm32f4xx_hal_dma.o(i.HAL_DMA_Init)
    i.HAL_DMA_Start_IT                       0x08001258   Section        0  stm32f4xx_hal_dma.o(i.HAL_DMA_Start_IT)
    i.HAL_GPIO_Init                          0x080012c8   Section        0  stm32f4xx_hal_gpio.o(i.HAL_GPIO_Init)
    i.HAL_GetTick                            0x080014fc   Section        0  stm32f4xx_hal.o(i.HAL_GetTick)
    i.HAL_IncTick                            0x08001508   Section        0  stm32f4xx_hal.o(i.HAL_IncTick)
    i.HAL_Init                               0x08001518   Section        0  stm32f4xx_hal.o(i.HAL_Init)
    i.HAL_InitTick                           0x0800154c   Section        0  stm32f4xx_hal.o(i.HAL_InitTick)
    i.HAL_MspInit                            0x0800158c   Section        0  stm32f4xx_hal_msp.o(i.HAL_MspInit)
    i.HAL_NVIC_EnableIRQ                     0x080015bc   Section        0  stm32f4xx_hal_cortex.o(i.HAL_NVIC_EnableIRQ)
    i.HAL_NVIC_SetPriority                   0x080015d8   Section        0  stm32f4xx_hal_cortex.o(i.HAL_NVIC_SetPriority)
    i.HAL_NVIC_SetPriorityGrouping           0x08001618   Section        0  stm32f4xx_hal_cortex.o(i.HAL_NVIC_SetPriorityGrouping)
    i.HAL_PWREx_EnableOverDrive              0x0800163c   Section        0  stm32f4xx_hal_pwr_ex.o(i.HAL_PWREx_EnableOverDrive)
    i.HAL_RCC_ClockConfig                    0x080016ac   Section        0  stm32f4xx_hal_rcc.o(i.HAL_RCC_ClockConfig)
    i.HAL_RCC_GetPCLK1Freq                   0x080017e0   Section        0  stm32f4xx_hal_rcc.o(i.HAL_RCC_GetPCLK1Freq)
    i.HAL_RCC_GetPCLK2Freq                   0x08001800   Section        0  stm32f4xx_hal_rcc.o(i.HAL_RCC_GetPCLK2Freq)
    i.HAL_RCC_GetSysClockFreq                0x08001820   Section        0  stm32f4xx_hal_rcc.o(i.HAL_RCC_GetSysClockFreq)
    i.HAL_RCC_OscConfig                      0x08001884   Section        0  stm32f4xx_hal_rcc.o(i.HAL_RCC_OscConfig)
    i.HAL_SYSTICK_Config                     0x08001bf0   Section        0  stm32f4xx_hal_cortex.o(i.HAL_SYSTICK_Config)
    i.HAL_TIMEx_BreakCallback                0x08001c18   Section        0  stm32f4xx_hal_tim_ex.o(i.HAL_TIMEx_BreakCallback)
    i.HAL_TIMEx_CommutCallback               0x08001c1a   Section        0  stm32f4xx_hal_tim_ex.o(i.HAL_TIMEx_CommutCallback)
    i.HAL_TIMEx_MasterConfigSynchronization  0x08001c1c   Section        0  stm32f4xx_hal_tim_ex.o(i.HAL_TIMEx_MasterConfigSynchronization)
    i.HAL_TIM_Base_Init                      0x08001cac   Section        0  stm32f4xx_hal_tim.o(i.HAL_TIM_Base_Init)
    i.HAL_TIM_Base_MspInit                   0x08001d08   Section        0  tim.o(i.HAL_TIM_Base_MspInit)
    i.HAL_TIM_IC_CaptureCallback             0x08001d44   Section        0  stm32f4xx_hal_tim.o(i.HAL_TIM_IC_CaptureCallback)
    i.HAL_TIM_IRQHandler                     0x08001d46   Section        0  stm32f4xx_hal_tim.o(i.HAL_TIM_IRQHandler)
    i.HAL_TIM_OC_DelayElapsedCallback        0x08001eac   Section        0  stm32f4xx_hal_tim.o(i.HAL_TIM_OC_DelayElapsedCallback)
    i.HAL_TIM_PWM_PulseFinishedCallback      0x08001eae   Section        0  stm32f4xx_hal_tim.o(i.HAL_TIM_PWM_PulseFinishedCallback)
    i.HAL_TIM_PeriodElapsedCallback          0x08001eb0   Section        0  stm32f4xx_hal_tim.o(i.HAL_TIM_PeriodElapsedCallback)
    i.HAL_TIM_TriggerCallback                0x08001eb2   Section        0  stm32f4xx_hal_tim.o(i.HAL_TIM_TriggerCallback)
    i.HAL_UARTEx_RxEventCallback             0x08001eb4   Section        0  stm32f4xx_hal_uart.o(i.HAL_UARTEx_RxEventCallback)
    i.HAL_UART_DMAStop                       0x08001eb6   Section        0  stm32f4xx_hal_uart.o(i.HAL_UART_DMAStop)
    i.HAL_UART_ErrorCallback                 0x08001f26   Section        0  stm32f4xx_hal_uart.o(i.HAL_UART_ErrorCallback)
    i.HAL_UART_IRQHandler                    0x08001f28   Section        0  stm32f4xx_hal_uart.o(i.HAL_UART_IRQHandler)
    i.HAL_UART_IdleCpltCallback              0x08002190   Section        0  bsp_uart.o(i.HAL_UART_IdleCpltCallback)
    i.HAL_UART_Init                          0x080021b8   Section        0  stm32f4xx_hal_uart.o(i.HAL_UART_Init)
    i.HAL_UART_MspInit                       0x0800221c   Section        0  usart.o(i.HAL_UART_MspInit)
    i.HAL_UART_Receive_DMA                   0x080023dc   Section        0  stm32f4xx_hal_uart.o(i.HAL_UART_Receive_DMA)
    i.HAL_UART_RxCpltCallback                0x08002406   Section        0  stm32f4xx_hal_uart.o(i.HAL_UART_RxCpltCallback)
    i.HAL_UART_RxHalfCpltCallback            0x08002408   Section        0  stm32f4xx_hal_uart.o(i.HAL_UART_RxHalfCpltCallback)
    i.HAL_UART_TxCpltCallback                0x0800240a   Section        0  stm32f4xx_hal_uart.o(i.HAL_UART_TxCpltCallback)
    i.Handle_Init                            0x0800240c   Section        0  bsp_handle.o(i.Handle_Init)
    i.Handle_Task                            0x08002434   Section        0  bsp_handle.o(i.Handle_Task)
    i.HardFault_Handler                      0x08002480   Section        0  stm32f4xx_it.o(i.HardFault_Handler)
    i.MX_CAN1_Init                           0x08002484   Section        0  can.o(i.MX_CAN1_Init)
    i.MX_CAN2_Init                           0x080024c8   Section        0  can.o(i.MX_CAN2_Init)
    i.MX_DMA_Init                            0x0800250c   Section        0  dma.o(i.MX_DMA_Init)
    i.MX_GPIO_Init                           0x08002568   Section        0  gpio.o(i.MX_GPIO_Init)
    i.MX_TIM6_Init                           0x080025ec   Section        0  tim.o(i.MX_TIM6_Init)
    i.MX_USART1_UART_Init                    0x08002630   Section        0  usart.o(i.MX_USART1_UART_Init)
    i.MX_USART2_UART_Init                    0x08002668   Section        0  usart.o(i.MX_USART2_UART_Init)
    i.MX_USART3_UART_Init                    0x080026a4   Section        0  usart.o(i.MX_USART3_UART_Init)
    i.MemManage_Handler                      0x080026e0   Section        0  stm32f4xx_it.o(i.MemManage_Handler)
    i.Mineral_Init                           0x080026e4   Section        0  bsp_mineral.o(i.Mineral_Init)
    i.Mineral_Task_Longitudinal              0x08002768   Section        0  bsp_mineral.o(i.Mineral_Task_Longitudinal)
    i.Mineral_Task_Widthwise                 0x080027e0   Section        0  bsp_mineral.o(i.Mineral_Task_Widthwise)
    i.NMI_Handler                            0x08002854   Section        0  stm32f4xx_it.o(i.NMI_Handler)
    i.PendSV_Handler                         0x08002856   Section        0  stm32f4xx_it.o(i.PendSV_Handler)
    i.RC_abs                                 0x08002858   Section        0  remote_control.o(i.RC_abs)
    RC_abs                                   0x08002859   Thumb Code    10  remote_control.o(i.RC_abs)
    i.RC_data_is_error                       0x08002864   Section        0  remote_control.o(i.RC_data_is_error)
    i.RC_restart                             0x080028d0   Section        0  remote_control.o(i.RC_restart)
    i.Record_Motor_Callback                  0x08002950   Section        0  bsp_can.o(i.Record_Motor_Callback)
    i.SVC_Handler                            0x080029b0   Section        0  stm32f4xx_it.o(i.SVC_Handler)
    i.Set_Flip_Current                       0x080029b4   Section        0  bsp_flip.o(i.Set_Flip_Current)
    i.Set_Flip_Speed                         0x080029e4   Section        0  bsp_flip.o(i.Set_Flip_Speed)
    i.Set_Handle_Current                     0x08002a04   Section        0  bsp_handle.o(i.Set_Handle_Current)
    i.Set_Mineral_B_Speed                    0x08002a24   Section        0  bsp_mineral.o(i.Set_Mineral_B_Speed)
    i.Set_Mineral_Current                    0x08002a34   Section        0  bsp_mineral.o(i.Set_Mineral_Current)
    i.Set_Mineral_F_Speed                    0x08002a8c   Section        0  bsp_mineral.o(i.Set_Mineral_F_Speed)
    i.Set_Mineral_L_Speed                    0x08002a9c   Section        0  bsp_mineral.o(i.Set_Mineral_L_Speed)
    i.Set_Mineral_R_Speed                    0x08002aac   Section        0  bsp_mineral.o(i.Set_Mineral_R_Speed)
    i.SysTick_Handler                        0x08002abc   Section        0  stm32f4xx_it.o(i.SysTick_Handler)
    i.SystemClock_Config                     0x08002ae0   Section        0  main.o(i.SystemClock_Config)
    i.SystemInit                             0x08002b80   Section        0  system_stm32f4xx.o(i.SystemInit)
    i.TIM6_DAC_IRQHandler                    0x08002b90   Section        0  stm32f4xx_it.o(i.TIM6_DAC_IRQHandler)
    i.TIM_Base_SetConfig                     0x08002b9c   Section        0  stm32f4xx_hal_tim.o(i.TIM_Base_SetConfig)
    i.UART_DMAAbortOnError                   0x08002c64   Section        0  stm32f4xx_hal_uart.o(i.UART_DMAAbortOnError)
    UART_DMAAbortOnError                     0x08002c65   Thumb Code    16  stm32f4xx_hal_uart.o(i.UART_DMAAbortOnError)
    i.UART_DMAError                          0x08002c74   Section        0  stm32f4xx_hal_uart.o(i.UART_DMAError)
    UART_DMAError                            0x08002c75   Thumb Code    74  stm32f4xx_hal_uart.o(i.UART_DMAError)
    i.UART_DMAReceiveCplt                    0x08002cbe   Section        0  stm32f4xx_hal_uart.o(i.UART_DMAReceiveCplt)
    UART_DMAReceiveCplt                      0x08002cbf   Thumb Code   130  stm32f4xx_hal_uart.o(i.UART_DMAReceiveCplt)
    i.UART_DMARxHalfCplt                     0x08002d40   Section        0  stm32f4xx_hal_uart.o(i.UART_DMARxHalfCplt)
    UART_DMARxHalfCplt                       0x08002d41   Thumb Code    26  stm32f4xx_hal_uart.o(i.UART_DMARxHalfCplt)
    i.UART_EndRxTransfer                     0x08002d5a   Section        0  stm32f4xx_hal_uart.o(i.UART_EndRxTransfer)
    UART_EndRxTransfer                       0x08002d5b   Thumb Code    78  stm32f4xx_hal_uart.o(i.UART_EndRxTransfer)
    i.UART_EndTxTransfer                     0x08002da8   Section        0  stm32f4xx_hal_uart.o(i.UART_EndTxTransfer)
    UART_EndTxTransfer                       0x08002da9   Thumb Code    28  stm32f4xx_hal_uart.o(i.UART_EndTxTransfer)
    i.UART_Receive_IT                        0x08002dc4   Section        0  stm32f4xx_hal_uart.o(i.UART_Receive_IT)
    UART_Receive_IT                          0x08002dc5   Thumb Code   192  stm32f4xx_hal_uart.o(i.UART_Receive_IT)
    i.UART_SetConfig                         0x08002e84   Section        0  stm32f4xx_hal_uart.o(i.UART_SetConfig)
    UART_SetConfig                           0x08002e85   Thumb Code   258  stm32f4xx_hal_uart.o(i.UART_SetConfig)
    i.UART_Start_Receive_DMA                 0x08002f90   Section        0  stm32f4xx_hal_uart.o(i.UART_Start_Receive_DMA)
    i.USART1_IRQHandler                      0x08003020   Section        0  bsp_uart.o(i.USART1_IRQHandler)
    i.USART2_IRQHandler                      0x08003054   Section        0  stm32f4xx_it.o(i.USART2_IRQHandler)
    i.USART3_IRQHandler                      0x08003060   Section        0  remote_control.o(i.USART3_IRQHandler)
    i.UsageFault_Handler                     0x08003124   Section        0  stm32f4xx_it.o(i.UsageFault_Handler)
    i.Vpid_Handle_Realize                    0x08003128   Section        0  bsp_handle.o(i.Vpid_Handle_Realize)
    i.Vpid_Mineral_Longitudinal_Realize      0x08003134   Section        0  bsp_mineral.o(i.Vpid_Mineral_Longitudinal_Realize)
    i.Vpid_Mineral_Widthwise_Realize         0x0800316c   Section        0  bsp_mineral.o(i.Vpid_Mineral_Widthwise_Realize)
    i.Vpid_Realize                           0x080031a4   Section        0  pid.o(i.Vpid_Realize)
    i.__NVIC_SetPriority                     0x0800323c   Section        0  stm32f4xx_hal_cortex.o(i.__NVIC_SetPriority)
    __NVIC_SetPriority                       0x0800323d   Thumb Code    32  stm32f4xx_hal_cortex.o(i.__NVIC_SetPriority)
    i.main                                   0x0800325c   Section        0  main.o(i.main)
    i.sbus_to_rc                             0x0800329a   Section        0  remote_control.o(i.sbus_to_rc)
    sbus_to_rc                               0x0800329b   Thumb Code   180  remote_control.o(i.sbus_to_rc)
    x$fpl$fpinit                             0x0800334e   Section       10  fpinit.o(x$fpl$fpinit)
    $v0                                      0x0800334e   Number         0  fpinit.o(x$fpl$fpinit)
    .constdata                               0x08003358   Section        8  stm32f4xx_hal_dma.o(.constdata)
    flagBitshiftOffset                       0x08003358   Data           8  stm32f4xx_hal_dma.o(.constdata)
    .constdata                               0x08003360   Section       16  system_stm32f4xx.o(.constdata)
    .constdata                               0x08003370   Section        8  system_stm32f4xx.o(.constdata)
    .data                                    0x20000000   Section        4  can.o(.data)
    HAL_RCC_CAN1_CLK_ENABLED                 0x20000000   Data           4  can.o(.data)
    .data                                    0x20000004   Section        2  remote_control.o(.data)
    this_time_rx_len                         0x20000004   Data           2  remote_control.o(.data)
    .data                                    0x20000008   Section       16  bsp_handle.o(.data)
    .data                                    0x20000018   Section       16  bsp_flip.o(.data)
    .data                                    0x20000028   Section       20  bsp_mineral.o(.data)
    .data                                    0x2000003c   Section       12  bsp_uart.o(.data)
    .data                                    0x20000048   Section       20  bsp_chassis.o(.data)
    .data                                    0x2000005c   Section       12  bsp_can.o(.data)
    .data                                    0x20000068   Section       12  stm32f4xx_hal.o(.data)
    .data                                    0x20000074   Section        4  system_stm32f4xx.o(.data)
    .bss                                     0x20000078   Section       80  can.o(.bss)
    .bss                                     0x200000c8   Section       72  tim.o(.bss)
    .bss                                     0x20000110   Section      492  usart.o(.bss)
    .bss                                     0x200002fc   Section       94  remote_control.o(.bss)
    sbus_rx_buf                              0x20000312   Data          72  remote_control.o(.bss)
    .bss                                     0x2000035c   Section      144  bsp_handle.o(.bss)
    .bss                                     0x200003ec   Section      288  bsp_flip.o(.bss)
    .bss                                     0x2000050c   Section      576  bsp_mineral.o(.bss)
    .bss                                     0x2000074c   Section       59  bsp_uart.o(.bss)
    .bss                                     0x20000788   Section      640  bsp_chassis.o(.bss)
    .bss                                     0x20000a08   Section       28  bsp_can.o(.bss)
    .bss                                     0x20000a24   Section       96  libspace.o(.bss)
    HEAP                                     0x20000a88   Section      512  startup_stm32f427xx.o(HEAP)
    Heap_Mem                                 0x20000a88   Data         512  startup_stm32f427xx.o(HEAP)
    STACK                                    0x20000c88   Section     1024  startup_stm32f427xx.o(STACK)
    Stack_Mem                                0x20000c88   Data        1024  startup_stm32f427xx.o(STACK)
    __initial_sp                             0x20001088   Data           0  startup_stm32f427xx.o(STACK)

    Global Symbols

    Symbol Name                              Value     Ov Type        Size  Object(Section)

    BuildAttributes$$THM_ISAv4$E$P$D$K$B$S$7EM$VFPi3$EXTD16$VFPS$VFMA$PE$A:L22UL41UL21$X:L11$S22US41US21$IEEE1$IW$USESV6$~STKCKD$USESV7$~SHL$OSPACE$ROPI$EBA8$UX$STANDARDLIB$REQ8$PRES8$EABIv2 0x00000000   Number         0  anon$$obj.o ABSOLUTE
    __ARM_use_no_argv                        0x00000000   Number         0  main.o ABSOLUTE
    __ARM_exceptions_init                     - Undefined Weak Reference
    __alloca_initialize                       - Undefined Weak Reference
    __arm_preinit_                            - Undefined Weak Reference
    __cpp_initialize__aeabi_                  - Undefined Weak Reference
    __cxa_finalize                            - Undefined Weak Reference
    __rt_locale                               - Undefined Weak Reference
    __sigvec_lookup                           - Undefined Weak Reference
    _atexit_init                              - Undefined Weak Reference
    _call_atexit_fns                          - Undefined Weak Reference
    _clock_init                               - Undefined Weak Reference
    _fp_trap_init                             - Undefined Weak Reference
    _fp_trap_shutdown                         - Undefined Weak Reference
    _get_lc_collate                           - Undefined Weak Reference
    _get_lc_ctype                             - Undefined Weak Reference
    _get_lc_monetary                          - Undefined Weak Reference
    _get_lc_numeric                           - Undefined Weak Reference
    _get_lc_time                              - Undefined Weak Reference
    _getenv_init                              - Undefined Weak Reference
    _handle_redirection                       - Undefined Weak Reference
    _init_alloc                               - Undefined Weak Reference
    _init_user_alloc                          - Undefined Weak Reference
    _initio                                   - Undefined Weak Reference
    _rand_init                                - Undefined Weak Reference
    _signal_finish                            - Undefined Weak Reference
    _signal_init                              - Undefined Weak Reference
    _terminate_alloc                          - Undefined Weak Reference
    _terminate_user_alloc                     - Undefined Weak Reference
    _terminateio                              - Undefined Weak Reference
    __Vectors_Size                           0x000001ac   Number         0  startup_stm32f427xx.o ABSOLUTE
    __Vectors                                0x08000000   Data           4  startup_stm32f427xx.o(RESET)
    __Vectors_End                            0x080001ac   Data           0  startup_stm32f427xx.o(RESET)
    __main                                   0x080001ad   Thumb Code     8  __main.o(!!!main)
    __scatterload                            0x080001b5   Thumb Code     0  __scatter.o(!!!scatter)
    __scatterload_rt2                        0x080001b5   Thumb Code    44  __scatter.o(!!!scatter)
    __scatterload_rt2_thumb_only             0x080001b5   Thumb Code     0  __scatter.o(!!!scatter)
    __scatterload_null                       0x080001c3   Thumb Code     0  __scatter.o(!!!scatter)
    __scatterload_copy                       0x080001e9   Thumb Code    26  __scatter_copy.o(!!handler_copy)
    __scatterload_zeroinit                   0x08000205   Thumb Code    28  __scatter_zi.o(!!handler_zi)
    __rt_lib_init                            0x08000221   Thumb Code     0  libinit.o(.ARM.Collect$$libinit$$00000000)
    __rt_lib_init_fp_1                       0x08000223   Thumb Code     0  libinit2.o(.ARM.Collect$$libinit$$00000001)
    __rt_lib_init_alloca_1                   0x08000227   Thumb Code     0  libinit2.o(.ARM.Collect$$libinit$$0000002E)
    __rt_lib_init_argv_1                     0x08000227   Thumb Code     0  libinit2.o(.ARM.Collect$$libinit$$0000002C)
    __rt_lib_init_atexit_1                   0x08000227   Thumb Code     0  libinit2.o(.ARM.Collect$$libinit$$0000001B)
    __rt_lib_init_clock_1                    0x08000227   Thumb Code     0  libinit2.o(.ARM.Collect$$libinit$$00000021)
    __rt_lib_init_cpp_1                      0x08000227   Thumb Code     0  libinit2.o(.ARM.Collect$$libinit$$00000032)
    __rt_lib_init_exceptions_1               0x08000227   Thumb Code     0  libinit2.o(.ARM.Collect$$libinit$$00000030)
    __rt_lib_init_fp_trap_1                  0x08000227   Thumb Code     0  libinit2.o(.ARM.Collect$$libinit$$0000001F)
    __rt_lib_init_getenv_1                   0x08000227   Thumb Code     0  libinit2.o(.ARM.Collect$$libinit$$00000023)
    __rt_lib_init_heap_1                     0x08000227   Thumb Code     0  libinit2.o(.ARM.Collect$$libinit$$0000000A)
    __rt_lib_init_lc_collate_1               0x08000227   Thumb Code     0  libinit2.o(.ARM.Collect$$libinit$$00000011)
    __rt_lib_init_lc_ctype_1                 0x08000227   Thumb Code     0  libinit2.o(.ARM.Collect$$libinit$$00000013)
    __rt_lib_init_lc_monetary_1              0x08000227   Thumb Code     0  libinit2.o(.ARM.Collect$$libinit$$00000015)
    __rt_lib_init_lc_numeric_1               0x08000227   Thumb Code     0  libinit2.o(.ARM.Collect$$libinit$$00000017)
    __rt_lib_init_lc_time_1                  0x08000227   Thumb Code     0  libinit2.o(.ARM.Collect$$libinit$$00000019)
    __rt_lib_init_preinit_1                  0x08000227   Thumb Code     0  libinit2.o(.ARM.Collect$$libinit$$00000004)
    __rt_lib_init_rand_1                     0x08000227   Thumb Code     0  libinit2.o(.ARM.Collect$$libinit$$0000000E)
    __rt_lib_init_return                     0x08000227   Thumb Code     0  libinit2.o(.ARM.Collect$$libinit$$00000033)
    __rt_lib_init_signal_1                   0x08000227   Thumb Code     0  libinit2.o(.ARM.Collect$$libinit$$0000001D)
    __rt_lib_init_stdio_1                    0x08000227   Thumb Code     0  libinit2.o(.ARM.Collect$$libinit$$00000025)
    __rt_lib_init_user_alloc_1               0x08000227   Thumb Code     0  libinit2.o(.ARM.Collect$$libinit$$0000000C)
    __rt_lib_shutdown                        0x08000229   Thumb Code     0  libshutdown.o(.ARM.Collect$$libshutdown$$00000000)
    __rt_lib_shutdown_cpp_1                  0x0800022b   Thumb Code     0  libshutdown2.o(.ARM.Collect$$libshutdown$$00000002)
    __rt_lib_shutdown_fp_trap_1              0x0800022b   Thumb Code     0  libshutdown2.o(.ARM.Collect$$libshutdown$$00000007)
    __rt_lib_shutdown_heap_1                 0x0800022b   Thumb Code     0  libshutdown2.o(.ARM.Collect$$libshutdown$$0000000F)
    __rt_lib_shutdown_return                 0x0800022b   Thumb Code     0  libshutdown2.o(.ARM.Collect$$libshutdown$$00000010)
    __rt_lib_shutdown_signal_1               0x0800022b   Thumb Code     0  libshutdown2.o(.ARM.Collect$$libshutdown$$0000000A)
    __rt_lib_shutdown_stdio_1                0x0800022b   Thumb Code     0  libshutdown2.o(.ARM.Collect$$libshutdown$$00000004)
    __rt_lib_shutdown_user_alloc_1           0x0800022b   Thumb Code     0  libshutdown2.o(.ARM.Collect$$libshutdown$$0000000C)
    __rt_entry                               0x0800022d   Thumb Code     0  __rtentry.o(.ARM.Collect$$rtentry$$00000000)
    __rt_entry_presh_1                       0x0800022d   Thumb Code     0  __rtentry2.o(.ARM.Collect$$rtentry$$00000002)
    __rt_entry_sh                            0x0800022d   Thumb Code     0  __rtentry4.o(.ARM.Collect$$rtentry$$00000004)
    __rt_entry_li                            0x08000233   Thumb Code     0  __rtentry2.o(.ARM.Collect$$rtentry$$0000000A)
    __rt_entry_postsh_1                      0x08000233   Thumb Code     0  __rtentry2.o(.ARM.Collect$$rtentry$$00000009)
    __rt_entry_main                          0x08000237   Thumb Code     0  __rtentry2.o(.ARM.Collect$$rtentry$$0000000D)
    __rt_entry_postli_1                      0x08000237   Thumb Code     0  __rtentry2.o(.ARM.Collect$$rtentry$$0000000C)
    __rt_exit                                0x0800023f   Thumb Code     0  rtexit.o(.ARM.Collect$$rtexit$$00000000)
    __rt_exit_ls                             0x08000241   Thumb Code     0  rtexit2.o(.ARM.Collect$$rtexit$$00000003)
    __rt_exit_prels_1                        0x08000241   Thumb Code     0  rtexit2.o(.ARM.Collect$$rtexit$$00000002)
    __rt_exit_exit                           0x08000245   Thumb Code     0  rtexit2.o(.ARM.Collect$$rtexit$$00000004)
    Reset_Handler                            0x0800024d   Thumb Code     8  startup_stm32f427xx.o(.text)
    ADC_IRQHandler                           0x08000267   Thumb Code     0  startup_stm32f427xx.o(.text)
    CAN1_RX1_IRQHandler                      0x08000267   Thumb Code     0  startup_stm32f427xx.o(.text)
    CAN1_SCE_IRQHandler                      0x08000267   Thumb Code     0  startup_stm32f427xx.o(.text)
    CAN1_TX_IRQHandler                       0x08000267   Thumb Code     0  startup_stm32f427xx.o(.text)
    CAN2_RX1_IRQHandler                      0x08000267   Thumb Code     0  startup_stm32f427xx.o(.text)
    CAN2_SCE_IRQHandler                      0x08000267   Thumb Code     0  startup_stm32f427xx.o(.text)
    CAN2_TX_IRQHandler                       0x08000267   Thumb Code     0  startup_stm32f427xx.o(.text)
    DCMI_IRQHandler                          0x08000267   Thumb Code     0  startup_stm32f427xx.o(.text)
    DMA1_Stream0_IRQHandler                  0x08000267   Thumb Code     0  startup_stm32f427xx.o(.text)
    DMA1_Stream2_IRQHandler                  0x08000267   Thumb Code     0  startup_stm32f427xx.o(.text)
    DMA1_Stream3_IRQHandler                  0x08000267   Thumb Code     0  startup_stm32f427xx.o(.text)
    DMA1_Stream4_IRQHandler                  0x08000267   Thumb Code     0  startup_stm32f427xx.o(.text)
    DMA1_Stream5_IRQHandler                  0x08000267   Thumb Code     0  startup_stm32f427xx.o(.text)
    DMA1_Stream6_IRQHandler                  0x08000267   Thumb Code     0  startup_stm32f427xx.o(.text)
    DMA1_Stream7_IRQHandler                  0x08000267   Thumb Code     0  startup_stm32f427xx.o(.text)
    DMA2D_IRQHandler                         0x08000267   Thumb Code     0  startup_stm32f427xx.o(.text)
    DMA2_Stream0_IRQHandler                  0x08000267   Thumb Code     0  startup_stm32f427xx.o(.text)
    DMA2_Stream1_IRQHandler                  0x08000267   Thumb Code     0  startup_stm32f427xx.o(.text)
    DMA2_Stream3_IRQHandler                  0x08000267   Thumb Code     0  startup_stm32f427xx.o(.text)
    DMA2_Stream4_IRQHandler                  0x08000267   Thumb Code     0  startup_stm32f427xx.o(.text)
    DMA2_Stream5_IRQHandler                  0x08000267   Thumb Code     0  startup_stm32f427xx.o(.text)
    DMA2_Stream6_IRQHandler                  0x08000267   Thumb Code     0  startup_stm32f427xx.o(.text)
    ETH_IRQHandler                           0x08000267   Thumb Code     0  startup_stm32f427xx.o(.text)
    ETH_WKUP_IRQHandler                      0x08000267   Thumb Code     0  startup_stm32f427xx.o(.text)
    EXTI0_IRQHandler                         0x08000267   Thumb Code     0  startup_stm32f427xx.o(.text)
    EXTI15_10_IRQHandler                     0x08000267   Thumb Code     0  startup_stm32f427xx.o(.text)
    EXTI1_IRQHandler                         0x08000267   Thumb Code     0  startup_stm32f427xx.o(.text)
    EXTI2_IRQHandler                         0x08000267   Thumb Code     0  startup_stm32f427xx.o(.text)
    EXTI3_IRQHandler                         0x08000267   Thumb Code     0  startup_stm32f427xx.o(.text)
    EXTI4_IRQHandler                         0x08000267   Thumb Code     0  startup_stm32f427xx.o(.text)
    EXTI9_5_IRQHandler                       0x08000267   Thumb Code     0  startup_stm32f427xx.o(.text)
    FLASH_IRQHandler                         0x08000267   Thumb Code     0  startup_stm32f427xx.o(.text)
    FMC_IRQHandler                           0x08000267   Thumb Code     0  startup_stm32f427xx.o(.text)
    FPU_IRQHandler                           0x08000267   Thumb Code     0  startup_stm32f427xx.o(.text)
    HASH_RNG_IRQHandler                      0x08000267   Thumb Code     0  startup_stm32f427xx.o(.text)
    I2C1_ER_IRQHandler                       0x08000267   Thumb Code     0  startup_stm32f427xx.o(.text)
    I2C1_EV_IRQHandler                       0x08000267   Thumb Code     0  startup_stm32f427xx.o(.text)
    I2C2_ER_IRQHandler                       0x08000267   Thumb Code     0  startup_stm32f427xx.o(.text)
    I2C2_EV_IRQHandler                       0x08000267   Thumb Code     0  startup_stm32f427xx.o(.text)
    I2C3_ER_IRQHandler                       0x08000267   Thumb Code     0  startup_stm32f427xx.o(.text)
    I2C3_EV_IRQHandler                       0x08000267   Thumb Code     0  startup_stm32f427xx.o(.text)
    OTG_FS_IRQHandler                        0x08000267   Thumb Code     0  startup_stm32f427xx.o(.text)
    OTG_FS_WKUP_IRQHandler                   0x08000267   Thumb Code     0  startup_stm32f427xx.o(.text)
    OTG_HS_EP1_IN_IRQHandler                 0x08000267   Thumb Code     0  startup_stm32f427xx.o(.text)
    OTG_HS_EP1_OUT_IRQHandler                0x08000267   Thumb Code     0  startup_stm32f427xx.o(.text)
    OTG_HS_IRQHandler                        0x08000267   Thumb Code     0  startup_stm32f427xx.o(.text)
    OTG_HS_WKUP_IRQHandler                   0x08000267   Thumb Code     0  startup_stm32f427xx.o(.text)
    PVD_IRQHandler                           0x08000267   Thumb Code     0  startup_stm32f427xx.o(.text)
    RCC_IRQHandler                           0x08000267   Thumb Code     0  startup_stm32f427xx.o(.text)
    RTC_Alarm_IRQHandler                     0x08000267   Thumb Code     0  startup_stm32f427xx.o(.text)
    RTC_WKUP_IRQHandler                      0x08000267   Thumb Code     0  startup_stm32f427xx.o(.text)
    SAI1_IRQHandler                          0x08000267   Thumb Code     0  startup_stm32f427xx.o(.text)
    SDIO_IRQHandler                          0x08000267   Thumb Code     0  startup_stm32f427xx.o(.text)
    SPI1_IRQHandler                          0x08000267   Thumb Code     0  startup_stm32f427xx.o(.text)
    SPI2_IRQHandler                          0x08000267   Thumb Code     0  startup_stm32f427xx.o(.text)
    SPI3_IRQHandler                          0x08000267   Thumb Code     0  startup_stm32f427xx.o(.text)
    SPI4_IRQHandler                          0x08000267   Thumb Code     0  startup_stm32f427xx.o(.text)
    SPI5_IRQHandler                          0x08000267   Thumb Code     0  startup_stm32f427xx.o(.text)
    SPI6_IRQHandler                          0x08000267   Thumb Code     0  startup_stm32f427xx.o(.text)
    TAMP_STAMP_IRQHandler                    0x08000267   Thumb Code     0  startup_stm32f427xx.o(.text)
    TIM1_BRK_TIM9_IRQHandler                 0x08000267   Thumb Code     0  startup_stm32f427xx.o(.text)
    TIM1_CC_IRQHandler                       0x08000267   Thumb Code     0  startup_stm32f427xx.o(.text)
    TIM1_TRG_COM_TIM11_IRQHandler            0x08000267   Thumb Code     0  startup_stm32f427xx.o(.text)
    TIM1_UP_TIM10_IRQHandler                 0x08000267   Thumb Code     0  startup_stm32f427xx.o(.text)
    TIM2_IRQHandler                          0x08000267   Thumb Code     0  startup_stm32f427xx.o(.text)
    TIM3_IRQHandler                          0x08000267   Thumb Code     0  startup_stm32f427xx.o(.text)
    TIM4_IRQHandler                          0x08000267   Thumb Code     0  startup_stm32f427xx.o(.text)
    TIM5_IRQHandler                          0x08000267   Thumb Code     0  startup_stm32f427xx.o(.text)
    TIM7_IRQHandler                          0x08000267   Thumb Code     0  startup_stm32f427xx.o(.text)
    TIM8_BRK_TIM12_IRQHandler                0x08000267   Thumb Code     0  startup_stm32f427xx.o(.text)
    TIM8_CC_IRQHandler                       0x08000267   Thumb Code     0  startup_stm32f427xx.o(.text)
    TIM8_TRG_COM_TIM14_IRQHandler            0x08000267   Thumb Code     0  startup_stm32f427xx.o(.text)
    TIM8_UP_TIM13_IRQHandler                 0x08000267   Thumb Code     0  startup_stm32f427xx.o(.text)
    UART4_IRQHandler                         0x08000267   Thumb Code     0  startup_stm32f427xx.o(.text)
    UART5_IRQHandler                         0x08000267   Thumb Code     0  startup_stm32f427xx.o(.text)
    UART7_IRQHandler                         0x08000267   Thumb Code     0  startup_stm32f427xx.o(.text)
    UART8_IRQHandler                         0x08000267   Thumb Code     0  startup_stm32f427xx.o(.text)
    USART6_IRQHandler                        0x08000267   Thumb Code     0  startup_stm32f427xx.o(.text)
    WWDG_IRQHandler                          0x08000267   Thumb Code     0  startup_stm32f427xx.o(.text)
    __user_initial_stackheap                 0x08000269   Thumb Code     0  startup_stm32f427xx.o(.text)
    __aeabi_uldivmod                         0x0800028d   Thumb Code     0  lludivv7m.o(.text)
    _ll_udiv                                 0x0800028d   Thumb Code   238  lludivv7m.o(.text)
    __aeabi_memclr4                          0x0800037b   Thumb Code     0  rt_memclr_w.o(.text)
    __aeabi_memclr8                          0x0800037b   Thumb Code     0  rt_memclr_w.o(.text)
    __rt_memclr_w                            0x0800037b   Thumb Code    78  rt_memclr_w.o(.text)
    _memset_w                                0x0800037f   Thumb Code     0  rt_memclr_w.o(.text)
    __use_two_region_memory                  0x080003c9   Thumb Code     2  heapauxi.o(.text)
    __rt_heap_escrow$2region                 0x080003cb   Thumb Code     2  heapauxi.o(.text)
    __rt_heap_expand$2region                 0x080003cd   Thumb Code     2  heapauxi.o(.text)
    __user_setup_stackheap                   0x080003cf   Thumb Code    74  sys_stackheap_outer.o(.text)
    exit                                     0x08000419   Thumb Code    18  exit.o(.text)
    __user_libspace                          0x0800042d   Thumb Code     8  libspace.o(.text)
    __user_perproc_libspace                  0x0800042d   Thumb Code     0  libspace.o(.text)
    __user_perthread_libspace                0x0800042d   Thumb Code     0  libspace.o(.text)
    _sys_exit                                0x08000435   Thumb Code     8  sys_exit.o(.text)
    __I$use$semihosting                      0x08000441   Thumb Code     0  use_no_semi.o(.text)
    __use_no_semihosting_swi                 0x08000441   Thumb Code     2  use_no_semi.o(.text)
    __semihosting_library_function           0x08000443   Thumb Code     0  indicate_semi.o(.text)
    Bsp_CanInit                              0x08000445   Thumb Code    84  bsp_can.o(i.Bsp_CanInit)
    BusFault_Handler                         0x080004a1   Thumb Code     2  stm32f4xx_it.o(i.BusFault_Handler)
    CAN1_RX0_IRQHandler                      0x080004a5   Thumb Code     6  stm32f4xx_it.o(i.CAN1_RX0_IRQHandler)
    CAN1_Send_Flip_Msg                       0x080004b1   Thumb Code    52  bsp_can.o(i.CAN1_Send_Flip_Msg)
    CAN1_Send_Handle_Msg                     0x080004e9   Thumb Code    58  bsp_can.o(i.CAN1_Send_Handle_Msg)
    CAN1_Send_Mineral_Msg                    0x0800052d   Thumb Code    52  bsp_can.o(i.CAN1_Send_Mineral_Msg)
    CAN2_RX0_IRQHandler                      0x08000565   Thumb Code     6  stm32f4xx_it.o(i.CAN2_RX0_IRQHandler)
    Chassis_Init                             0x08000571   Thumb Code   132  bsp_chassis.o(i.Chassis_Init)
    DMA1_Stream1_IRQHandler                  0x080005fd   Thumb Code     6  stm32f4xx_it.o(i.DMA1_Stream1_IRQHandler)
    DMA2_Stream2_IRQHandler                  0x08000609   Thumb Code     6  stm32f4xx_it.o(i.DMA2_Stream2_IRQHandler)
    DMA2_Stream7_IRQHandler                  0x08000615   Thumb Code     6  stm32f4xx_it.o(i.DMA2_Stream7_IRQHandler)
    DebugMon_Handler                         0x080006c5   Thumb Code     2  stm32f4xx_it.o(i.DebugMon_Handler)
    Error_Handler                            0x080006c7   Thumb Code     4  main.o(i.Error_Handler)
    Flip_Init                                0x080006cd   Thumb Code    64  bsp_flip.o(i.Flip_Init)
    Flip_Task                                0x08000711   Thumb Code    40  bsp_flip.o(i.Flip_Task)
    HAL_CAN_ActivateNotification             0x08000741   Thumb Code    36  stm32f4xx_hal_can.o(i.HAL_CAN_ActivateNotification)
    HAL_CAN_AddTxMessage                     0x08000765   Thumb Code   200  stm32f4xx_hal_can.o(i.HAL_CAN_AddTxMessage)
    HAL_CAN_ConfigFilter                     0x0800082d   Thumb Code   262  stm32f4xx_hal_can.o(i.HAL_CAN_ConfigFilter)
    HAL_CAN_ErrorCallback                    0x08000939   Thumb Code     2  stm32f4xx_hal_can.o(i.HAL_CAN_ErrorCallback)
    HAL_CAN_GetRxMessage                     0x0800093b   Thumb Code   232  stm32f4xx_hal_can.o(i.HAL_CAN_GetRxMessage)
    HAL_CAN_IRQHandler                       0x08000a23   Thumb Code   508  stm32f4xx_hal_can.o(i.HAL_CAN_IRQHandler)
    HAL_CAN_Init                             0x08000c1f   Thumb Code   282  stm32f4xx_hal_can.o(i.HAL_CAN_Init)
    HAL_CAN_MspInit                          0x08000d39   Thumb Code   226  can.o(i.HAL_CAN_MspInit)
    HAL_CAN_RxFifo0FullCallback              0x08000e35   Thumb Code     2  stm32f4xx_hal_can.o(i.HAL_CAN_RxFifo0FullCallback)
    HAL_CAN_RxFifo0MsgPendingCallback        0x08000e39   Thumb Code    94  bsp_can.o(i.HAL_CAN_RxFifo0MsgPendingCallback)
    HAL_CAN_RxFifo1FullCallback              0x08000ec1   Thumb Code     2  stm32f4xx_hal_can.o(i.HAL_CAN_RxFifo1FullCallback)
    HAL_CAN_RxFifo1MsgPendingCallback        0x08000ec3   Thumb Code     2  stm32f4xx_hal_can.o(i.HAL_CAN_RxFifo1MsgPendingCallback)
    HAL_CAN_SleepCallback                    0x08000ec5   Thumb Code     2  stm32f4xx_hal_can.o(i.HAL_CAN_SleepCallback)
    HAL_CAN_Start                            0x08000ec9   Thumb Code    88  stm32f4xx_hal_can.o(i.HAL_CAN_Start)
    HAL_CAN_TxMailbox0AbortCallback          0x08000f21   Thumb Code     2  stm32f4xx_hal_can.o(i.HAL_CAN_TxMailbox0AbortCallback)
    HAL_CAN_TxMailbox0CompleteCallback       0x08000f23   Thumb Code     2  stm32f4xx_hal_can.o(i.HAL_CAN_TxMailbox0CompleteCallback)
    HAL_CAN_TxMailbox1AbortCallback          0x08000f25   Thumb Code     2  stm32f4xx_hal_can.o(i.HAL_CAN_TxMailbox1AbortCallback)
    HAL_CAN_TxMailbox1CompleteCallback       0x08000f27   Thumb Code     2  stm32f4xx_hal_can.o(i.HAL_CAN_TxMailbox1CompleteCallback)
    HAL_CAN_TxMailbox2AbortCallback          0x08000f29   Thumb Code     2  stm32f4xx_hal_can.o(i.HAL_CAN_TxMailbox2AbortCallback)
    HAL_CAN_TxMailbox2CompleteCallback       0x08000f2b   Thumb Code     2  stm32f4xx_hal_can.o(i.HAL_CAN_TxMailbox2CompleteCallback)
    HAL_CAN_WakeUpFromRxMsgCallback          0x08000f2d   Thumb Code     2  stm32f4xx_hal_can.o(i.HAL_CAN_WakeUpFromRxMsgCallback)
    HAL_DMA_Abort                            0x08000f2f   Thumb Code   146  stm32f4xx_hal_dma.o(i.HAL_DMA_Abort)
    HAL_DMA_Abort_IT                         0x08000fc1   Thumb Code    36  stm32f4xx_hal_dma.o(i.HAL_DMA_Abort_IT)
    HAL_DMA_IRQHandler                       0x08000fe5   Thumb Code   412  stm32f4xx_hal_dma.o(i.HAL_DMA_IRQHandler)
    HAL_DMA_Init                             0x08001185   Thumb Code   206  stm32f4xx_hal_dma.o(i.HAL_DMA_Init)
    HAL_DMA_Start_IT                         0x08001259   Thumb Code   110  stm32f4xx_hal_dma.o(i.HAL_DMA_Start_IT)
    HAL_GPIO_Init                            0x080012c9   Thumb Code   510  stm32f4xx_hal_gpio.o(i.HAL_GPIO_Init)
    HAL_GetTick                              0x080014fd   Thumb Code     6  stm32f4xx_hal.o(i.HAL_GetTick)
    HAL_IncTick                              0x08001509   Thumb Code    12  stm32f4xx_hal.o(i.HAL_IncTick)
    HAL_Init                                 0x08001519   Thumb Code    48  stm32f4xx_hal.o(i.HAL_Init)
    HAL_InitTick                             0x0800154d   Thumb Code    54  stm32f4xx_hal.o(i.HAL_InitTick)
    HAL_MspInit                              0x0800158d   Thumb Code    42  stm32f4xx_hal_msp.o(i.HAL_MspInit)
    HAL_NVIC_EnableIRQ                       0x080015bd   Thumb Code    26  stm32f4xx_hal_cortex.o(i.HAL_NVIC_EnableIRQ)
    HAL_NVIC_SetPriority                     0x080015d9   Thumb Code    60  stm32f4xx_hal_cortex.o(i.HAL_NVIC_SetPriority)
    HAL_NVIC_SetPriorityGrouping             0x08001619   Thumb Code    26  stm32f4xx_hal_cortex.o(i.HAL_NVIC_SetPriorityGrouping)
    HAL_PWREx_EnableOverDrive                0x0800163d   Thumb Code    98  stm32f4xx_hal_pwr_ex.o(i.HAL_PWREx_EnableOverDrive)
    HAL_RCC_ClockConfig                      0x080016ad   Thumb Code   288  stm32f4xx_hal_rcc.o(i.HAL_RCC_ClockConfig)
    HAL_RCC_GetPCLK1Freq                     0x080017e1   Thumb Code    20  stm32f4xx_hal_rcc.o(i.HAL_RCC_GetPCLK1Freq)
    HAL_RCC_GetPCLK2Freq                     0x08001801   Thumb Code    20  stm32f4xx_hal_rcc.o(i.HAL_RCC_GetPCLK2Freq)
    HAL_RCC_GetSysClockFreq                  0x08001821   Thumb Code    88  stm32f4xx_hal_rcc.o(i.HAL_RCC_GetSysClockFreq)
    HAL_RCC_OscConfig                        0x08001885   Thumb Code   856  stm32f4xx_hal_rcc.o(i.HAL_RCC_OscConfig)
    HAL_SYSTICK_Config                       0x08001bf1   Thumb Code    40  stm32f4xx_hal_cortex.o(i.HAL_SYSTICK_Config)
    HAL_TIMEx_BreakCallback                  0x08001c19   Thumb Code     2  stm32f4xx_hal_tim_ex.o(i.HAL_TIMEx_BreakCallback)
    HAL_TIMEx_CommutCallback                 0x08001c1b   Thumb Code     2  stm32f4xx_hal_tim_ex.o(i.HAL_TIMEx_CommutCallback)
    HAL_TIMEx_MasterConfigSynchronization    0x08001c1d   Thumb Code   116  stm32f4xx_hal_tim_ex.o(i.HAL_TIMEx_MasterConfigSynchronization)
    HAL_TIM_Base_Init                        0x08001cad   Thumb Code    90  stm32f4xx_hal_tim.o(i.HAL_TIM_Base_Init)
    HAL_TIM_Base_MspInit                     0x08001d09   Thumb Code    50  tim.o(i.HAL_TIM_Base_MspInit)
    HAL_TIM_IC_CaptureCallback               0x08001d45   Thumb Code     2  stm32f4xx_hal_tim.o(i.HAL_TIM_IC_CaptureCallback)
    HAL_TIM_IRQHandler                       0x08001d47   Thumb Code   358  stm32f4xx_hal_tim.o(i.HAL_TIM_IRQHandler)
    HAL_TIM_OC_DelayElapsedCallback          0x08001ead   Thumb Code     2  stm32f4xx_hal_tim.o(i.HAL_TIM_OC_DelayElapsedCallback)
    HAL_TIM_PWM_PulseFinishedCallback        0x08001eaf   Thumb Code     2  stm32f4xx_hal_tim.o(i.HAL_TIM_PWM_PulseFinishedCallback)
    HAL_TIM_PeriodElapsedCallback            0x08001eb1   Thumb Code     2  stm32f4xx_hal_tim.o(i.HAL_TIM_PeriodElapsedCallback)
    HAL_TIM_TriggerCallback                  0x08001eb3   Thumb Code     2  stm32f4xx_hal_tim.o(i.HAL_TIM_TriggerCallback)
    HAL_UARTEx_RxEventCallback               0x08001eb5   Thumb Code     2  stm32f4xx_hal_uart.o(i.HAL_UARTEx_RxEventCallback)
    HAL_UART_DMAStop                         0x08001eb7   Thumb Code   112  stm32f4xx_hal_uart.o(i.HAL_UART_DMAStop)
    HAL_UART_ErrorCallback                   0x08001f27   Thumb Code     2  stm32f4xx_hal_uart.o(i.HAL_UART_ErrorCallback)
    HAL_UART_IRQHandler                      0x08001f29   Thumb Code   610  stm32f4xx_hal_uart.o(i.HAL_UART_IRQHandler)
    HAL_UART_IdleCpltCallback                0x08002191   Thumb Code    24  bsp_uart.o(i.HAL_UART_IdleCpltCallback)
    HAL_UART_Init                            0x080021b9   Thumb Code    98  stm32f4xx_hal_uart.o(i.HAL_UART_Init)
    HAL_UART_MspInit                         0x0800221d   Thumb Code   408  usart.o(i.HAL_UART_MspInit)
    HAL_UART_Receive_DMA                     0x080023dd   Thumb Code    42  stm32f4xx_hal_uart.o(i.HAL_UART_Receive_DMA)
    HAL_UART_RxCpltCallback                  0x08002407   Thumb Code     2  stm32f4xx_hal_uart.o(i.HAL_UART_RxCpltCallback)
    HAL_UART_RxHalfCpltCallback              0x08002409   Thumb Code     2  stm32f4xx_hal_uart.o(i.HAL_UART_RxHalfCpltCallback)
    HAL_UART_TxCpltCallback                  0x0800240b   Thumb Code     2  stm32f4xx_hal_uart.o(i.HAL_UART_TxCpltCallback)
    Handle_Init                              0x0800240d   Thumb Code    36  bsp_handle.o(i.Handle_Init)
    Handle_Task                              0x08002435   Thumb Code    68  bsp_handle.o(i.Handle_Task)
    HardFault_Handler                        0x08002481   Thumb Code     2  stm32f4xx_it.o(i.HardFault_Handler)
    MX_CAN1_Init                             0x08002485   Thumb Code    60  can.o(i.MX_CAN1_Init)
    MX_CAN2_Init                             0x080024c9   Thumb Code    60  can.o(i.MX_CAN2_Init)
    MX_DMA_Init                              0x0800250d   Thumb Code    88  dma.o(i.MX_DMA_Init)
    MX_GPIO_Init                             0x08002569   Thumb Code   124  gpio.o(i.MX_GPIO_Init)
    MX_TIM6_Init                             0x080025ed   Thumb Code    60  tim.o(i.MX_TIM6_Init)
    MX_USART1_UART_Init                      0x08002631   Thumb Code    48  usart.o(i.MX_USART1_UART_Init)
    MX_USART2_UART_Init                      0x08002669   Thumb Code    46  usart.o(i.MX_USART2_UART_Init)
    MX_USART3_UART_Init                      0x080026a5   Thumb Code    46  usart.o(i.MX_USART3_UART_Init)
    MemManage_Handler                        0x080026e1   Thumb Code     2  stm32f4xx_it.o(i.MemManage_Handler)
    Mineral_Init                             0x080026e5   Thumb Code   126  bsp_mineral.o(i.Mineral_Init)
    Mineral_Task_Longitudinal                0x08002769   Thumb Code   116  bsp_mineral.o(i.Mineral_Task_Longitudinal)
    Mineral_Task_Widthwise                   0x080027e1   Thumb Code   110  bsp_mineral.o(i.Mineral_Task_Widthwise)
    NMI_Handler                              0x08002855   Thumb Code     2  stm32f4xx_it.o(i.NMI_Handler)
    PendSV_Handler                           0x08002857   Thumb Code     2  stm32f4xx_it.o(i.PendSV_Handler)
    RC_data_is_error                         0x08002865   Thumb Code   102  remote_control.o(i.RC_data_is_error)
    RC_restart                               0x080028d1   Thumb Code   110  remote_control.o(i.RC_restart)
    Record_Motor_Callback                    0x08002951   Thumb Code    96  bsp_can.o(i.Record_Motor_Callback)
    SVC_Handler                              0x080029b1   Thumb Code     2  stm32f4xx_it.o(i.SVC_Handler)
    Set_Flip_Current                         0x080029b5   Thumb Code    44  bsp_flip.o(i.Set_Flip_Current)
    Set_Flip_Speed                           0x080029e5   Thumb Code    26  bsp_flip.o(i.Set_Flip_Speed)
    Set_Handle_Current                       0x08002a05   Thumb Code    26  bsp_handle.o(i.Set_Handle_Current)
    Set_Mineral_B_Speed                      0x08002a25   Thumb Code    12  bsp_mineral.o(i.Set_Mineral_B_Speed)
    Set_Mineral_Current                      0x08002a35   Thumb Code    78  bsp_mineral.o(i.Set_Mineral_Current)
    Set_Mineral_F_Speed                      0x08002a8d   Thumb Code    12  bsp_mineral.o(i.Set_Mineral_F_Speed)
    Set_Mineral_L_Speed                      0x08002a9d   Thumb Code    12  bsp_mineral.o(i.Set_Mineral_L_Speed)
    Set_Mineral_R_Speed                      0x08002aad   Thumb Code    12  bsp_mineral.o(i.Set_Mineral_R_Speed)
    SysTick_Handler                          0x08002abd   Thumb Code    34  stm32f4xx_it.o(i.SysTick_Handler)
    SystemClock_Config                       0x08002ae1   Thumb Code   150  main.o(i.SystemClock_Config)
    SystemInit                               0x08002b81   Thumb Code    12  system_stm32f4xx.o(i.SystemInit)
    TIM6_DAC_IRQHandler                      0x08002b91   Thumb Code     6  stm32f4xx_it.o(i.TIM6_DAC_IRQHandler)
    TIM_Base_SetConfig                       0x08002b9d   Thumb Code   156  stm32f4xx_hal_tim.o(i.TIM_Base_SetConfig)
    UART_Start_Receive_DMA                   0x08002f91   Thumb Code   130  stm32f4xx_hal_uart.o(i.UART_Start_Receive_DMA)
    USART1_IRQHandler                        0x08003021   Thumb Code    42  bsp_uart.o(i.USART1_IRQHandler)
    USART2_IRQHandler                        0x08003055   Thumb Code     6  stm32f4xx_it.o(i.USART2_IRQHandler)
    USART3_IRQHandler                        0x08003061   Thumb Code   170  remote_control.o(i.USART3_IRQHandler)
    UsageFault_Handler                       0x08003125   Thumb Code     2  stm32f4xx_it.o(i.UsageFault_Handler)
    Vpid_Handle_Realize                      0x08003129   Thumb Code     6  bsp_handle.o(i.Vpid_Handle_Realize)
    Vpid_Mineral_Longitudinal_Realize        0x08003135   Thumb Code    52  bsp_mineral.o(i.Vpid_Mineral_Longitudinal_Realize)
    Vpid_Mineral_Widthwise_Realize           0x0800316d   Thumb Code    52  bsp_mineral.o(i.Vpid_Mineral_Widthwise_Realize)
    Vpid_Realize                             0x080031a5   Thumb Code   152  pid.o(i.Vpid_Realize)
    main                                     0x0800325d   Thumb Code    62  main.o(i.main)
    _fp_init                                 0x0800334f   Thumb Code    10  fpinit.o(x$fpl$fpinit)
    __fplib_config_fpu_vfp                   0x08003357   Thumb Code     0  fpinit.o(x$fpl$fpinit)
    __fplib_config_pureend_doubles           0x08003357   Thumb Code     0  fpinit.o(x$fpl$fpinit)
    AHBPrescTable                            0x08003360   Data          16  system_stm32f4xx.o(.constdata)
    APBPrescTable                            0x08003370   Data           8  system_stm32f4xx.o(.constdata)
    Region$$Table$$Base                      0x08003378   Number         0  anon$$obj.o(Region$$Table)
    Region$$Table$$Limit                     0x08003398   Number         0  anon$$obj.o(Region$$Table)
    Handle_Target_Speed                      0x20000008   Data           4  bsp_handle.o(.data)
    Handle_Kp                                0x2000000c   Data           4  bsp_handle.o(.data)
    Handle_Ki                                0x20000010   Data           4  bsp_handle.o(.data)
    Handle_Kd                                0x20000014   Data           4  bsp_handle.o(.data)
    Flip_Kp                                  0x20000018   Data           4  bsp_flip.o(.data)
    Flip_Ki                                  0x2000001c   Data           4  bsp_flip.o(.data)
    Flip_Kd                                  0x20000020   Data           4  bsp_flip.o(.data)
    FLIP_SPEED                               0x20000024   Data           4  bsp_flip.o(.data)
    Mineral_Longitudinal_Speed               0x20000028   Data           4  bsp_mineral.o(.data)
    Mineral_Widthwise_Speed                  0x2000002c   Data           4  bsp_mineral.o(.data)
    Mineral_Kp                               0x20000030   Data           4  bsp_mineral.o(.data)
    Mineral_Ki                               0x20000034   Data           4  bsp_mineral.o(.data)
    Mineral_Kd                               0x20000038   Data           4  bsp_mineral.o(.data)
    RecCount                                 0x2000003c   Data           4  bsp_uart.o(.data)
    RC_Chassis_Speed_Buffer                  0x20000040   Data           8  bsp_uart.o(.data)
    Chassis_Send_Speed1                      0x20000048   Data           2  bsp_chassis.o(.data)
    Chassis_Send_Speed2                      0x2000004a   Data           2  bsp_chassis.o(.data)
    Chassis_Send_Speed3                      0x2000004c   Data           2  bsp_chassis.o(.data)
    Chassis_Send_Speed4                      0x2000004e   Data           2  bsp_chassis.o(.data)
    Liner_X                                  0x20000050   Data           4  bsp_chassis.o(.data)
    Liner_Y                                  0x20000054   Data           4  bsp_chassis.o(.data)
    Angular_Z                                0x20000058   Data           4  bsp_chassis.o(.data)
    i                                        0x2000005c   Data           4  bsp_can.o(.data)
    RXdata                                   0x20000060   Data           8  bsp_can.o(.data)
    uwTickFreq                               0x20000068   Data           1  stm32f4xx_hal.o(.data)
    uwTickPrio                               0x2000006c   Data           4  stm32f4xx_hal.o(.data)
    uwTick                                   0x20000070   Data           4  stm32f4xx_hal.o(.data)
    SystemCoreClock                          0x20000074   Data           4  system_stm32f4xx.o(.data)
    hcan1                                    0x20000078   Data          40  can.o(.bss)
    hcan2                                    0x200000a0   Data          40  can.o(.bss)
    htim6                                    0x200000c8   Data          72  tim.o(.bss)
    huart1                                   0x20000110   Data          68  usart.o(.bss)
    huart2                                   0x20000154   Data          68  usart.o(.bss)
    huart3                                   0x20000198   Data          68  usart.o(.bss)
    hdma_usart1_rx                           0x200001dc   Data          96  usart.o(.bss)
    hdma_usart1_tx                           0x2000023c   Data          96  usart.o(.bss)
    hdma_usart3_rx                           0x2000029c   Data          96  usart.o(.bss)
    rc_ctrl                                  0x200002fc   Data          22  remote_control.o(.bss)
    handle_motor                             0x2000035c   Data         144  bsp_handle.o(.bss)
    flip_R_motor                             0x200003ec   Data         144  bsp_flip.o(.bss)
    flip_L_motor                             0x2000047c   Data         144  bsp_flip.o(.bss)
    mineral_F_motor                          0x2000050c   Data         144  bsp_mineral.o(.bss)
    mineral_B_motor                          0x2000059c   Data         144  bsp_mineral.o(.bss)
    mineral_R_motor                          0x2000062c   Data         144  bsp_mineral.o(.bss)
    mineral_L_motor                          0x200006bc   Data         144  bsp_mineral.o(.bss)
    RC_CH_Buffer                             0x2000074c   Data           9  bsp_uart.o(.bss)
    RX_Bufer                                 0x20000755   Data          50  bsp_uart.o(.bss)
    Chassis_motor1                           0x20000788   Data         144  bsp_chassis.o(.bss)
    Chassis_motor2                           0x20000818   Data         144  bsp_chassis.o(.bss)
    Chassis_motor3                           0x200008a8   Data         144  bsp_chassis.o(.bss)
    Chassis_motor4                           0x20000938   Data         144  bsp_chassis.o(.bss)
    Chassis_Wheel_1                          0x200009c8   Data          16  bsp_chassis.o(.bss)
    Chassis_Wheel_2                          0x200009d8   Data          16  bsp_chassis.o(.bss)
    Chassis_Wheel_3                          0x200009e8   Data          16  bsp_chassis.o(.bss)
    Chassis_Wheel_4                          0x200009f8   Data          16  bsp_chassis.o(.bss)
    RX1message                               0x20000a08   Data          28  bsp_can.o(.bss)
    __libspace_start                         0x20000a24   Data          96  libspace.o(.bss)
    __temporary_stack_top$libspace           0x20000a84   Data           0  libspace.o(.bss)



==============================================================================

Memory Map of the image

  Image Entry point : 0x080001ad

  Load Region LR_IROM1 (Base: 0x08000000, Size: 0x00003410, Max: 0x00200000, ABSOLUTE)

    Execution Region ER_IROM1 (Exec base: 0x08000000, Load base: 0x08000000, Size: 0x00003398, Max: 0x00200000, ABSOLUTE)

    Exec Addr    Load Addr    Size         Type   Attr      Idx    E Section Name        Object

    0x08000000   0x08000000   0x000001ac   Data   RO            3    RESET               startup_stm32f427xx.o
    0x080001ac   0x080001ac   0x00000008   Code   RO         3973  * !!!main             c_w.l(__main.o)
    0x080001b4   0x080001b4   0x00000034   Code   RO         4165    !!!scatter          c_w.l(__scatter.o)
    0x080001e8   0x080001e8   0x0000001a   Code   RO         4167    !!handler_copy      c_w.l(__scatter_copy.o)
    0x08000202   0x08000202   0x00000002   PAD
    0x08000204   0x08000204   0x0000001c   Code   RO         4169    !!handler_zi        c_w.l(__scatter_zi.o)
    0x08000220   0x08000220   0x00000002   Code   RO         4035    .ARM.Collect$$libinit$$00000000  c_w.l(libinit.o)
    0x08000222   0x08000222   0x00000004   Code   RO         4047    .ARM.Collect$$libinit$$00000001  c_w.l(libinit2.o)
    0x08000226   0x08000226   0x00000000   Code   RO         4050    .ARM.Collect$$libinit$$00000004  c_w.l(libinit2.o)
    0x08000226   0x08000226   0x00000000   Code   RO         4053    .ARM.Collect$$libinit$$0000000A  c_w.l(libinit2.o)
    0x08000226   0x08000226   0x00000000   Code   RO         4055    .ARM.Collect$$libinit$$0000000C  c_w.l(libinit2.o)
    0x08000226   0x08000226   0x00000000   Code   RO         4057    .ARM.Collect$$libinit$$0000000E  c_w.l(libinit2.o)
    0x08000226   0x08000226   0x00000000   Code   RO         4060    .ARM.Collect$$libinit$$00000011  c_w.l(libinit2.o)
    0x08000226   0x08000226   0x00000000   Code   RO         4062    .ARM.Collect$$libinit$$00000013  c_w.l(libinit2.o)
    0x08000226   0x08000226   0x00000000   Code   RO         4064    .ARM.Collect$$libinit$$00000015  c_w.l(libinit2.o)
    0x08000226   0x08000226   0x00000000   Code   RO         4066    .ARM.Collect$$libinit$$00000017  c_w.l(libinit2.o)
    0x08000226   0x08000226   0x00000000   Code   RO         4068    .ARM.Collect$$libinit$$00000019  c_w.l(libinit2.o)
    0x08000226   0x08000226   0x00000000   Code   RO         4070    .ARM.Collect$$libinit$$0000001B  c_w.l(libinit2.o)
    0x08000226   0x08000226   0x00000000   Code   RO         4072    .ARM.Collect$$libinit$$0000001D  c_w.l(libinit2.o)
    0x08000226   0x08000226   0x00000000   Code   RO         4074    .ARM.Collect$$libinit$$0000001F  c_w.l(libinit2.o)
    0x08000226   0x08000226   0x00000000   Code   RO         4076    .ARM.Collect$$libinit$$00000021  c_w.l(libinit2.o)
    0x08000226   0x08000226   0x00000000   Code   RO         4078    .ARM.Collect$$libinit$$00000023  c_w.l(libinit2.o)
    0x08000226   0x08000226   0x00000000   Code   RO         4080    .ARM.Collect$$libinit$$00000025  c_w.l(libinit2.o)
    0x08000226   0x08000226   0x00000000   Code   RO         4084    .ARM.Collect$$libinit$$0000002C  c_w.l(libinit2.o)
    0x08000226   0x08000226   0x00000000   Code   RO         4086    .ARM.Collect$$libinit$$0000002E  c_w.l(libinit2.o)
    0x08000226   0x08000226   0x00000000   Code   RO         4088    .ARM.Collect$$libinit$$00000030  c_w.l(libinit2.o)
    0x08000226   0x08000226   0x00000000   Code   RO         4090    .ARM.Collect$$libinit$$00000032  c_w.l(libinit2.o)
    0x08000226   0x08000226   0x00000002   Code   RO         4091    .ARM.Collect$$libinit$$00000033  c_w.l(libinit2.o)
    0x08000228   0x08000228   0x00000002   Code   RO         4122    .ARM.Collect$$libshutdown$$00000000  c_w.l(libshutdown.o)
    0x0800022a   0x0800022a   0x00000000   Code   RO         4148    .ARM.Collect$$libshutdown$$00000002  c_w.l(libshutdown2.o)
    0x0800022a   0x0800022a   0x00000000   Code   RO         4150    .ARM.Collect$$libshutdown$$00000004  c_w.l(libshutdown2.o)
    0x0800022a   0x0800022a   0x00000000   Code   RO         4153    .ARM.Collect$$libshutdown$$00000007  c_w.l(libshutdown2.o)
    0x0800022a   0x0800022a   0x00000000   Code   RO         4156    .ARM.Collect$$libshutdown$$0000000A  c_w.l(libshutdown2.o)
    0x0800022a   0x0800022a   0x00000000   Code   RO         4158    .ARM.Collect$$libshutdown$$0000000C  c_w.l(libshutdown2.o)
    0x0800022a   0x0800022a   0x00000000   Code   RO         4161    .ARM.Collect$$libshutdown$$0000000F  c_w.l(libshutdown2.o)
    0x0800022a   0x0800022a   0x00000002   Code   RO         4162    .ARM.Collect$$libshutdown$$00000010  c_w.l(libshutdown2.o)
    0x0800022c   0x0800022c   0x00000000   Code   RO         3993    .ARM.Collect$$rtentry$$00000000  c_w.l(__rtentry.o)
    0x0800022c   0x0800022c   0x00000000   Code   RO         4006    .ARM.Collect$$rtentry$$00000002  c_w.l(__rtentry2.o)
    0x0800022c   0x0800022c   0x00000006   Code   RO         4018    .ARM.Collect$$rtentry$$00000004  c_w.l(__rtentry4.o)
    0x08000232   0x08000232   0x00000000   Code   RO         4008    .ARM.Collect$$rtentry$$00000009  c_w.l(__rtentry2.o)
    0x08000232   0x08000232   0x00000004   Code   RO         4009    .ARM.Collect$$rtentry$$0000000A  c_w.l(__rtentry2.o)
    0x08000236   0x08000236   0x00000000   Code   RO         4011    .ARM.Collect$$rtentry$$0000000C  c_w.l(__rtentry2.o)
    0x08000236   0x08000236   0x00000008   Code   RO         4012    .ARM.Collect$$rtentry$$0000000D  c_w.l(__rtentry2.o)
    0x0800023e   0x0800023e   0x00000002   Code   RO         4039    .ARM.Collect$$rtexit$$00000000  c_w.l(rtexit.o)
    0x08000240   0x08000240   0x00000000   Code   RO         4095    .ARM.Collect$$rtexit$$00000002  c_w.l(rtexit2.o)
    0x08000240   0x08000240   0x00000004   Code   RO         4096    .ARM.Collect$$rtexit$$00000003  c_w.l(rtexit2.o)
    0x08000244   0x08000244   0x00000006   Code   RO         4097    .ARM.Collect$$rtexit$$00000004  c_w.l(rtexit2.o)
    0x0800024a   0x0800024a   0x00000002   PAD
    0x0800024c   0x0800024c   0x00000040   Code   RO            4    .text               startup_stm32f427xx.o
    0x0800028c   0x0800028c   0x000000ee   Code   RO         3967    .text               c_w.l(lludivv7m.o)
    0x0800037a   0x0800037a   0x0000004e   Code   RO         3969    .text               c_w.l(rt_memclr_w.o)
    0x080003c8   0x080003c8   0x00000006   Code   RO         3971    .text               c_w.l(heapauxi.o)
    0x080003ce   0x080003ce   0x0000004a   Code   RO         4022    .text               c_w.l(sys_stackheap_outer.o)
    0x08000418   0x08000418   0x00000012   Code   RO         4024    .text               c_w.l(exit.o)
    0x0800042a   0x0800042a   0x00000002   PAD
    0x0800042c   0x0800042c   0x00000008   Code   RO         4036    .text               c_w.l(libspace.o)
    0x08000434   0x08000434   0x0000000c   Code   RO         4092    .text               c_w.l(sys_exit.o)
    0x08000440   0x08000440   0x00000002   Code   RO         4111    .text               c_w.l(use_no_semi.o)
    0x08000442   0x08000442   0x00000000   Code   RO         4113    .text               c_w.l(indicate_semi.o)
    0x08000442   0x08000442   0x00000002   PAD
    0x08000444   0x08000444   0x0000005c   Code   RO         1078    i.Bsp_CanInit       bsp_can.o
    0x080004a0   0x080004a0   0x00000002   Code   RO          390    i.BusFault_Handler  stm32f4xx_it.o
    0x080004a2   0x080004a2   0x00000002   PAD
    0x080004a4   0x080004a4   0x0000000c   Code   RO          391    i.CAN1_RX0_IRQHandler  stm32f4xx_it.o
    0x080004b0   0x080004b0   0x00000038   Code   RO         1079    i.CAN1_Send_Flip_Msg  bsp_can.o
    0x080004e8   0x080004e8   0x00000044   Code   RO         1080    i.CAN1_Send_Handle_Msg  bsp_can.o
    0x0800052c   0x0800052c   0x00000038   Code   RO         1081    i.CAN1_Send_Mineral_Msg  bsp_can.o
    0x08000564   0x08000564   0x0000000c   Code   RO          392    i.CAN2_RX0_IRQHandler  stm32f4xx_it.o
    0x08000570   0x08000570   0x0000008c   Code   RO         1021    i.Chassis_Init      bsp_chassis.o
    0x080005fc   0x080005fc   0x0000000c   Code   RO          393    i.DMA1_Stream1_IRQHandler  stm32f4xx_it.o
    0x08000608   0x08000608   0x0000000c   Code   RO          394    i.DMA2_Stream2_IRQHandler  stm32f4xx_it.o
    0x08000614   0x08000614   0x0000000c   Code   RO          395    i.DMA2_Stream7_IRQHandler  stm32f4xx_it.o
    0x08000620   0x08000620   0x00000028   Code   RO         1897    i.DMA_CalcBaseAndBitshift  stm32f4xx_hal_dma.o
    0x08000648   0x08000648   0x00000054   Code   RO         1898    i.DMA_CheckFifoParam  stm32f4xx_hal_dma.o
    0x0800069c   0x0800069c   0x00000028   Code   RO         1899    i.DMA_SetConfig     stm32f4xx_hal_dma.o
    0x080006c4   0x080006c4   0x00000002   Code   RO          396    i.DebugMon_Handler  stm32f4xx_it.o
    0x080006c6   0x080006c6   0x00000004   Code   RO           13    i.Error_Handler     main.o
    0x080006ca   0x080006ca   0x00000002   PAD
    0x080006cc   0x080006cc   0x00000044   Code   RO          815    i.Flip_Init         bsp_flip.o
    0x08000710   0x08000710   0x00000030   Code   RO          816    i.Flip_Task         bsp_flip.o
    0x08000740   0x08000740   0x00000024   Code   RO         1153    i.HAL_CAN_ActivateNotification  stm32f4xx_hal_can.o
    0x08000764   0x08000764   0x000000c8   Code   RO         1154    i.HAL_CAN_AddTxMessage  stm32f4xx_hal_can.o
    0x0800082c   0x0800082c   0x0000010c   Code   RO         1155    i.HAL_CAN_ConfigFilter  stm32f4xx_hal_can.o
    0x08000938   0x08000938   0x00000002   Code   RO         1158    i.HAL_CAN_ErrorCallback  stm32f4xx_hal_can.o
    0x0800093a   0x0800093a   0x000000e8   Code   RO         1161    i.HAL_CAN_GetRxMessage  stm32f4xx_hal_can.o
    0x08000a22   0x08000a22   0x000001fc   Code   RO         1165    i.HAL_CAN_IRQHandler  stm32f4xx_hal_can.o
    0x08000c1e   0x08000c1e   0x0000011a   Code   RO         1166    i.HAL_CAN_Init      stm32f4xx_hal_can.o
    0x08000d38   0x08000d38   0x000000fc   Code   RO          222    i.HAL_CAN_MspInit   can.o
    0x08000e34   0x08000e34   0x00000002   Code   RO         1173    i.HAL_CAN_RxFifo0FullCallback  stm32f4xx_hal_can.o
    0x08000e36   0x08000e36   0x00000002   PAD
    0x08000e38   0x08000e38   0x00000088   Code   RO         1082    i.HAL_CAN_RxFifo0MsgPendingCallback  bsp_can.o
    0x08000ec0   0x08000ec0   0x00000002   Code   RO         1175    i.HAL_CAN_RxFifo1FullCallback  stm32f4xx_hal_can.o
    0x08000ec2   0x08000ec2   0x00000002   Code   RO         1176    i.HAL_CAN_RxFifo1MsgPendingCallback  stm32f4xx_hal_can.o
    0x08000ec4   0x08000ec4   0x00000002   Code   RO         1177    i.HAL_CAN_SleepCallback  stm32f4xx_hal_can.o
    0x08000ec6   0x08000ec6   0x00000002   PAD
    0x08000ec8   0x08000ec8   0x00000058   Code   RO         1178    i.HAL_CAN_Start     stm32f4xx_hal_can.o
    0x08000f20   0x08000f20   0x00000002   Code   RO         1180    i.HAL_CAN_TxMailbox0AbortCallback  stm32f4xx_hal_can.o
    0x08000f22   0x08000f22   0x00000002   Code   RO         1181    i.HAL_CAN_TxMailbox0CompleteCallback  stm32f4xx_hal_can.o
    0x08000f24   0x08000f24   0x00000002   Code   RO         1182    i.HAL_CAN_TxMailbox1AbortCallback  stm32f4xx_hal_can.o
    0x08000f26   0x08000f26   0x00000002   Code   RO         1183    i.HAL_CAN_TxMailbox1CompleteCallback  stm32f4xx_hal_can.o
    0x08000f28   0x08000f28   0x00000002   Code   RO         1184    i.HAL_CAN_TxMailbox2AbortCallback  stm32f4xx_hal_can.o
    0x08000f2a   0x08000f2a   0x00000002   Code   RO         1185    i.HAL_CAN_TxMailbox2CompleteCallback  stm32f4xx_hal_can.o
    0x08000f2c   0x08000f2c   0x00000002   Code   RO         1187    i.HAL_CAN_WakeUpFromRxMsgCallback  stm32f4xx_hal_can.o
    0x08000f2e   0x08000f2e   0x00000092   Code   RO         1900    i.HAL_DMA_Abort     stm32f4xx_hal_dma.o
    0x08000fc0   0x08000fc0   0x00000024   Code   RO         1901    i.HAL_DMA_Abort_IT  stm32f4xx_hal_dma.o
    0x08000fe4   0x08000fe4   0x000001a0   Code   RO         1905    i.HAL_DMA_IRQHandler  stm32f4xx_hal_dma.o
    0x08001184   0x08001184   0x000000d4   Code   RO         1906    i.HAL_DMA_Init      stm32f4xx_hal_dma.o
    0x08001258   0x08001258   0x0000006e   Code   RO         1910    i.HAL_DMA_Start_IT  stm32f4xx_hal_dma.o
    0x080012c6   0x080012c6   0x00000002   PAD
    0x080012c8   0x080012c8   0x00000234   Code   RO         1793    i.HAL_GPIO_Init     stm32f4xx_hal_gpio.o
    0x080014fc   0x080014fc   0x0000000c   Code   RO         2345    i.HAL_GetTick       stm32f4xx_hal.o
    0x08001508   0x08001508   0x00000010   Code   RO         2351    i.HAL_IncTick       stm32f4xx_hal.o
    0x08001518   0x08001518   0x00000034   Code   RO         2352    i.HAL_Init          stm32f4xx_hal.o
    0x0800154c   0x0800154c   0x00000040   Code   RO         2353    i.HAL_InitTick      stm32f4xx_hal.o
    0x0800158c   0x0800158c   0x00000030   Code   RO          508    i.HAL_MspInit       stm32f4xx_hal_msp.o
    0x080015bc   0x080015bc   0x0000001a   Code   RO         2200    i.HAL_NVIC_EnableIRQ  stm32f4xx_hal_cortex.o
    0x080015d6   0x080015d6   0x00000002   PAD
    0x080015d8   0x080015d8   0x00000040   Code   RO         2206    i.HAL_NVIC_SetPriority  stm32f4xx_hal_cortex.o
    0x08001618   0x08001618   0x00000024   Code   RO         2207    i.HAL_NVIC_SetPriorityGrouping  stm32f4xx_hal_cortex.o
    0x0800163c   0x0800163c   0x00000070   Code   RO         2129    i.HAL_PWREx_EnableOverDrive  stm32f4xx_hal_pwr_ex.o
    0x080016ac   0x080016ac   0x00000134   Code   RO         1387    i.HAL_RCC_ClockConfig  stm32f4xx_hal_rcc.o
    0x080017e0   0x080017e0   0x00000020   Code   RO         1394    i.HAL_RCC_GetPCLK1Freq  stm32f4xx_hal_rcc.o
    0x08001800   0x08001800   0x00000020   Code   RO         1395    i.HAL_RCC_GetPCLK2Freq  stm32f4xx_hal_rcc.o
    0x08001820   0x08001820   0x00000064   Code   RO         1396    i.HAL_RCC_GetSysClockFreq  stm32f4xx_hal_rcc.o
    0x08001884   0x08001884   0x0000036c   Code   RO         1399    i.HAL_RCC_OscConfig  stm32f4xx_hal_rcc.o
    0x08001bf0   0x08001bf0   0x00000028   Code   RO         2211    i.HAL_SYSTICK_Config  stm32f4xx_hal_cortex.o
    0x08001c18   0x08001c18   0x00000002   Code   RO         3306    i.HAL_TIMEx_BreakCallback  stm32f4xx_hal_tim_ex.o
    0x08001c1a   0x08001c1a   0x00000002   Code   RO         3307    i.HAL_TIMEx_CommutCallback  stm32f4xx_hal_tim_ex.o
    0x08001c1c   0x08001c1c   0x00000090   Code   RO         3325    i.HAL_TIMEx_MasterConfigSynchronization  stm32f4xx_hal_tim_ex.o
    0x08001cac   0x08001cac   0x0000005a   Code   RO         2602    i.HAL_TIM_Base_Init  stm32f4xx_hal_tim.o
    0x08001d06   0x08001d06   0x00000002   PAD
    0x08001d08   0x08001d08   0x0000003c   Code   RO          295    i.HAL_TIM_Base_MspInit  tim.o
    0x08001d44   0x08001d44   0x00000002   Code   RO         2636    i.HAL_TIM_IC_CaptureCallback  stm32f4xx_hal_tim.o
    0x08001d46   0x08001d46   0x00000166   Code   RO         2650    i.HAL_TIM_IRQHandler  stm32f4xx_hal_tim.o
    0x08001eac   0x08001eac   0x00000002   Code   RO         2653    i.HAL_TIM_OC_DelayElapsedCallback  stm32f4xx_hal_tim.o
    0x08001eae   0x08001eae   0x00000002   Code   RO         2680    i.HAL_TIM_PWM_PulseFinishedCallback  stm32f4xx_hal_tim.o
    0x08001eb0   0x08001eb0   0x00000002   Code   RO         2688    i.HAL_TIM_PeriodElapsedCallback  stm32f4xx_hal_tim.o
    0x08001eb2   0x08001eb2   0x00000002   Code   RO         2693    i.HAL_TIM_TriggerCallback  stm32f4xx_hal_tim.o
    0x08001eb4   0x08001eb4   0x00000002   Code   RO         3584    i.HAL_UARTEx_RxEventCallback  stm32f4xx_hal_uart.o
    0x08001eb6   0x08001eb6   0x00000070   Code   RO         3596    i.HAL_UART_DMAStop  stm32f4xx_hal_uart.o
    0x08001f26   0x08001f26   0x00000002   Code   RO         3598    i.HAL_UART_ErrorCallback  stm32f4xx_hal_uart.o
    0x08001f28   0x08001f28   0x00000268   Code   RO         3601    i.HAL_UART_IRQHandler  stm32f4xx_hal_uart.o
    0x08002190   0x08002190   0x00000028   Code   RO          955    i.HAL_UART_IdleCpltCallback  bsp_uart.o
    0x080021b8   0x080021b8   0x00000062   Code   RO         3602    i.HAL_UART_Init     stm32f4xx_hal_uart.o
    0x0800221a   0x0800221a   0x00000002   PAD
    0x0800221c   0x0800221c   0x000001c0   Code   RO          337    i.HAL_UART_MspInit  usart.o
    0x080023dc   0x080023dc   0x0000002a   Code   RO         3606    i.HAL_UART_Receive_DMA  stm32f4xx_hal_uart.o
    0x08002406   0x08002406   0x00000002   Code   RO         3608    i.HAL_UART_RxCpltCallback  stm32f4xx_hal_uart.o
    0x08002408   0x08002408   0x00000002   Code   RO         3609    i.HAL_UART_RxHalfCpltCallback  stm32f4xx_hal_uart.o
    0x0800240a   0x0800240a   0x00000002   Code   RO         3613    i.HAL_UART_TxCpltCallback  stm32f4xx_hal_uart.o
    0x0800240c   0x0800240c   0x00000028   Code   RO          758    i.Handle_Init       bsp_handle.o
    0x08002434   0x08002434   0x0000004c   Code   RO          759    i.Handle_Task       bsp_handle.o
    0x08002480   0x08002480   0x00000002   Code   RO          397    i.HardFault_Handler  stm32f4xx_it.o
    0x08002482   0x08002482   0x00000002   PAD
    0x08002484   0x08002484   0x00000044   Code   RO          223    i.MX_CAN1_Init      can.o
    0x080024c8   0x080024c8   0x00000044   Code   RO          224    i.MX_CAN2_Init      can.o
    0x0800250c   0x0800250c   0x0000005c   Code   RO          270    i.MX_DMA_Init       dma.o
    0x08002568   0x08002568   0x00000084   Code   RO          197    i.MX_GPIO_Init      gpio.o
    0x080025ec   0x080025ec   0x00000044   Code   RO          296    i.MX_TIM6_Init      tim.o
    0x08002630   0x08002630   0x00000038   Code   RO          338    i.MX_USART1_UART_Init  usart.o
    0x08002668   0x08002668   0x0000003c   Code   RO          339    i.MX_USART2_UART_Init  usart.o
    0x080026a4   0x080026a4   0x0000003c   Code   RO          340    i.MX_USART3_UART_Init  usart.o
    0x080026e0   0x080026e0   0x00000002   Code   RO          398    i.MemManage_Handler  stm32f4xx_it.o
    0x080026e2   0x080026e2   0x00000002   PAD
    0x080026e4   0x080026e4   0x00000084   Code   RO          873    i.Mineral_Init      bsp_mineral.o
    0x08002768   0x08002768   0x00000078   Code   RO          874    i.Mineral_Task_Longitudinal  bsp_mineral.o
    0x080027e0   0x080027e0   0x00000074   Code   RO          875    i.Mineral_Task_Widthwise  bsp_mineral.o
    0x08002854   0x08002854   0x00000002   Code   RO          399    i.NMI_Handler       stm32f4xx_it.o
    0x08002856   0x08002856   0x00000002   Code   RO          400    i.PendSV_Handler    stm32f4xx_it.o
    0x08002858   0x08002858   0x0000000a   Code   RO          607    i.RC_abs            remote_control.o
    0x08002862   0x08002862   0x00000002   PAD
    0x08002864   0x08002864   0x0000006c   Code   RO          608    i.RC_data_is_error  remote_control.o
    0x080028d0   0x080028d0   0x00000080   Code   RO          610    i.RC_restart        remote_control.o
    0x08002950   0x08002950   0x00000060   Code   RO         1083    i.Record_Motor_Callback  bsp_can.o
    0x080029b0   0x080029b0   0x00000002   Code   RO          401    i.SVC_Handler       stm32f4xx_it.o
    0x080029b2   0x080029b2   0x00000002   PAD
    0x080029b4   0x080029b4   0x00000030   Code   RO          817    i.Set_Flip_Current  bsp_flip.o
    0x080029e4   0x080029e4   0x00000020   Code   RO          818    i.Set_Flip_Speed    bsp_flip.o
    0x08002a04   0x08002a04   0x00000020   Code   RO          760    i.Set_Handle_Current  bsp_handle.o
    0x08002a24   0x08002a24   0x00000010   Code   RO          876    i.Set_Mineral_B_Speed  bsp_mineral.o
    0x08002a34   0x08002a34   0x00000058   Code   RO          877    i.Set_Mineral_Current  bsp_mineral.o
    0x08002a8c   0x08002a8c   0x00000010   Code   RO          878    i.Set_Mineral_F_Speed  bsp_mineral.o
    0x08002a9c   0x08002a9c   0x00000010   Code   RO          879    i.Set_Mineral_L_Speed  bsp_mineral.o
    0x08002aac   0x08002aac   0x00000010   Code   RO          880    i.Set_Mineral_R_Speed  bsp_mineral.o
    0x08002abc   0x08002abc   0x00000022   Code   RO          402    i.SysTick_Handler   stm32f4xx_it.o
    0x08002ade   0x08002ade   0x00000002   PAD
    0x08002ae0   0x08002ae0   0x000000a0   Code   RO           14    i.SystemClock_Config  main.o
    0x08002b80   0x08002b80   0x00000010   Code   RO         3931    i.SystemInit        system_stm32f4xx.o
    0x08002b90   0x08002b90   0x0000000c   Code   RO          403    i.TIM6_DAC_IRQHandler  stm32f4xx_it.o
    0x08002b9c   0x08002b9c   0x000000c8   Code   RO         2695    i.TIM_Base_SetConfig  stm32f4xx_hal_tim.o
    0x08002c64   0x08002c64   0x00000010   Code   RO         3615    i.UART_DMAAbortOnError  stm32f4xx_hal_uart.o
    0x08002c74   0x08002c74   0x0000004a   Code   RO         3616    i.UART_DMAError     stm32f4xx_hal_uart.o
    0x08002cbe   0x08002cbe   0x00000082   Code   RO         3617    i.UART_DMAReceiveCplt  stm32f4xx_hal_uart.o
    0x08002d40   0x08002d40   0x0000001a   Code   RO         3619    i.UART_DMARxHalfCplt  stm32f4xx_hal_uart.o
    0x08002d5a   0x08002d5a   0x0000004e   Code   RO         3625    i.UART_EndRxTransfer  stm32f4xx_hal_uart.o
    0x08002da8   0x08002da8   0x0000001c   Code   RO         3626    i.UART_EndTxTransfer  stm32f4xx_hal_uart.o
    0x08002dc4   0x08002dc4   0x000000c0   Code   RO         3627    i.UART_Receive_IT   stm32f4xx_hal_uart.o
    0x08002e84   0x08002e84   0x0000010c   Code   RO         3628    i.UART_SetConfig    stm32f4xx_hal_uart.o
    0x08002f90   0x08002f90   0x00000090   Code   RO         3629    i.UART_Start_Receive_DMA  stm32f4xx_hal_uart.o
    0x08003020   0x08003020   0x00000034   Code   RO          959    i.USART1_IRQHandler  bsp_uart.o
    0x08003054   0x08003054   0x0000000c   Code   RO          404    i.USART2_IRQHandler  stm32f4xx_it.o
    0x08003060   0x08003060   0x000000c4   Code   RO          612    i.USART3_IRQHandler  remote_control.o
    0x08003124   0x08003124   0x00000002   Code   RO          405    i.UsageFault_Handler  stm32f4xx_it.o
    0x08003126   0x08003126   0x00000002   PAD
    0x08003128   0x08003128   0x0000000c   Code   RO          762    i.Vpid_Handle_Realize  bsp_handle.o
    0x08003134   0x08003134   0x00000038   Code   RO          881    i.Vpid_Mineral_Longitudinal_Realize  bsp_mineral.o
    0x0800316c   0x0800316c   0x00000038   Code   RO          882    i.Vpid_Mineral_Widthwise_Realize  bsp_mineral.o
    0x080031a4   0x080031a4   0x00000098   Code   RO          717    i.Vpid_Realize      pid.o
    0x0800323c   0x0800323c   0x00000020   Code   RO         2213    i.__NVIC_SetPriority  stm32f4xx_hal_cortex.o
    0x0800325c   0x0800325c   0x0000003e   Code   RO           15    i.main              main.o
    0x0800329a   0x0800329a   0x000000b4   Code   RO          615    i.sbus_to_rc        remote_control.o
    0x0800334e   0x0800334e   0x0000000a   Code   RO         4107    x$fpl$fpinit        fz_wm.l(fpinit.o)
    0x08003358   0x08003358   0x00000008   Data   RO         1912    .constdata          stm32f4xx_hal_dma.o
    0x08003360   0x08003360   0x00000010   Data   RO         3932    .constdata          system_stm32f4xx.o
    0x08003370   0x08003370   0x00000008   Data   RO         3933    .constdata          system_stm32f4xx.o
    0x08003378   0x08003378   0x00000020   Data   RO         4163    Region$$Table       anon$$obj.o


    Execution Region RW_IRAM2 (Exec base: 0x10000000, Load base: 0x08003410, Size: 0x00000000, Max: 0x00010000, ABSOLUTE)

    **** No section assigned to this execution region ****


    Execution Region RW_IRAM1 (Exec base: 0x20000000, Load base: 0x08003398, Size: 0x00001088, Max: 0x00030000, ABSOLUTE)

    Exec Addr    Load Addr    Size         Type   Attr      Idx    E Section Name        Object

    0x20000000   0x08003398   0x00000004   Data   RW          226    .data               can.o
    0x20000004   0x0800339c   0x00000002   Data   RW          618    .data               remote_control.o
    0x20000006   0x0800339e   0x00000002   PAD
    0x20000008   0x080033a0   0x00000010   Data   RW          764    .data               bsp_handle.o
    0x20000018   0x080033b0   0x00000010   Data   RW          823    .data               bsp_flip.o
    0x20000028   0x080033c0   0x00000014   Data   RW          884    .data               bsp_mineral.o
    0x2000003c   0x080033d4   0x0000000c   Data   RW          962    .data               bsp_uart.o
    0x20000048   0x080033e0   0x00000014   Data   RW         1026    .data               bsp_chassis.o
    0x2000005c   0x080033f4   0x0000000c   Data   RW         1085    .data               bsp_can.o
    0x20000068   0x08003400   0x0000000c   Data   RW         2359    .data               stm32f4xx_hal.o
    0x20000074   0x0800340c   0x00000004   Data   RW         3934    .data               system_stm32f4xx.o
    0x20000078        -       0x00000050   Zero   RW          225    .bss                can.o
    0x200000c8        -       0x00000048   Zero   RW          297    .bss                tim.o
    0x20000110        -       0x000001ec   Zero   RW          341    .bss                usart.o
    0x200002fc        -       0x0000005e   Zero   RW          616    .bss                remote_control.o
    0x2000035a   0x08003410   0x00000002   PAD
    0x2000035c        -       0x00000090   Zero   RW          763    .bss                bsp_handle.o
    0x200003ec        -       0x00000120   Zero   RW          820    .bss                bsp_flip.o
    0x2000050c        -       0x00000240   Zero   RW          883    .bss                bsp_mineral.o
    0x2000074c        -       0x0000003b   Zero   RW          961    .bss                bsp_uart.o
    0x20000787   0x08003410   0x00000001   PAD
    0x20000788        -       0x00000280   Zero   RW         1025    .bss                bsp_chassis.o
    0x20000a08        -       0x0000001c   Zero   RW         1084    .bss                bsp_can.o
    0x20000a24        -       0x00000060   Zero   RW         4037    .bss                c_w.l(libspace.o)
    0x20000a84   0x08003410   0x00000004   PAD
    0x20000a88        -       0x00000200   Zero   RW            2    HEAP                startup_stm32f427xx.o
    0x20000c88        -       0x00000400   Zero   RW            1    STACK               startup_stm32f427xx.o


==============================================================================

Image component sizes


      Code (inc. data)   RO Data    RW Data    ZI Data      Debug   Object Name

       504         76          0         12         28       7086   bsp_can.o
       140          8          0         20        640       2479   bsp_chassis.o
       196         22          0         16        288       3410   bsp_flip.o
       160         24          0         16        144       3567   bsp_handle.o
       632         64          0         20        576       8252   bsp_mineral.o
        92         26          0         12         59       2148   bsp_uart.o
       388         42          0          4         80       2934   can.o
        92          4          0          0          0       1010   dma.o
       132          8          0          0          0       1163   gpio.o
       226         10          0          0          0     755784   main.o
       152          0          0          0          0       1331   pid.o
       622         50          0          2         94       6323   remote_control.o
        64         26        428          0       1536        932   startup_stm32f427xx.o
       144         24          0         12          0       9557   stm32f4xx_hal.o
      1638          6          0          0          0      16083   stm32f4xx_hal_can.o
       198         14          0          0          0      34491   stm32f4xx_hal_cortex.o
      1084         16          8          0          0       8166   stm32f4xx_hal_dma.o
       564         54          0          0          0       1732   stm32f4xx_hal_gpio.o
        48          6          0          0          0       1038   stm32f4xx_hal_msp.o
       112         14          0          0          0       1468   stm32f4xx_hal_pwr_ex.o
      1348         76          0          0          0       5788   stm32f4xx_hal_rcc.o
       658         44          0          0          0       7489   stm32f4xx_hal_tim.o
       148         28          0          0          0       2817   stm32f4xx_hal_tim_ex.o
      1834         30          0          0          0      15545   stm32f4xx_hal_uart.o
       134         42          0          0          0       8998   stm32f4xx_it.o
        16          4         24          4          0       1403   system_stm32f4xx.o
       128         18          0          0         72       1966   tim.o
       624         76          0          0        492       3953   usart.o

    ----------------------------------------------------------------------
     12106        812        492        120       4012     916913   Object Totals
         0          0         32          0          0          0   (incl. Generated)
        28          0          0          2          3          0   (incl. Padding)

    ----------------------------------------------------------------------

      Code (inc. data)   RO Data    RW Data    ZI Data      Debug   Library Member Name

         8          0          0          0          0         68   __main.o
         0          0          0          0          0          0   __rtentry.o
        12          0          0          0          0          0   __rtentry2.o
         6          0          0          0          0          0   __rtentry4.o
        52          8          0          0          0          0   __scatter.o
        26          0          0          0          0          0   __scatter_copy.o
        28          0          0          0          0          0   __scatter_zi.o
        18          0          0          0          0         80   exit.o
         6          0          0          0          0        152   heapauxi.o
         0          0          0          0          0          0   indicate_semi.o
         2          0          0          0          0          0   libinit.o
         6          0          0          0          0          0   libinit2.o
         2          0          0          0          0          0   libshutdown.o
         2          0          0          0          0          0   libshutdown2.o
         8          4          0          0         96         68   libspace.o
       238          0          0          0          0        100   lludivv7m.o
        78          0          0          0          0         80   rt_memclr_w.o
         2          0          0          0          0          0   rtexit.o
        10          0          0          0          0          0   rtexit2.o
        12          4          0          0          0         68   sys_exit.o
        74          0          0          0          0         80   sys_stackheap_outer.o
         2          0          0          0          0         68   use_no_semi.o
        10          0          0          0          0        116   fpinit.o

    ----------------------------------------------------------------------
       610         16          0          0        100        880   Library Totals
         8          0          0          0          4          0   (incl. Padding)

    ----------------------------------------------------------------------

      Code (inc. data)   RO Data    RW Data    ZI Data      Debug   Library Name

       592         16          0          0         96        764   c_w.l
        10          0          0          0          0        116   fz_wm.l

    ----------------------------------------------------------------------
       610         16          0          0        100        880   Library Totals

    ----------------------------------------------------------------------

==============================================================================


      Code (inc. data)   RO Data    RW Data    ZI Data      Debug   

     12716        828        492        120       4112     904633   Grand Totals
     12716        828        492        120       4112     904633   ELF Image Totals
     12716        828        492        120          0          0   ROM Totals

==============================================================================

    Total RO  Size (Code + RO Data)                13208 (  12.90kB)
    Total RW  Size (RW Data + ZI Data)              4232 (   4.13kB)
    Total ROM Size (Code + RO Data + RW Data)      13328 (  13.02kB)

==============================================================================

