<html>
<body>
<pre>
<h1>µVision Build Log</h1>
<h2>Tool Versions:</h2>
IDE-Version: ¶ÃVision V5.25.3.0
Copyright (C) 2018 ARM Ltd and ARM Germany GmbH. All rights reserved.
License Information: Saoluoye Qiufeng, NorthMing, LIC=3UURA-18PBA-5BZEB-2AGVJ-96MJ1-36QPA
 
Tool Versions:
Toolchain:       MDK-ARM Professional  Version: 5.18
Toolchain Path:  E:\keil\core\ARM\ARMCC\Bin
C Compiler:      Armcc.exe V5.06 update 1 (build 61)
Assembler:       Armasm.exe V5.06 update 1 (build 61)
Linker/Locator:  ArmLink.exe V5.06 update 1 (build 61)
Library Manager: ArmAr.exe V5.06 update 1 (build 61)
Hex Converter:   FromElf.exe V5.06 update 1 (build 61)
CPU DLL:         SARMCM3.DLL V5.18
Dialog DLL:      DCM.DLL V1.13.6.0
Target DLL:      Segger\JL2CM3.dll V2.99.18.0
Dialog DLL:      TCM.DLL V1.14.8.0
 
<h2>Project:</h2>
C:\Users\hepy0\Desktop\ µ—È “\4∫≈-gimbalV1.1\4∫≈-gimbalV1.1\MDK-ARM\gimbal.uvprojx
Project File Date:  05/28/2022

<h2>Output:</h2>
*** Using Compiler 'V5.06 update 1 (build 61)', folder: 'E:\keil\core\ARM\ARMCC\Bin'
Rebuild target 'gimbal'
assembling startup_stm32f407xx.s...
compiling imu.c...
compiling i2c.c...
compiling blueteeth.c...
compiling stm32f4xx_it.c...
compiling can_receive.c...
compiling main.c...
compiling can.c...
compiling gpio.c...
compiling pid.c...
compiling tim.c...
compiling spi.c...
compiling dma.c...
compiling usart.c...
compiling stm32f4xx_hal_msp.c...
compiling remote_control.c...
compiling led.c...
compiling gimbal_task_behaviour.c...
..\TASK\gimbal_task_behaviour.c(88): warning:  #223-D: function "fabs" declared implicitly
  	if (fabs(INIT_PITCH_SET - gimbal_p.IMU_actual_angle) > GIMBAL_INIT_ANGLE_ERROR)
..\TASK\gimbal_task_behaviour.c(100): warning:  #177-D: function "IMU_yaw_angle_limit" was declared but never referenced
  static void IMU_yaw_angle_limit()
..\TASK\gimbal_task_behaviour.c(111): warning:  #177-D: function "CAN_yaw_angle_limit" was declared but never referenced
  static void CAN_yaw_angle_limit()
..\TASK\gimbal_task_behaviour.c(123): warning:  #177-D: function "IMU_pitch_angle_limit" was declared but never referenced
  static void IMU_pitch_angle_limit()
..\TASK\gimbal_task_behaviour.c(134): warning:  #177-D: function "CAN_pitch_angle_limit" was declared but never referenced
  static void CAN_pitch_angle_limit()
..\TASK\gimbal_task_behaviour.c: 5 warnings, 0 errors
compiling bsp_flash.c...
compiling TIM3_cnt_task.c...
compiling bsp_uart.c...
compiling delay.c...
compiling bsp_can.c...
compiling gimbal_task.c...
compiling bsp_buzzer.c...
compiling bsp_imu_pwm.c...
compiling Sent_Task.c...
compiling bsp_math.c...
compiling MahonyAHRS.c...
compiling user_lib.c...
compiling chassis_task.c...
compiling RC_task.c...
compiling ist8310driver.c...
compiling bsp_imu.c...
..\BSP\BSP_IMU\bsp_imu.c(77): warning:  #177-D: function "BMI_update" was declared but never referenced
  static void BMI_update(fp32 *yaw, fp32 *pitch);
..\BSP\BSP_IMU\bsp_imu.c: 1 warning, 0 errors
compiling bsp_spi.c...
compiling stm32f4xx_hal_flash_ex.c...
compiling ist8310driver_middleware.c...
compiling stm32f4xx_hal_can.c...
compiling BMI088Middleware.c...
compiling vision_task.c...
compiling stm32f4xx_hal_rcc.c...
compiling BMI088driver.c...
compiling stm32f4xx_hal_flash_ramfunc.c...
compiling shoot_task.c...
..\TASK\shoot_task.c(25): warning:  #177-D: function "prevent_jam" was declared but never referenced
  void prevent_jam()
..\TASK\shoot_task.c: 1 warning, 0 errors
compiling stm32f4xx_hal_dma_ex.c...
compiling stm32f4xx_hal_dma.c...
compiling calibrate_task.c...
..\TASK\calibrate_task.c(720): warning:  #177-D: function "cali_gimbal_hook" was declared but never referenced
  static bool_t cali_gimbal_hook(uint32_t *cali, bool_t cmd)
..\TASK\calibrate_task.c: 1 warning, 0 errors
compiling stm32f4xx_hal_gpio.c...
compiling stm32f4xx_hal_flash.c...
compiling stm32f4xx_hal_rcc_ex.c...
compiling stm32f4xx_hal_pwr_ex.c...
compiling stm32f4xx_hal_uart.c...
compiling stm32f4xx_hal_cortex.c...
compiling stm32f4xx_hal_pwr.c...
compiling stm32f4xx_hal_spi.c...
compiling stm32f4xx_hal_exti.c...
compiling system_stm32f4xx.c...
compiling stm32f4xx_hal_i2c_ex.c...
compiling stm32f4xx_hal.c...
compiling stm32f4xx_hal_tim.c...
compiling stm32f4xx_hal_tim_ex.c...
compiling stm32f4xx_hal_i2c.c...
linking...
Program Size: Code=45320 RO-data=688 RW-data=696 ZI-data=4344  
FromELF: creating hex file...
"gimbal\gimbal.axf" - 0 Error(s), 8 Warning(s).

<h2>Software Packages used:</h2>

Package Vendor: ARM
                http://www.keil.com/pack/ARM.CMSIS.4.5.0.pack
                ARM.CMSIS.4.5.0
                CMSIS (Cortex Microcontroller Software Interface Standard)
   * Component: CORE Version: 4.3.0

Package Vendor: Keil
                http://www.keil.com/pack/Keil.STM32F4xx_DFP.2.15.0.pack
                Keil.STM32F4xx_DFP.2.15.0
                STMicroelectronics STM32F4 Series Device Support, Drivers and Examples

<h2>Collection of Component include folders:</h2>
  .\RTE\_gimbal
  E:\keil\core\ARM\PACK\ARM\CMSIS\4.5.0\CMSIS\Include
  E:\keil\core\ARM\PACK\Keil\STM32F4xx_DFP\2.15.0\Drivers\CMSIS\Device\ST\STM32F4xx\Include

<h2>Collection of Component Files used:</h2>

   * Component: ARM::CMSIS:CORE:4.3.0
Build Time Elapsed:  00:00:34
</pre>
</body>
</html>
