Component: ARM Compiler 5.06 update 4 (build 422) Tool: armlink [4d35d2]

==============================================================================

Section Cross References

    startup_stm32f407xx.o(RESET) refers to startup_stm32f407xx.o(STACK) for __initial_sp
    startup_stm32f407xx.o(RESET) refers to startup_stm32f407xx.o(.text) for Reset_Handler
    startup_stm32f407xx.o(RESET) refers to stm32f4xx_it.o(i.NMI_Handler) for NMI_Handler
    startup_stm32f407xx.o(RESET) refers to stm32f4xx_it.o(i.HardFault_Handler) for HardFault_Handler
    startup_stm32f407xx.o(RESET) refers to stm32f4xx_it.o(i.MemManage_Handler) for MemManage_Handler
    startup_stm32f407xx.o(RESET) refers to stm32f4xx_it.o(i.BusFault_Handler) for BusFault_Handler
    startup_stm32f407xx.o(RESET) refers to stm32f4xx_it.o(i.UsageFault_Handler) for UsageFault_Handler
    startup_stm32f407xx.o(RESET) refers to stm32f4xx_it.o(i.SVC_Handler) for SVC_Handler
    startup_stm32f407xx.o(RESET) refers to stm32f4xx_it.o(i.DebugMon_Handler) for DebugMon_Handler
    startup_stm32f407xx.o(RESET) refers to stm32f4xx_it.o(i.PendSV_Handler) for PendSV_Handler
    startup_stm32f407xx.o(RESET) refers to stm32f4xx_it.o(i.SysTick_Handler) for SysTick_Handler
    startup_stm32f407xx.o(RESET) refers to stm32f4xx_it.o(i.DMA1_Stream1_IRQHandler) for DMA1_Stream1_IRQHandler
    startup_stm32f407xx.o(RESET) refers to stm32f4xx_it.o(i.CAN1_TX_IRQHandler) for CAN1_TX_IRQHandler
    startup_stm32f407xx.o(RESET) refers to stm32f4xx_it.o(i.CAN1_RX0_IRQHandler) for CAN1_RX0_IRQHandler
    startup_stm32f407xx.o(RESET) refers to stm32f4xx_it.o(i.TIM1_CC_IRQHandler) for TIM1_CC_IRQHandler
    startup_stm32f407xx.o(RESET) refers to bsp_referee.o(i.USART1_IRQHandler) for USART1_IRQHandler
    startup_stm32f407xx.o(RESET) refers to dr16.o(i.USART3_IRQHandler) for USART3_IRQHandler
    startup_stm32f407xx.o(RESET) refers to stm32f4xx_it.o(i.TIM6_DAC_IRQHandler) for TIM6_DAC_IRQHandler
    startup_stm32f407xx.o(RESET) refers to stm32f4xx_it.o(i.DMA2_Stream2_IRQHandler) for DMA2_Stream2_IRQHandler
    startup_stm32f407xx.o(RESET) refers to stm32f4xx_it.o(i.CAN2_RX0_IRQHandler) for CAN2_RX0_IRQHandler
    startup_stm32f407xx.o(RESET) refers to stm32f4xx_it.o(i.DMA2_Stream7_IRQHandler) for DMA2_Stream7_IRQHandler
    startup_stm32f407xx.o(RESET) refers to stm32f4xx_it.o(i.USART6_IRQHandler) for USART6_IRQHandler
    startup_stm32f407xx.o(.text) refers to system_stm32f4xx.o(i.SystemInit) for SystemInit
    startup_stm32f407xx.o(.text) refers to entry.o(.ARM.Collect$$$$00000000) for __main
    dr16.o(i.HandleDR16_Data) refers to dr16.o(i.caculate_linear_speed) for caculate_linear_speed
    dr16.o(i.HandleDR16_Data) refers to dr16.o(i.caculate_rotational_speed) for caculate_rotational_speed
    dr16.o(i.HandleDR16_Data) refers to stm32f4xx_hal_gpio.o(i.HAL_GPIO_WritePin) for HAL_GPIO_WritePin
    dr16.o(i.HandleDR16_Data) refers to dr16.o(.data) for rc_ctrl
    dr16.o(i.HandleDR16_Data) refers to upperboard.o(.data) for Lift_Motor_State
    dr16.o(i.HandleDR16_Data) refers to chassismove_task.o(.data) for chassis_vy
    dr16.o(i.HandleDR16_Data) refers to motor.o(.bss) for mineral_motor1
    dr16.o(i.Key_Control) refers to dr16.o(i.caculate_rotational_speed) for caculate_rotational_speed
    dr16.o(i.Key_Control) refers to stm32f4xx_hal_gpio.o(i.HAL_GPIO_WritePin) for HAL_GPIO_WritePin
    dr16.o(i.Key_Control) refers to upperboard.o(.data) for Lift_Motor_State
    dr16.o(i.Key_Control) refers to dr16.o(.data) for rc_ctrl
    dr16.o(i.Key_Control) refers to chassismove_task.o(.data) for chassis_wz
    dr16.o(i.Key_Control) refers to motor.o(.bss) for outboard_lift_motorL
    dr16.o(i.Key_Mode_Judge) refers to dr16.o(.data) for rc_ctrl
    dr16.o(i.Motor_Lift_Calibrate) refers to motor.o(.bss) for outboard_lift_motorL
    dr16.o(i.Motor_Lift_Calibrate) refers to dr16.o(.data) for calibrate_lift_flag
    dr16.o(i.RC_data_is_error) refers to dr16.o(i.RC_abs) for RC_abs
    dr16.o(i.RC_data_is_error) refers to dr16.o(.data) for rc_ctrl
    dr16.o(i.RC_init) refers to usart.o(.bss) for huart3
    dr16.o(i.RC_restart) refers to usart.o(.bss) for huart3
    dr16.o(i.USART3_IRQHandler) refers to bsp_led.o(i.LED_Blue) for LED_Blue
    dr16.o(i.USART3_IRQHandler) refers to dr16.o(i.sbus_to_rc) for sbus_to_rc
    dr16.o(i.USART3_IRQHandler) refers to dr16.o(i.RC_data_is_error) for RC_data_is_error
    dr16.o(i.USART3_IRQHandler) refers to dr16.o(i.RC_restart) for RC_restart
    dr16.o(i.USART3_IRQHandler) refers to usart.o(.bss) for huart3
    dr16.o(i.USART3_IRQHandler) refers to dr16.o(.data) for this_time_rx_len
    dr16.o(i.USART3_IRQHandler) refers to dr16.o(.bss) for sbus_rx_buf
    dr16.o(i.caculate_linear_speed) refers to dflti.o(.text) for __aeabi_i2d
    dr16.o(i.caculate_linear_speed) refers to dmul.o(.text) for __aeabi_dmul
    dr16.o(i.caculate_linear_speed) refers to ddiv.o(.text) for __aeabi_ddiv
    dr16.o(i.caculate_linear_speed) refers to d2f.o(.text) for __aeabi_d2f
[...]
    i.HAL_TIM_PWM_ConfigChannel              0x08002a16   Section        0  stm32f4xx_hal_tim.o(i.HAL_TIM_PWM_ConfigChannel)
    i.HAL_TIM_PWM_Init                       0x08002aee   Section        0  stm32f4xx_hal_tim.o(i.HAL_TIM_PWM_Init)
    i.HAL_TIM_PWM_MspInit                    0x08002b4a   Section        0  stm32f4xx_hal_tim.o(i.HAL_TIM_PWM_MspInit)
    i.HAL_TIM_PWM_PulseFinishedCallback      0x08002b4c   Section        0  bsp_servo.o(i.HAL_TIM_PWM_PulseFinishedCallback)
    i.HAL_TIM_PWM_Stop                       0x08002b80   Section        0  stm32f4xx_hal_tim.o(i.HAL_TIM_PWM_Stop)
    i.HAL_TIM_PeriodElapsedCallback          0x08002bfc   Section        0  timer_task.o(i.HAL_TIM_PeriodElapsedCallback)
    i.HAL_TIM_TriggerCallback                0x08002dac   Section        0  stm32f4xx_hal_tim.o(i.HAL_TIM_TriggerCallback)
    i.HAL_UARTEx_RxEventCallback             0x08002dae   Section        0  stm32f4xx_hal_uart.o(i.HAL_UARTEx_RxEventCallback)
    i.HAL_UART_ErrorCallback                 0x08002db0   Section        0  stm32f4xx_hal_uart.o(i.HAL_UART_ErrorCallback)
    i.HAL_UART_IRQHandler                    0x08002db4   Section        0  stm32f4xx_hal_uart.o(i.HAL_UART_IRQHandler)
    i.HAL_UART_Init                          0x08003014   Section        0  stm32f4xx_hal_uart.o(i.HAL_UART_Init)
    i.HAL_UART_MspInit                       0x08003078   Section        0  usart.o(i.HAL_UART_MspInit)
    i.HAL_UART_Receive_IT                    0x08003338   Section        0  stm32f4xx_hal_uart.o(i.HAL_UART_Receive_IT)
    i.HAL_UART_RxCpltCallback                0x08003366   Section        0  stm32f4xx_hal_uart.o(i.HAL_UART_RxCpltCallback)
    i.HAL_UART_Transmit                      0x08003368   Section        0  stm32f4xx_hal_uart.o(i.HAL_UART_Transmit)
    i.HAL_UART_TxCpltCallback                0x08003432   Section        0  stm32f4xx_hal_uart.o(i.HAL_UART_TxCpltCallback)
    i.HandleDR16_Data                        0x08003434   Section        0  dr16.o(i.HandleDR16_Data)
    i.HardFault_Handler                      0x08003758   Section        0  stm32f4xx_it.o(i.HardFault_Handler)
    i.Key_Control                            0x0800375c   Section        0  dr16.o(i.Key_Control)
    i.Key_Mode_Judge                         0x08003c8c   Section        0  dr16.o(i.Key_Mode_Judge)
    i.LED_Blue                               0x08003cb4   Section        0  bsp_led.o(i.LED_Blue)
    i.LED_Green_Toggle                       0x08003ccc   Section        0  bsp_led.o(i.LED_Green_Toggle)
    i.Load_UpperBoard_Data                   0x08003ce0   Section        0  upperboard.o(i.Load_UpperBoard_Data)
    i.MX_CAN1_Init                           0x08003d98   Section        0  can.o(i.MX_CAN1_Init)
    i.MX_CAN2_Init                           0x08003de0   Section        0  can.o(i.MX_CAN2_Init)
    i.MX_DMA_Init                            0x08003e28   Section        0  dma.o(i.MX_DMA_Init)
    i.MX_GPIO_Init                           0x08003ea0   Section        0  gpio.o(i.MX_GPIO_Init)
    i.MX_TIM1_Init                           0x08003fdc   Section        0  tim.o(i.MX_TIM1_Init)
    i.MX_TIM6_Init                           0x080040b4   Section        0  tim.o(i.MX_TIM6_Init)
    i.MX_USART1_UART_Init                    0x08004100   Section        0  usart.o(i.MX_USART1_UART_Init)
    i.MX_USART3_UART_Init                    0x08004138   Section        0  usart.o(i.MX_USART3_UART_Init)
    i.MX_USART6_UART_Init                    0x08004170   Section        0  usart.o(i.MX_USART6_UART_Init)
    i.MemManage_Handler                      0x080041a8   Section        0  stm32f4xx_it.o(i.MemManage_Handler)
    i.MineralMotorPID_Calc                   0x080041ac   Section        0  pid.o(i.MineralMotorPID_Calc)
    i.Motor_Lift_Calibrate                   0x080041ec   Section        0  dr16.o(i.Motor_Lift_Calibrate)
    i.Motor_RecordData                       0x08004280   Section        0  motor.o(i.Motor_RecordData)
    Motor_RecordData                         0x08004281   Thumb Code   116  motor.o(i.Motor_RecordData)
    i.NMI_Handler                            0x080042f4   Section        0  stm32f4xx_it.o(i.NMI_Handler)
    i.OutboardLiftMotor_PID_Calc             0x080042f8   Section        0  pid.o(i.OutboardLiftMotor_PID_Calc)
    i.PendSV_Handler                         0x08004372   Section        0  stm32f4xx_it.o(i.PendSV_Handler)
    i.RC_abs                                 0x08004374   Section        0  dr16.o(i.RC_abs)
    RC_abs                                   0x08004375   Thumb Code    16  dr16.o(i.RC_abs)
    i.RC_data_is_error                       0x08004384   Section        0  dr16.o(i.RC_data_is_error)
    i.RC_init                                0x08004424   Section        0  dr16.o(i.RC_init)
    RC_init                                  0x08004425   Thumb Code   142  dr16.o(i.RC_init)
    i.RC_restart                             0x080044c0   Section        0  dr16.o(i.RC_restart)
    RC_restart                               0x080044c1   Thumb Code   180  dr16.o(i.RC_restart)
    i.REFEREE_init                           0x08004584   Section        0  bsp_referee.o(i.REFEREE_init)
    REFEREE_init                             0x08004585   Thumb Code   294  bsp_referee.o(i.REFEREE_init)
    i.ReceiveUpperBoard                      0x080046c8   Section        0  receiveupperboard_task.o(i.ReceiveUpperBoard)
    i.RemoteUpperBoard                       0x080046f0   Section        0  remoteupperboard_task.o(i.RemoteUpperBoard)
    i.Resolve_UpperBoard_Data                0x08004710   Section        0  upperboard.o(i.Resolve_UpperBoard_Data)
    i.SVC_Handler                            0x0800484c   Section        0  stm32f4xx_it.o(i.SVC_Handler)
    i.Set_Chassis_Current                    0x08004850   Section        0  motor.o(i.Set_Chassis_Current)
    Set_Chassis_Current                      0x08004851   Thumb Code   118  motor.o(i.Set_Chassis_Current)
    i.Set_Lift_Current                       0x080048d8   Section        0  motor.o(i.Set_Lift_Current)
    Set_Lift_Current                         0x080048d9   Thumb Code    66  motor.o(i.Set_Lift_Current)
    i.Set_Mineral_Current                    0x08004924   Section        0  motor.o(i.Set_Mineral_Current)
    Set_Mineral_Current                      0x08004925   Thumb Code   118  motor.o(i.Set_Mineral_Current)
    i.SysTick_Handler                        0x080049ac   Section        0  stm32f4xx_it.o(i.SysTick_Handler)
    i.SystemClock_Config                     0x080049b4   Section        0  main.o(i.SystemClock_Config)
    i.SystemInit                             0x08004a68   Section        0  system_stm32f4xx.o(i.SystemInit)
    i.TIM1_CC_IRQHandler                     0x08004a84   Section        0  stm32f4xx_it.o(i.TIM1_CC_IRQHandler)
    i.TIM6_DAC_IRQHandler                    0x08004a94   Section        0  stm32f4xx_it.o(i.TIM6_DAC_IRQHandler)
    i.TIM_Base_SetConfig                     0x08004aa4   Section        0  stm32f4xx_hal_tim.o(i.TIM_Base_SetConfig)
    i.TIM_CCxChannelCmd                      0x08004b70   Section        0  stm32f4xx_hal_tim.o(i.TIM_CCxChannelCmd)
    i.TIM_ETR_SetConfig                      0x08004b8e   Section        0  stm32f4xx_hal_tim.o(i.TIM_ETR_SetConfig)
    i.TIM_ITRx_SetConfig                     0x08004ba4   Section        0  stm32f4xx_hal_tim.o(i.TIM_ITRx_SetConfig)
    TIM_ITRx_SetConfig                       0x08004ba5   Thumb Code    16  stm32f4xx_hal_tim.o(i.TIM_ITRx_SetConfig)
    i.TIM_OC1_SetConfig                      0x08004bb4   Section        0  stm32f4xx_hal_tim.o(i.TIM_OC1_SetConfig)
    TIM_OC1_SetConfig                        0x08004bb5   Thumb Code   104  stm32f4xx_hal_tim.o(i.TIM_OC1_SetConfig)
    i.TIM_OC2_SetConfig                      0x08004c24   Section        0  stm32f4xx_hal_tim.o(i.TIM_OC2_SetConfig)
    i.TIM_OC3_SetConfig                      0x08004c9c   Section        0  stm32f4xx_hal_tim.o(i.TIM_OC3_SetConfig)
    TIM_OC3_SetConfig                        0x08004c9d   Thumb Code   112  stm32f4xx_hal_tim.o(i.TIM_OC3_SetConfig)
    i.TIM_OC4_SetConfig                      0x08004d14   Section        0  stm32f4xx_hal_tim.o(i.TIM_OC4_SetConfig)
    TIM_OC4_SetConfig                        0x08004d15   Thumb Code    88  stm32f4xx_hal_tim.o(i.TIM_OC4_SetConfig)
    i.TIM_TI1_ConfigInputStage               0x08004d6c   Section        0  stm32f4xx_hal_tim.o(i.TIM_TI1_ConfigInputStage)
    TIM_TI1_ConfigInputStage                 0x08004d6d   Thumb Code    38  stm32f4xx_hal_tim.o(i.TIM_TI1_ConfigInputStage)
    i.TIM_TI2_ConfigInputStage               0x08004d92   Section        0  stm32f4xx_hal_tim.o(i.TIM_TI2_ConfigInputStage)
    TIM_TI2_ConfigInputStage                 0x08004d93   Thumb Code    36  stm32f4xx_hal_tim.o(i.TIM_TI2_ConfigInputStage)
    i.UART_DMAAbortOnError                   0x08004db6   Section        0  stm32f4xx_hal_uart.o(i.UART_DMAAbortOnError)
    UART_DMAAbortOnError                     0x08004db7   Thumb Code    16  stm32f4xx_hal_uart.o(i.UART_DMAAbortOnError)
    i.UART_EndRxTransfer                     0x08004dc6   Section        0  stm32f4xx_hal_uart.o(i.UART_EndRxTransfer)
    UART_EndRxTransfer                       0x08004dc7   Thumb Code    78  stm32f4xx_hal_uart.o(i.UART_EndRxTransfer)
    i.UART_EndTransmit_IT                    0x08004e14   Section        0  stm32f4xx_hal_uart.o(i.UART_EndTransmit_IT)
    UART_EndTransmit_IT                      0x08004e15   Thumb Code    26  stm32f4xx_hal_uart.o(i.UART_EndTransmit_IT)
    i.UART_Receive_IT                        0x08004e2e   Section        0  stm32f4xx_hal_uart.o(i.UART_Receive_IT)
    UART_Receive_IT                          0x08004e2f   Thumb Code   200  stm32f4xx_hal_uart.o(i.UART_Receive_IT)
    i.UART_SetConfig                         0x08004ef8   Section        0  stm32f4xx_hal_uart.o(i.UART_SetConfig)
    UART_SetConfig                           0x08004ef9   Thumb Code   248  stm32f4xx_hal_uart.o(i.UART_SetConfig)
    i.UART_Start_Receive_IT                  0x08004ff4   Section        0  stm32f4xx_hal_uart.o(i.UART_Start_Receive_IT)
    i.UART_Transmit_IT                       0x08005030   Section        0  stm32f4xx_hal_uart.o(i.UART_Transmit_IT)
    UART_Transmit_IT                         0x08005031   Thumb Code    94  stm32f4xx_hal_uart.o(i.UART_Transmit_IT)
    i.UART_WaitOnFlagUntilTimeout            0x0800508e   Section        0  stm32f4xx_hal_uart.o(i.UART_WaitOnFlagUntilTimeout)
    UART_WaitOnFlagUntilTimeout              0x0800508f   Thumb Code   140  stm32f4xx_hal_uart.o(i.UART_WaitOnFlagUntilTimeout)
    i.UI_Draw_Arc                            0x0800511a   Section        0  referee_ui.o(i.UI_Draw_Arc)
    i.UI_Draw_Line                           0x080051d0   Section        0  referee_ui.o(i.UI_Draw_Line)
    i.UI_Draw_String                         0x08005266   Section        0  referee_ui.o(i.UI_Draw_String)
    i.UI_PushUp_Graphs                       0x08005320   Section        0  referee_ui.o(i.UI_PushUp_Graphs)
    i.UI_PushUp_String                       0x0800545c   Section        0  referee_ui.o(i.UI_PushUp_String)
    i.USART1_IRQHandler                      0x080054b8   Section        0  bsp_referee.o(i.USART1_IRQHandler)
    i.USART3_IRQHandler                      0x080055d4   Section        0  dr16.o(i.USART3_IRQHandler)
    i.USART6_IRQHandler                      0x0800571c   Section        0  stm32f4xx_it.o(i.USART6_IRQHandler)
    i.UsageFault_Handler                     0x08005744   Section        0  stm32f4xx_it.o(i.UsageFault_Handler)
    i.Vpid_Calc                              0x08005748   Section        0  pid.o(i.Vpid_Calc)
    i.__get_PRIMASK                          0x08005872   Section        0  fifo.o(i.__get_PRIMASK)
    __get_PRIMASK                            0x08005873   Thumb Code     6  fifo.o(i.__get_PRIMASK)
    i.__scatterload_copy                     0x08005878   Section       14  handlers.o(i.__scatterload_copy)
    i.__scatterload_null                     0x08005886   Section        2  handlers.o(i.__scatterload_null)
    i.__scatterload_zeroinit                 0x08005888   Section       14  handlers.o(i.__scatterload_zeroinit)
    i.__set_PRIMASK                          0x08005896   Section        0  fifo.o(i.__set_PRIMASK)
    __set_PRIMASK                            0x08005897   Thumb Code     6  fifo.o(i.__set_PRIMASK)
    i.abs_motor                              0x0800589c   Section        0  motor.o(i.abs_motor)
    i.caculate_linear_speed                  0x08005908   Section        0  dr16.o(i.caculate_linear_speed)
    caculate_linear_speed                    0x08005909   Thumb Code   212  dr16.o(i.caculate_linear_speed)
    i.caculate_rotational_speed              0x080059f0   Section        0  dr16.o(i.caculate_rotational_speed)
    caculate_rotational_speed                0x080059f1   Thumb Code   136  dr16.o(i.caculate_rotational_speed)
    i.fifo_s_get                             0x08005a7c   Section        0  fifo.o(i.fifo_s_get)
    i.fifo_s_init                            0x08005ab6   Section        0  fifo.o(i.fifo_s_init)
    i.fifo_s_puts                            0x08005acc   Section        0  fifo.o(i.fifo_s_puts)
    i.fifo_s_used                            0x08005b6c   Section        0  fifo.o(i.fifo_s_used)
    i.get_CRC16_check_sum                    0x08005b74   Section        0  crc8_crc16.o(i.get_CRC16_check_sum)
    i.get_CRC8_check_sum                     0x08005ba8   Section        0  crc8_crc16.o(i.get_CRC8_check_sum)
    i.get_robot_id                           0x08005bcc   Section        0  referee.o(i.get_robot_id)
    i.init_referee_struct_data               0x08005bd8   Section        0  referee.o(i.init_referee_struct_data)
    i.judge_height                           0x08005c80   Section        0  chassismove_task.o(i.judge_height)
    judge_height                             0x08005c81   Thumb Code    94  chassismove_task.o(i.judge_height)
    i.main                                   0x08005cf4   Section        0  main.o(i.main)
    i.referee_data_solve                     0x08005d5c   Section        0  referee.o(i.referee_data_solve)
    i.referee_unpack_fifo_data               0x08005ed8   Section        0  referee.o(i.referee_unpack_fifo_data)
    i.referee_usart_fifo_init                0x0800603c   Section        0  bsp_referee.o(i.referee_usart_fifo_init)
    i.referee_usart_task                     0x08006068   Section        0  referee_ui.o(i.referee_usart_task)
    i.remote_control_init                    0x080067b8   Section        0  dr16.o(i.remote_control_init)
    i.sbus_to_rc                             0x080067cc   Section        0  dr16.o(i.sbus_to_rc)
    sbus_to_rc                               0x080067cd   Thumb Code   168  dr16.o(i.sbus_to_rc)
    i.speed_optimize                         0x08006874   Section        0  chassismove_task.o(i.speed_optimize)
    speed_optimize                           0x08006875   Thumb Code   602  chassismove_task.o(i.speed_optimize)
    i.verify_CRC16_check_sum                 0x08006afc   Section        0  crc8_crc16.o(i.verify_CRC16_check_sum)
    i.verify_CRC8_check_sum                  0x08006b3c   Section        0  crc8_crc16.o(i.verify_CRC8_check_sum)
    .constdata                               0x08006b6a   Section     1538  crc8_crc16.o(.constdata)
    .constdata                               0x0800716c   Section        8  stm32f4xx_hal_dma.o(.constdata)
    flagBitshiftOffset                       0x0800716c   Data           8  stm32f4xx_hal_dma.o(.constdata)
    .constdata                               0x08007174   Section       16  system_stm32f4xx.o(.constdata)
    .constdata                               0x08007184   Section        8  system_stm32f4xx.o(.constdata)
    .data                                    0x20000000   Section       30  dr16.o(.data)
    this_time_rx_len                         0x2000001c   Data           2  dr16.o(.data)
    .data                                    0x20000020   Section       17  motor.o(.data)
    .data                                    0x20000031   Section       25  upperboard.o(.data)
    .data                                    0x2000004c   Section        4  can.o(.data)
    HAL_RCC_CAN1_CLK_ENABLED                 0x2000004c   Data           4  can.o(.data)
    .data                                    0x20000050   Section        8  bsp_can.o(.data)
    .data                                    0x20000058   Section        1  bsp_servo.o(.data)
    .data                                    0x2000005a   Section        2  bsp_referee.o(.data)
    this_time_rx_len                         0x2000005a   Data           2  bsp_referee.o(.data)
    .data                                    0x2000005c   Section      216  pid.o(.data)
    .data                                    0x20000134   Section       29  timer_task.o(.data)
    .data                                    0x20000154   Section       56  chassismove_task.o(.data)
    last_xspeed                              0x20000180   Data           4  chassismove_task.o(.data)
    last_yspeed                              0x20000184   Data           4  chassismove_task.o(.data)
    last_zspeed                              0x20000188   Data           4  chassismove_task.o(.data)
    .data                                    0x2000018c   Section        2  crc8_crc16.o(.data)
    .data                                    0x20000190   Section       49  referee.o(.data)
    .data                                    0x200001c4   Section       32  referee_ui.o(.data)
    .data                                    0x200001e4   Section       12  stm32f4xx_hal.o(.data)
    .data                                    0x200001f0   Section        4  system_stm32f4xx.o(.data)
    .bss                                     0x200001f4   Section       72  dr16.o(.bss)
    sbus_rx_buf                              0x200001f4   Data          72  dr16.o(.bss)
    .bss                                     0x2000023c   Section     1280  motor.o(.bss)
    .bss                                     0x2000073c   Section      116  upperboard.o(.bss)
    .bss                                     0x200007b0   Section       80  can.o(.bss)
    .bss                                     0x20000800   Section      144  tim.o(.bss)
    .bss                                     0x20000890   Section      492  usart.o(.bss)
    .bss                                     0x20000a7c   Section     2072  bsp_referee.o(.bss)
    .bss                                     0x20001294   Section       88  kinematics.o(.bss)
    .bss                                     0x200012ec   Section      235  referee.o(.bss)
    .bss                                     0x200013d7   Section      572  referee_ui.o(.bss)
    STACK                                    0x20001618   Section     1024  startup_stm32f407xx.o(STACK)

    Global Symbols

    Symbol Name                              Value     Ov Type        Size  Object(Section)

    BuildAttributes$$THM_ISAv4$E$P$D$K$B$S$7EM$VFPi3$EXTD16$VFPS$VFMA$PE$A:L22UL41UL21$X:L11$S22US41US21$IEEE1$IW$USESV6$~STKCKD$USESV7$~SHL$OTIME$ROPI$EBA8$MICROLIB$REQ8$PRES8$EABIv2 0x00000000   Number         0  anon$$obj.o ABSOLUTE
    __ARM_use_no_argv                        0x00000000   Number         0  main.o ABSOLUTE
    __cpp_initialize__aeabi_                  - Undefined Weak Reference
    __cxa_finalize                            - Undefined Weak Reference
    _clock_init                               - Undefined Weak Reference
    _microlib_exit                            - Undefined Weak Reference
    __Vectors_Size                           0x00000188   Number         0  startup_stm32f407xx.o ABSOLUTE
    __Vectors                                0x08000000   Data           4  startup_stm32f407xx.o(RESET)
    __Vectors_End                            0x08000188   Data           0  startup_stm32f407xx.o(RESET)
    __main                                   0x08000189   Thumb Code     0  entry.o(.ARM.Collect$$$$00000000)
    _main_stk                                0x08000189   Thumb Code     0  entry2.o(.ARM.Collect$$$$00000001)
    _main_scatterload                        0x0800018d   Thumb Code     0  entry5.o(.ARM.Collect$$$$00000004)
    __main_after_scatterload                 0x08000191   Thumb Code     0  entry5.o(.ARM.Collect$$$$00000004)
    _main_clock                              0x08000191   Thumb Code     0  entry7b.o(.ARM.Collect$$$$00000008)
    _main_cpp_init                           0x08000191   Thumb Code     0  entry8b.o(.ARM.Collect$$$$0000000A)
    _main_init                               0x08000191   Thumb Code     0  entry9a.o(.ARM.Collect$$$$0000000B)
    __rt_final_cpp                           0x08000199   Thumb Code     0  entry10a.o(.ARM.Collect$$$$0000000D)
    __rt_final_exit                          0x08000199   Thumb Code     0  entry11a.o(.ARM.Collect$$$$0000000F)
    Reset_Handler                            0x0800019d   Thumb Code     8  startup_stm32f407xx.o(.text)
    ADC_IRQHandler                           0x080001b7   Thumb Code     0  startup_stm32f407xx.o(.text)
    CAN1_RX1_IRQHandler                      0x080001b7   Thumb Code     0  startup_stm32f407xx.o(.text)
    CAN1_SCE_IRQHandler                      0x080001b7   Thumb Code     0  startup_stm32f407xx.o(.text)
    CAN2_RX1_IRQHandler                      0x080001b7   Thumb Code     0  startup_stm32f407xx.o(.text)
    CAN2_SCE_IRQHandler                      0x080001b7   Thumb Code     0  startup_stm32f407xx.o(.text)
    CAN2_TX_IRQHandler                       0x080001b7   Thumb Code     0  startup_stm32f407xx.o(.text)
    DCMI_IRQHandler                          0x080001b7   Thumb Code     0  startup_stm32f407xx.o(.text)
    DMA1_Stream0_IRQHandler                  0x080001b7   Thumb Code     0  startup_stm32f407xx.o(.text)
    DMA1_Stream2_IRQHandler                  0x080001b7   Thumb Code     0  startup_stm32f407xx.o(.text)
    DMA1_Stream3_IRQHandler                  0x080001b7   Thumb Code     0  startup_stm32f407xx.o(.text)
    DMA1_Stream4_IRQHandler                  0x080001b7   Thumb Code     0  startup_stm32f407xx.o(.text)
    DMA1_Stream5_IRQHandler                  0x080001b7   Thumb Code     0  startup_stm32f407xx.o(.text)
    DMA1_Stream6_IRQHandler                  0x080001b7   Thumb Code     0  startup_stm32f407xx.o(.text)
    DMA1_Stream7_IRQHandler                  0x080001b7   Thumb Code     0  startup_stm32f407xx.o(.text)
    DMA2_Stream0_IRQHandler                  0x080001b7   Thumb Code     0  startup_stm32f407xx.o(.text)
    DMA2_Stream1_IRQHandler                  0x080001b7   Thumb Code     0  startup_stm32f407xx.o(.text)
    DMA2_Stream3_IRQHandler                  0x080001b7   Thumb Code     0  startup_stm32f407xx.o(.text)
    DMA2_Stream4_IRQHandler                  0x080001b7   Thumb Code     0  startup_stm32f407xx.o(.text)
    DMA2_Stream5_IRQHandler                  0x080001b7   Thumb Code     0  startup_stm32f407xx.o(.text)
    DMA2_Stream6_IRQHandler                  0x080001b7   Thumb Code     0  startup_stm32f407xx.o(.text)
    ETH_IRQHandler                           0x080001b7   Thumb Code     0  startup_stm32f407xx.o(.text)
    ETH_WKUP_IRQHandler                      0x080001b7   Thumb Code     0  startup_stm32f407xx.o(.text)
    EXTI0_IRQHandler                         0x080001b7   Thumb Code     0  startup_stm32f407xx.o(.text)
    EXTI15_10_IRQHandler                     0x080001b7   Thumb Code     0  startup_stm32f407xx.o(.text)
    EXTI1_IRQHandler                         0x080001b7   Thumb Code     0  startup_stm32f407xx.o(.text)
    EXTI2_IRQHandler                         0x080001b7   Thumb Code     0  startup_stm32f407xx.o(.text)
    EXTI3_IRQHandler                         0x080001b7   Thumb Code     0  startup_stm32f407xx.o(.text)
    EXTI4_IRQHandler                         0x080001b7   Thumb Code     0  startup_stm32f407xx.o(.text)
    EXTI9_5_IRQHandler                       0x080001b7   Thumb Code     0  startup_stm32f407xx.o(.text)
    FLASH_IRQHandler                         0x080001b7   Thumb Code     0  startup_stm32f407xx.o(.text)
    FMC_IRQHandler                           0x080001b7   Thumb Code     0  startup_stm32f407xx.o(.text)
    FPU_IRQHandler                           0x080001b7   Thumb Code     0  startup_stm32f407xx.o(.text)
    HASH_RNG_IRQHandler                      0x080001b7   Thumb Code     0  startup_stm32f407xx.o(.text)
    I2C1_ER_IRQHandler                       0x080001b7   Thumb Code     0  startup_stm32f407xx.o(.text)
    I2C1_EV_IRQHandler                       0x080001b7   Thumb Code     0  startup_stm32f407xx.o(.text)
    I2C2_ER_IRQHandler                       0x080001b7   Thumb Code     0  startup_stm32f407xx.o(.text)
    I2C2_EV_IRQHandler                       0x080001b7   Thumb Code     0  startup_stm32f407xx.o(.text)
    I2C3_ER_IRQHandler                       0x080001b7   Thumb Code     0  startup_stm32f407xx.o(.text)
    I2C3_EV_IRQHandler                       0x080001b7   Thumb Code     0  startup_stm32f407xx.o(.text)
    OTG_FS_IRQHandler                        0x080001b7   Thumb Code     0  startup_stm32f407xx.o(.text)
    OTG_FS_WKUP_IRQHandler                   0x080001b7   Thumb Code     0  startup_stm32f407xx.o(.text)
    OTG_HS_EP1_IN_IRQHandler                 0x080001b7   Thumb Code     0  startup_stm32f407xx.o(.text)
    OTG_HS_EP1_OUT_IRQHandler                0x080001b7   Thumb Code     0  startup_stm32f407xx.o(.text)
    OTG_HS_IRQHandler                        0x080001b7   Thumb Code     0  startup_stm32f407xx.o(.text)
    OTG_HS_WKUP_IRQHandler                   0x080001b7   Thumb Code     0  startup_stm32f407xx.o(.text)
    PVD_IRQHandler                           0x080001b7   Thumb Code     0  startup_stm32f407xx.o(.text)
    RCC_IRQHandler                           0x080001b7   Thumb Code     0  startup_stm32f407xx.o(.text)
    RTC_Alarm_IRQHandler                     0x080001b7   Thumb Code     0  startup_stm32f407xx.o(.text)
    RTC_WKUP_IRQHandler                      0x080001b7   Thumb Code     0  startup_stm32f407xx.o(.text)
    SDIO_IRQHandler                          0x080001b7   Thumb Code     0  startup_stm32f407xx.o(.text)
    SPI1_IRQHandler                          0x080001b7   Thumb Code     0  startup_stm32f407xx.o(.text)
    SPI2_IRQHandler                          0x080001b7   Thumb Code     0  startup_stm32f407xx.o(.text)
    SPI3_IRQHandler                          0x080001b7   Thumb Code     0  startup_stm32f407xx.o(.text)
    TAMP_STAMP_IRQHandler                    0x080001b7   Thumb Code     0  startup_stm32f407xx.o(.text)
    TIM1_BRK_TIM9_IRQHandler                 0x080001b7   Thumb Code     0  startup_stm32f407xx.o(.text)
    TIM1_TRG_COM_TIM11_IRQHandler            0x080001b7   Thumb Code     0  startup_stm32f407xx.o(.text)
    TIM1_UP_TIM10_IRQHandler                 0x080001b7   Thumb Code     0  startup_stm32f407xx.o(.text)
    TIM2_IRQHandler                          0x080001b7   Thumb Code     0  startup_stm32f407xx.o(.text)
    TIM3_IRQHandler                          0x080001b7   Thumb Code     0  startup_stm32f407xx.o(.text)
    TIM4_IRQHandler                          0x080001b7   Thumb Code     0  startup_stm32f407xx.o(.text)
    TIM5_IRQHandler                          0x080001b7   Thumb Code     0  startup_stm32f407xx.o(.text)
    TIM7_IRQHandler                          0x080001b7   Thumb Code     0  startup_stm32f407xx.o(.text)
    TIM8_BRK_TIM12_IRQHandler                0x080001b7   Thumb Code     0  startup_stm32f407xx.o(.text)
    TIM8_CC_IRQHandler                       0x080001b7   Thumb Code     0  startup_stm32f407xx.o(.text)
    TIM8_TRG_COM_TIM14_IRQHandler            0x080001b7   Thumb Code     0  startup_stm32f407xx.o(.text)
    TIM8_UP_TIM13_IRQHandler                 0x080001b7   Thumb Code     0  startup_stm32f407xx.o(.text)
    UART4_IRQHandler                         0x080001b7   Thumb Code     0  startup_stm32f407xx.o(.text)
    UART5_IRQHandler                         0x080001b7   Thumb Code     0  startup_stm32f407xx.o(.text)
    USART2_IRQHandler                        0x080001b7   Thumb Code     0  startup_stm32f407xx.o(.text)
    WWDG_IRQHandler                          0x080001b7   Thumb Code     0  startup_stm32f407xx.o(.text)
    __aeabi_uldivmod                         0x080001c1   Thumb Code    98  uldiv.o(.text)
    __aeabi_memcpy                           0x08000223   Thumb Code    36  memcpya.o(.text)
    __aeabi_memcpy4                          0x08000223   Thumb Code     0  memcpya.o(.text)
    __aeabi_memcpy8                          0x08000223   Thumb Code     0  memcpya.o(.text)
    __aeabi_memset                           0x08000247   Thumb Code    14  memseta.o(.text)
    __aeabi_memset4                          0x08000247   Thumb Code     0  memseta.o(.text)
    __aeabi_memset8                          0x08000247   Thumb Code     0  memseta.o(.text)
    __aeabi_memclr                           0x08000255   Thumb Code     4  memseta.o(.text)
    __aeabi_memclr4                          0x08000255   Thumb Code     0  memseta.o(.text)
    __aeabi_memclr8                          0x08000255   Thumb Code     0  memseta.o(.text)
    _memset$wrapper                          0x08000259   Thumb Code    18  memseta.o(.text)
    __aeabi_dmul                             0x0800026b   Thumb Code   228  dmul.o(.text)
    __aeabi_ddiv                             0x0800034f   Thumb Code   222  ddiv.o(.text)
    __aeabi_i2d                              0x0800042d   Thumb Code    34  dflti.o(.text)
    __aeabi_d2f                              0x0800044f   Thumb Code    56  d2f.o(.text)
    __aeabi_llsl                             0x08000487   Thumb Code    30  llshl.o(.text)
    _ll_shift_l                              0x08000487   Thumb Code     0  llshl.o(.text)
    __aeabi_llsr                             0x080004a5   Thumb Code    32  llushr.o(.text)
    _ll_ushift_r                             0x080004a5   Thumb Code     0  llushr.o(.text)
    __I$use$fp                               0x080004c5   Thumb Code     0  iusefp.o(.text)
    _float_round                             0x080004c5   Thumb Code    18  fepilogue.o(.text)
    _float_epilogue                          0x080004d7   Thumb Code    92  fepilogue.o(.text)
    _double_round                            0x08000533   Thumb Code    30  depilogue.o(.text)
    _double_epilogue                         0x08000551   Thumb Code   156  depilogue.o(.text)
    __scatterload                            0x080005ed   Thumb Code    28  init.o(.text)
    __scatterload_rt2                        0x080005ed   Thumb Code     0  init.o(.text)
    __decompress                             0x08000611   Thumb Code     0  __dczerorl2.o(.text)
    __decompress1                            0x08000611   Thumb Code    86  __dczerorl2.o(.text)
    Apid_Calc                                0x08000667   Thumb Code   298  pid.o(i.Apid_Calc)
    BaseVel_To_WheelVel                      0x08000791   Thumb Code   250  kinematics.o(i.BaseVel_To_WheelVel)
    BusFault_Handler                         0x080008a9   Thumb Code     4  stm32f4xx_it.o(i.BusFault_Handler)
    CAN1_Motor_ControlMsg                    0x080008ad   Thumb Code    40  motor.o(i.CAN1_Motor_ControlMsg)
    CAN1_Motor_HandleMsg                     0x080008f5   Thumb Code    70  motor.o(i.CAN1_Motor_HandleMsg)
    CAN1_RX0_IRQHandler                      0x0800094d   Thumb Code    10  stm32f4xx_it.o(i.CAN1_RX0_IRQHandler)
    CAN1_Send_Msg                            0x0800095d   Thumb Code    42  bsp_can.o(i.CAN1_Send_Msg)
    CAN1_TX_IRQHandler                       0x0800098d   Thumb Code    10  stm32f4xx_it.o(i.CAN1_TX_IRQHandler)
    CAN2_Motor_ControlMsg                    0x0800099d   Thumb Code    28  motor.o(i.CAN2_Motor_ControlMsg)
    CAN2_Motor_HandleMsg                     0x080009d1   Thumb Code   144  motor.o(i.CAN2_Motor_HandleMsg)
    CAN2_RX0_IRQHandler                      0x08000a81   Thumb Code    10  stm32f4xx_it.o(i.CAN2_RX0_IRQHandler)
    CAN2_Send_Msg                            0x08000a91   Thumb Code    42  bsp_can.o(i.CAN2_Send_Msg)
    CAN_Filter_Config                        0x08000ac1   Thumb Code    88  bsp_can.o(i.CAN_Filter_Config)
    CRC08_Calculate                          0x08000b21   Thumb Code    28  crc8_crc16.o(i.CRC08_Calculate)
    CRC16_Calculate                          0x08000b41   Thumb Code    50  crc8_crc16.o(i.CRC16_Calculate)
    ChassisMotorPID_Calc                     0x08000b7d   Thumb Code    62  pid.o(i.ChassisMotorPID_Calc)
    ChassisMove                              0x08000bbd   Thumb Code    30  chassismove_task.o(i.ChassisMove)
    DMA1_Stream1_IRQHandler                  0x08000be9   Thumb Code    10  stm32f4xx_it.o(i.DMA1_Stream1_IRQHandler)
    DMA2_Stream2_IRQHandler                  0x08000bf9   Thumb Code    10  stm32f4xx_it.o(i.DMA2_Stream2_IRQHandler)
    DMA2_Stream7_IRQHandler                  0x08000c09   Thumb Code    10  stm32f4xx_it.o(i.DMA2_Stream7_IRQHandler)
    DebugMon_Handler                         0x08000ccb   Thumb Code     2  stm32f4xx_it.o(i.DebugMon_Handler)
    Error_Handler                            0x08000ccd   Thumb Code     6  main.o(i.Error_Handler)
    HAL_CAN_ActivateNotification             0x08000cd3   Thumb Code    36  stm32f4xx_hal_can.o(i.HAL_CAN_ActivateNotification)
    HAL_CAN_AddTxMessage                     0x08000cf7   Thumb Code   260  stm32f4xx_hal_can.o(i.HAL_CAN_AddTxMessage)
    HAL_CAN_ConfigFilter                     0x08000dfd   Thumb Code   290  stm32f4xx_hal_can.o(i.HAL_CAN_ConfigFilter)
    HAL_CAN_ErrorCallback                    0x08000f25   Thumb Code     2  stm32f4xx_hal_can.o(i.HAL_CAN_ErrorCallback)
    HAL_CAN_GetRxMessage                     0x08000f27   Thumb Code   364  stm32f4xx_hal_can.o(i.HAL_CAN_GetRxMessage)
    HAL_CAN_IRQHandler                       0x08001093   Thumb Code   564  stm32f4xx_hal_can.o(i.HAL_CAN_IRQHandler)
    HAL_CAN_Init                             0x080012c7   Thumb Code   360  stm32f4xx_hal_can.o(i.HAL_CAN_Init)
    HAL_CAN_MspInit                          0x08001431   Thumb Code   344  can.o(i.HAL_CAN_MspInit)
    HAL_CAN_RxFifo0FullCallback              0x080015a1   Thumb Code     2  stm32f4xx_hal_can.o(i.HAL_CAN_RxFifo0FullCallback)
    HAL_CAN_RxFifo0MsgPendingCallback        0x080015a5   Thumb Code    58  bsp_can.o(i.HAL_CAN_RxFifo0MsgPendingCallback)
    HAL_CAN_RxFifo1FullCallback              0x080015ed   Thumb Code     2  stm32f4xx_hal_can.o(i.HAL_CAN_RxFifo1FullCallback)
    HAL_CAN_RxFifo1MsgPendingCallback        0x080015ef   Thumb Code     2  stm32f4xx_hal_can.o(i.HAL_CAN_RxFifo1MsgPendingCallback)
    HAL_CAN_SleepCallback                    0x080015f1   Thumb Code     2  stm32f4xx_hal_can.o(i.HAL_CAN_SleepCallback)
    HAL_CAN_Start                            0x080015f3   Thumb Code   100  stm32f4xx_hal_can.o(i.HAL_CAN_Start)
    HAL_CAN_TxMailbox0AbortCallback          0x08001657   Thumb Code     2  stm32f4xx_hal_can.o(i.HAL_CAN_TxMailbox0AbortCallback)
    HAL_CAN_TxMailbox0CompleteCallback       0x08001659   Thumb Code     2  stm32f4xx_hal_can.o(i.HAL_CAN_TxMailbox0CompleteCallback)
    HAL_CAN_TxMailbox1AbortCallback          0x0800165b   Thumb Code     2  stm32f4xx_hal_can.o(i.HAL_CAN_TxMailbox1AbortCallback)
    HAL_CAN_TxMailbox1CompleteCallback       0x0800165d   Thumb Code     2  stm32f4xx_hal_can.o(i.HAL_CAN_TxMailbox1CompleteCallback)
    HAL_CAN_TxMailbox2AbortCallback          0x0800165f   Thumb Code     2  stm32f4xx_hal_can.o(i.HAL_CAN_TxMailbox2AbortCallback)
    HAL_CAN_TxMailbox2CompleteCallback       0x08001661   Thumb Code     2  stm32f4xx_hal_can.o(i.HAL_CAN_TxMailbox2CompleteCallback)
    HAL_CAN_WakeUpFromRxMsgCallback          0x08001663   Thumb Code     2  stm32f4xx_hal_can.o(i.HAL_CAN_WakeUpFromRxMsgCallback)
    HAL_DMA_Abort                            0x08001665   Thumb Code   162  stm32f4xx_hal_dma.o(i.HAL_DMA_Abort)
    HAL_DMA_Abort_IT                         0x08001707   Thumb Code    36  stm32f4xx_hal_dma.o(i.HAL_DMA_Abort_IT)
    HAL_DMA_IRQHandler                       0x0800172d   Thumb Code   488  stm32f4xx_hal_dma.o(i.HAL_DMA_IRQHandler)
    HAL_DMA_Init                             0x08001919   Thumb Code   230  stm32f4xx_hal_dma.o(i.HAL_DMA_Init)
    HAL_Delay                                0x08001a05   Thumb Code    34  stm32f4xx_hal.o(i.HAL_Delay)
    HAL_GPIO_Init                            0x08001a2d   Thumb Code   538  stm32f4xx_hal_gpio.o(i.HAL_GPIO_Init)
    HAL_GPIO_TogglePin                       0x08001c59   Thumb Code    16  stm32f4xx_hal_gpio.o(i.HAL_GPIO_TogglePin)
    HAL_GPIO_WritePin                        0x08001c69   Thumb Code    14  stm32f4xx_hal_gpio.o(i.HAL_GPIO_WritePin)
    HAL_GetTick                              0x08001c79   Thumb Code     6  stm32f4xx_hal.o(i.HAL_GetTick)
    HAL_IncTick                              0x08001c85   Thumb Code    12  stm32f4xx_hal.o(i.HAL_IncTick)
    HAL_Init                                 0x08001c95   Thumb Code    48  stm32f4xx_hal.o(i.HAL_Init)
    HAL_InitTick                             0x08001cc9   Thumb Code    58  stm32f4xx_hal.o(i.HAL_InitTick)
    HAL_MspInit                              0x08001d0d   Thumb Code    68  stm32f4xx_hal_msp.o(i.HAL_MspInit)
    HAL_NVIC_EnableIRQ                       0x08001d55   Thumb Code    28  stm32f4xx_hal_cortex.o(i.HAL_NVIC_EnableIRQ)
    HAL_NVIC_SetPriority                     0x08001d71   Thumb Code    98  stm32f4xx_hal_cortex.o(i.HAL_NVIC_SetPriority)
    HAL_NVIC_SetPriorityGrouping             0x08001dd9   Thumb Code    30  stm32f4xx_hal_cortex.o(i.HAL_NVIC_SetPriorityGrouping)
    HAL_RCC_ClockConfig                      0x08001dfd   Thumb Code   354  stm32f4xx_hal_rcc.o(i.HAL_RCC_ClockConfig)
    HAL_RCC_GetHCLKFreq                      0x08001f79   Thumb Code     6  stm32f4xx_hal_rcc.o(i.HAL_RCC_GetHCLKFreq)
    HAL_RCC_GetPCLK1Freq                     0x08001f85   Thumb Code    22  stm32f4xx_hal_rcc.o(i.HAL_RCC_GetPCLK1Freq)
    HAL_RCC_GetPCLK2Freq                     0x08001fa5   Thumb Code    22  stm32f4xx_hal_rcc.o(i.HAL_RCC_GetPCLK2Freq)
    HAL_RCC_GetSysClockFreq                  0x08001fc5   Thumb Code    94  stm32f4xx_hal_rcc.o(i.HAL_RCC_GetSysClockFreq)
    HAL_RCC_OscConfig                        0x08002035   Thumb Code  1154  stm32f4xx_hal_rcc.o(i.HAL_RCC_OscConfig)
    HAL_SYSTICK_Config                       0x080024b9   Thumb Code    36  stm32f4xx_hal_cortex.o(i.HAL_SYSTICK_Config)
    HAL_TIMEx_BreakCallback                  0x080024e1   Thumb Code     2  stm32f4xx_hal_tim_ex.o(i.HAL_TIMEx_BreakCallback)
    HAL_TIMEx_CommutCallback                 0x080024e3   Thumb Code     2  stm32f4xx_hal_tim_ex.o(i.HAL_TIMEx_CommutCallback)
    HAL_TIMEx_ConfigBreakDeadTime            0x080024e5   Thumb Code   102  stm32f4xx_hal_tim_ex.o(i.HAL_TIMEx_ConfigBreakDeadTime)
    HAL_TIMEx_MasterConfigSynchronization    0x0800254b   Thumb Code   154  stm32f4xx_hal_tim_ex.o(i.HAL_TIMEx_MasterConfigSynchronization)
    HAL_TIM_Base_Init                        0x080025e5   Thumb Code    92  stm32f4xx_hal_tim.o(i.HAL_TIM_Base_Init)
    HAL_TIM_Base_MspInit                     0x08002641   Thumb Code   124  tim.o(i.HAL_TIM_Base_MspInit)
    HAL_TIM_Base_Start_IT                    0x080026c9   Thumb Code   138  stm32f4xx_hal_tim.o(i.HAL_TIM_Base_Start_IT)
    HAL_TIM_ConfigClockSource                0x08002753   Thumb Code   234  stm32f4xx_hal_tim.o(i.HAL_TIM_ConfigClockSource)
    HAL_TIM_IC_CaptureCallback               0x0800283d   Thumb Code     2  stm32f4xx_hal_tim.o(i.HAL_TIM_IC_CaptureCallback)
    HAL_TIM_IRQHandler                       0x0800283f   Thumb Code   372  stm32f4xx_hal_tim.o(i.HAL_TIM_IRQHandler)
    HAL_TIM_MspPostInit                      0x080029b5   Thumb Code    84  tim.o(i.HAL_TIM_MspPostInit)
    HAL_TIM_OC_DelayElapsedCallback          0x08002a15   Thumb Code     2  stm32f4xx_hal_tim.o(i.HAL_TIM_OC_DelayElapsedCallback)
    HAL_TIM_PWM_ConfigChannel                0x08002a17   Thumb Code   216  stm32f4xx_hal_tim.o(i.HAL_TIM_PWM_ConfigChannel)
    HAL_TIM_PWM_Init                         0x08002aef   Thumb Code    92  stm32f4xx_hal_tim.o(i.HAL_TIM_PWM_Init)
    HAL_TIM_PWM_MspInit                      0x08002b4b   Thumb Code     2  stm32f4xx_hal_tim.o(i.HAL_TIM_PWM_MspInit)
    HAL_TIM_PWM_PulseFinishedCallback        0x08002b4d   Thumb Code    44  bsp_servo.o(i.HAL_TIM_PWM_PulseFinishedCallback)
    HAL_TIM_PWM_Stop                         0x08002b81   Thumb Code   124  stm32f4xx_hal_tim.o(i.HAL_TIM_PWM_Stop)
    HAL_TIM_PeriodElapsedCallback            0x08002bfd   Thumb Code   378  timer_task.o(i.HAL_TIM_PeriodElapsedCallback)
    HAL_TIM_TriggerCallback                  0x08002dad   Thumb Code     2  stm32f4xx_hal_tim.o(i.HAL_TIM_TriggerCallback)
    HAL_UARTEx_RxEventCallback               0x08002daf   Thumb Code     2  stm32f4xx_hal_uart.o(i.HAL_UARTEx_RxEventCallback)
    HAL_UART_ErrorCallback                   0x08002db1   Thumb Code     2  stm32f4xx_hal_uart.o(i.HAL_UART_ErrorCallback)
    HAL_UART_IRQHandler                      0x08002db5   Thumb Code   604  stm32f4xx_hal_uart.o(i.HAL_UART_IRQHandler)
    HAL_UART_Init                            0x08003015   Thumb Code   100  stm32f4xx_hal_uart.o(i.HAL_UART_Init)
    HAL_UART_MspInit                         0x08003079   Thumb Code   652  usart.o(i.HAL_UART_MspInit)
    HAL_UART_Receive_IT                      0x08003339   Thumb Code    46  stm32f4xx_hal_uart.o(i.HAL_UART_Receive_IT)
    HAL_UART_RxCpltCallback                  0x08003367   Thumb Code     2  stm32f4xx_hal_uart.o(i.HAL_UART_RxCpltCallback)
    HAL_UART_Transmit                        0x08003369   Thumb Code   202  stm32f4xx_hal_uart.o(i.HAL_UART_Transmit)
    HAL_UART_TxCpltCallback                  0x08003433   Thumb Code     2  stm32f4xx_hal_uart.o(i.HAL_UART_TxCpltCallback)
    HandleDR16_Data                          0x08003435   Thumb Code   750  dr16.o(i.HandleDR16_Data)
    HardFault_Handler                        0x08003759   Thumb Code     4  stm32f4xx_it.o(i.HardFault_Handler)
    Key_Control                              0x0800375d   Thumb Code  1300  dr16.o(i.Key_Control)
    Key_Mode_Judge                           0x08003c8d   Thumb Code    32  dr16.o(i.Key_Mode_Judge)
    LED_Blue                                 0x08003cb5   Thumb Code    18  bsp_led.o(i.LED_Blue)
    LED_Green_Toggle                         0x08003ccd   Thumb Code    14  bsp_led.o(i.LED_Green_Toggle)
    Load_UpperBoard_Data                     0x08003ce1   Thumb Code   148  upperboard.o(i.Load_UpperBoard_Data)
    MX_CAN1_Init                             0x08003d99   Thumb Code    62  can.o(i.MX_CAN1_Init)
    MX_CAN2_Init                             0x08003de1   Thumb Code    62  can.o(i.MX_CAN2_Init)
    MX_DMA_Init                              0x08003e29   Thumb Code   114  dma.o(i.MX_DMA_Init)
    MX_GPIO_Init                             0x08003ea1   Thumb Code   302  gpio.o(i.MX_GPIO_Init)
    MX_TIM1_Init                             0x08003fdd   Thumb Code   206  tim.o(i.MX_TIM1_Init)
    MX_TIM6_Init                             0x080040b5   Thumb Code    66  tim.o(i.MX_TIM6_Init)
    MX_USART1_UART_Init                      0x08004101   Thumb Code    46  usart.o(i.MX_USART1_UART_Init)
    MX_USART3_UART_Init                      0x08004139   Thumb Code    44  usart.o(i.MX_USART3_UART_Init)
    MX_USART6_UART_Init                      0x08004171   Thumb Code    46  usart.o(i.MX_USART6_UART_Init)
    MemManage_Handler                        0x080041a9   Thumb Code     4  stm32f4xx_it.o(i.MemManage_Handler)
    MineralMotorPID_Calc                     0x080041ad   Thumb Code    62  pid.o(i.MineralMotorPID_Calc)
    Motor_Lift_Calibrate                     0x080041ed   Thumb Code   136  dr16.o(i.Motor_Lift_Calibrate)
    NMI_Handler                              0x080042f5   Thumb Code     4  stm32f4xx_it.o(i.NMI_Handler)
    OutboardLiftMotor_PID_Calc               0x080042f9   Thumb Code   122  pid.o(i.OutboardLiftMotor_PID_Calc)
    PendSV_Handler                           0x08004373   Thumb Code     2  stm32f4xx_it.o(i.PendSV_Handler)
    RC_data_is_error                         0x08004385   Thumb Code   154  dr16.o(i.RC_data_is_error)
    ReceiveUpperBoard                        0x080046c9   Thumb Code    32  receiveupperboard_task.o(i.ReceiveUpperBoard)
    RemoteUpperBoard                         0x080046f1   Thumb Code    22  remoteupperboard_task.o(i.RemoteUpperBoard)
    Resolve_UpperBoard_Data                  0x08004711   Thumb Code   252  upperboard.o(i.Resolve_UpperBoard_Data)
    SVC_Handler                              0x0800484d   Thumb Code     2  stm32f4xx_it.o(i.SVC_Handler)
    SysTick_Handler                          0x080049ad   Thumb Code     8  stm32f4xx_it.o(i.SysTick_Handler)
    SystemClock_Config                       0x080049b5   Thumb Code   170  main.o(i.SystemClock_Config)
    SystemInit                               0x08004a69   Thumb Code    20  system_stm32f4xx.o(i.SystemInit)
    TIM1_CC_IRQHandler                       0x08004a85   Thumb Code    10  stm32f4xx_it.o(i.TIM1_CC_IRQHandler)
    TIM6_DAC_IRQHandler                      0x08004a95   Thumb Code    10  stm32f4xx_it.o(i.TIM6_DAC_IRQHandler)
    TIM_Base_SetConfig                       0x08004aa5   Thumb Code   182  stm32f4xx_hal_tim.o(i.TIM_Base_SetConfig)
    TIM_CCxChannelCmd                        0x08004b71   Thumb Code    30  stm32f4xx_hal_tim.o(i.TIM_CCxChannelCmd)
    TIM_ETR_SetConfig                        0x08004b8f   Thumb Code    22  stm32f4xx_hal_tim.o(i.TIM_ETR_SetConfig)
    TIM_OC2_SetConfig                        0x08004c25   Thumb Code   112  stm32f4xx_hal_tim.o(i.TIM_OC2_SetConfig)
    UART_Start_Receive_IT                    0x08004ff5   Thumb Code    60  stm32f4xx_hal_uart.o(i.UART_Start_Receive_IT)
    UI_Draw_Arc                              0x0800511b   Thumb Code   182  referee_ui.o(i.UI_Draw_Arc)
    UI_Draw_Line                             0x080051d1   Thumb Code   150  referee_ui.o(i.UI_Draw_Line)
    UI_Draw_String                           0x08005267   Thumb Code   184  referee_ui.o(i.UI_Draw_String)
    UI_PushUp_Graphs                         0x08005321   Thumb Code   310  referee_ui.o(i.UI_PushUp_Graphs)
    UI_PushUp_String                         0x0800545d   Thumb Code    88  referee_ui.o(i.UI_PushUp_String)
    USART1_IRQHandler                        0x080054b9   Thumb Code   260  bsp_referee.o(i.USART1_IRQHandler)
    USART3_IRQHandler                        0x080055d5   Thumb Code   300  dr16.o(i.USART3_IRQHandler)
    USART6_IRQHandler                        0x0800571d   Thumb Code    32  stm32f4xx_it.o(i.USART6_IRQHandler)
    UsageFault_Handler                       0x08005745   Thumb Code     4  stm32f4xx_it.o(i.UsageFault_Handler)
    Vpid_Calc                                0x08005749   Thumb Code   298  pid.o(i.Vpid_Calc)
    __scatterload_copy                       0x08005879   Thumb Code    14  handlers.o(i.__scatterload_copy)
    __scatterload_null                       0x08005887   Thumb Code     2  handlers.o(i.__scatterload_null)
    __scatterload_zeroinit                   0x08005889   Thumb Code    14  handlers.o(i.__scatterload_zeroinit)
    abs_motor                                0x0800589d   Thumb Code    74  motor.o(i.abs_motor)
    fifo_s_get                               0x08005a7d   Thumb Code    58  fifo.o(i.fifo_s_get)
    fifo_s_init                              0x08005ab7   Thumb Code    22  fifo.o(i.fifo_s_init)
    fifo_s_puts                              0x08005acd   Thumb Code   160  fifo.o(i.fifo_s_puts)
    fifo_s_used                              0x08005b6d   Thumb Code     6  fifo.o(i.fifo_s_used)
    get_CRC16_check_sum                      0x08005b75   Thumb Code    46  crc8_crc16.o(i.get_CRC16_check_sum)
    get_CRC8_check_sum                       0x08005ba9   Thumb Code    30  crc8_crc16.o(i.get_CRC8_check_sum)
    get_robot_id                             0x08005bcd   Thumb Code     6  referee.o(i.get_robot_id)
    init_referee_struct_data                 0x08005bd9   Thumb Code   104  referee.o(i.init_referee_struct_data)
    main                                     0x08005cf5   Thumb Code    90  main.o(i.main)
    referee_data_solve                       0x08005d5d   Thumb Code   316  referee.o(i.referee_data_solve)
    referee_unpack_fifo_data                 0x08005ed9   Thumb Code   338  referee.o(i.referee_unpack_fifo_data)
    referee_usart_fifo_init                  0x0800603d   Thumb Code    30  bsp_referee.o(i.referee_usart_fifo_init)
    referee_usart_task                       0x08006069   Thumb Code  1794  referee_ui.o(i.referee_usart_task)
    remote_control_init                      0x080067b9   Thumb Code    16  dr16.o(i.remote_control_init)
    verify_CRC16_check_sum                   0x08006afd   Thumb Code    60  crc8_crc16.o(i.verify_CRC16_check_sum)
    verify_CRC8_check_sum                    0x08006b3d   Thumb Code    46  crc8_crc16.o(i.verify_CRC8_check_sum)
    CRC8_INIT                                0x08006b6a   Data           1  crc8_crc16.o(.constdata)
    CRC8_table                               0x08006b6b   Data         256  crc8_crc16.o(.constdata)
    wCRC_table                               0x08006c6c   Data         512  crc8_crc16.o(.constdata)
    CRC08_Table                              0x08006e6c   Data         256  crc8_crc16.o(.constdata)
    CRC16_Table                              0x08006f6c   Data         512  crc8_crc16.o(.constdata)
    AHBPrescTable                            0x08007174   Data          16  system_stm32f4xx.o(.constdata)
    APBPrescTable                            0x08007184   Data           8  system_stm32f4xx.o(.constdata)
    Region$$Table$$Base                      0x0800718c   Number         0  anon$$obj.o(Region$$Table)
    Region$$Table$$Limit                     0x080071ac   Number         0  anon$$obj.o(Region$$Table)
    Key_Mode                                 0x20000000   Data           4  dr16.o(.data)
    calibrate_lift_flag                      0x20000004   Data           1  dr16.o(.data)
    rc_ctrl                                  0x20000005   Data          22  dr16.o(.data)
    abs_chassis1                             0x20000020   Data           4  motor.o(.data)
    abs_chassis2                             0x20000024   Data           4  motor.o(.data)
    abs_chassis3                             0x20000028   Data           4  motor.o(.data)
    abs_chassis4                             0x2000002c   Data           4  motor.o(.data)
    start_flag                               0x20000030   Data           1  motor.o(.data)
    Lift_Motor_State                         0x20000031   Data           1  upperboard.o(.data)
    Longitudinal_Motor_State                 0x20000032   Data           1  upperboard.o(.data)
    Horizontal_Motor_State                   0x20000033   Data           1  upperboard.o(.data)
    Chuck_Yaw_State                          0x20000034   Data           1  upperboard.o(.data)
    Chuck_Pitch_State                        0x20000035   Data           1  upperboard.o(.data)
    Chuck_Roll_State                         0x20000036   Data           1  upperboard.o(.data)
    PumpAll_State                            0x20000037   Data           1  upperboard.o(.data)
    View_Servo_State                         0x20000038   Data           1  upperboard.o(.data)
    Longitudinal_Ready_State                 0x20000039   Data           1  upperboard.o(.data)
    Lift_Ready_State                         0x2000003a   Data           1  upperboard.o(.data)
    Pump_State                               0x2000003b   Data           1  upperboard.o(.data)
    ROLL_Ready_State                         0x2000003c   Data           1  upperboard.o(.data)
    Longitudinal_Location                    0x2000003d   Data           1  upperboard.o(.data)
    Lift_Location                            0x2000003e   Data           1  upperboard.o(.data)
    Chuck_Roll_Location                      0x2000003f   Data           1  upperboard.o(.data)
    HP_Zero                                  0x20000040   Data           1  upperboard.o(.data)
    Longitudinal_Location_Low                0x20000041   Data           1  upperboard.o(.data)
    Longitudinal_Location_High               0x20000042   Data           1  upperboard.o(.data)
    Lift_Location_Low                        0x20000043   Data           1  upperboard.o(.data)
    Lift_Location_High                       0x20000044   Data           1  upperboard.o(.data)
    Chuck_Roll_Location_Low                  0x20000045   Data           1  upperboard.o(.data)
    Chuck_Roll_Location_High                 0x20000046   Data           1  upperboard.o(.data)
    pUpperBoard_DataH                        0x20000047   Data           1  upperboard.o(.data)
    pUpperBoard_DataL                        0x20000048   Data           1  upperboard.o(.data)
    target_UpperBoard_Data                   0x20000049   Data           1  upperboard.o(.data)
    CAN_RxData                               0x20000050   Data           8  bsp_can.o(.data)
    tim_counter                              0x20000058   Data           1  bsp_servo.o(.data)
    ChassisMotor1_PID_Parameters             0x2000005c   Data          24  pid.o(.data)
    ChassisMotor2_PID_Parameters             0x20000074   Data          24  pid.o(.data)
    ChassisMotor3_PID_Parameters             0x2000008c   Data          24  pid.o(.data)
    ChassisMotor4_PID_Parameters             0x200000a4   Data          24  pid.o(.data)
    Outboard_MotorL_vPID_Parameters          0x200000bc   Data          24  pid.o(.data)
    Outboard_MotorL_aPID_Parameters          0x200000d4   Data          24  pid.o(.data)
    Outboard_MotorR_vPID_Parameters          0x200000ec   Data          24  pid.o(.data)
    Outboard_MotorR_aPID_Parameters          0x20000104   Data          24  pid.o(.data)
    MineralMotor_PID_Parameters              0x2000011c   Data          24  pid.o(.data)
    time_count                               0x20000134   Data           4  timer_task.o(.data)
    refree_time_count                        0x20000138   Data           4  timer_task.o(.data)
    Last_HP_Zero                             0x2000013c   Data           1  timer_task.o(.data)
    target                                   0x20000140   Data           4  timer_task.o(.data)
    actual                                   0x20000144   Data           4  timer_task.o(.data)
    error                                    0x20000148   Data           4  timer_task.o(.data)
    out                                      0x2000014c   Data           4  timer_task.o(.data)
    servo_angle                              0x20000150   Data           1  timer_task.o(.data)
    chassis_vx                               0x20000154   Data           4  chassismove_task.o(.data)
    chassis_vy                               0x20000158   Data           4  chassismove_task.o(.data)
    chassis_wz                               0x2000015c   Data           4  chassismove_task.o(.data)
    real_chassis_vx                          0x20000160   Data           4  chassismove_task.o(.data)
    real_chassis_vy                          0x20000164   Data           4  chassismove_task.o(.data)
    real_chassis_wz                          0x20000168   Data           4  chassismove_task.o(.data)
    max_d_speed_x                            0x2000016c   Data           4  chassismove_task.o(.data)
    max_d_speed_y                            0x20000170   Data           4  chassismove_task.o(.data)
    max_d_speed_x_stop                       0x20000174   Data           4  chassismove_task.o(.data)
    max_d_speed_y_stop                       0x20000178   Data           4  chassismove_task.o(.data)
    max_d_speed_z                            0x2000017c   Data           4  chassismove_task.o(.data)
    CRC16_INIT                               0x2000018c   Data           2  crc8_crc16.o(.data)
    referee_receive_header                   0x20000190   Data           5  referee.o(.data)
    referee_send_header                      0x20000195   Data           5  referee.o(.data)
    game_result                              0x2000019a   Data           1  referee.o(.data)
    field_event                              0x2000019b   Data           4  referee.o(.data)
    supply_projectile_action_t               0x2000019f   Data           4  referee.o(.data)
    referee_warning_t                        0x200001a3   Data           2  referee.o(.data)
    buff_musk_t                              0x200001a5   Data           1  referee.o(.data)
    robot_energy_t                           0x200001a6   Data           1  referee.o(.data)
    robot_hurt_t                             0x200001a7   Data           1  referee.o(.data)
    shoot_data_t                             0x200001a8   Data           7  referee.o(.data)
    bullet_remaining_t                       0x200001af   Data           6  referee.o(.data)
    student_interactive_data_t               0x200001b5   Data           6  referee.o(.data)
    temp                                     0x200001bc   Data           4  referee.o(.data)
    byte_global                              0x200001c0   Data           1  referee.o(.data)
    seq                                      0x200001c4   Data           1  referee_ui.o(.data)
    UI_AutoAim_Flag                          0x200001c5   Data           1  referee_ui.o(.data)
    UI_Kalman_Speed                          0x200001c8   Data           4  referee_ui.o(.data)
    UI_Gimbal_Pitch                          0x200001cc   Data           4  referee_ui.o(.data)
    UI_Gimbal_Yaw                            0x200001d0   Data           4  referee_ui.o(.data)
    Robot_ID_Current                         0x200001d4   Data           1  referee_ui.o(.data)
    y01                                      0x200001d6   Data           2  referee_ui.o(.data)
    y02                                      0x200001d8   Data           2  referee_ui.o(.data)
    y03                                      0x200001da   Data           2  referee_ui.o(.data)
    y04                                      0x200001dc   Data           2  referee_ui.o(.data)
    Sender_ID                                0x200001de   Data           2  referee_ui.o(.data)
    Receiver_ID                              0x200001e0   Data           2  referee_ui.o(.data)
    UI_PushUp_Counter                        0x200001e2   Data           2  referee_ui.o(.data)
    uwTickFreq                               0x200001e4   Data           1  stm32f4xx_hal.o(.data)
    uwTickPrio                               0x200001e8   Data           4  stm32f4xx_hal.o(.data)
    uwTick                                   0x200001ec   Data           4  stm32f4xx_hal.o(.data)
    SystemCoreClock                          0x200001f0   Data           4  system_stm32f4xx.o(.data)
    chassis_motor1                           0x2000023c   Data         128  motor.o(.bss)
    chassis_motor2                           0x200002bc   Data         128  motor.o(.bss)
    chassis_motor3                           0x2000033c   Data         128  motor.o(.bss)
    chassis_motor4                           0x200003bc   Data         128  motor.o(.bss)
    outboard_lift_motorL                     0x2000043c   Data         128  motor.o(.bss)
    outboard_lift_motorR                     0x200004bc   Data         128  motor.o(.bss)
    mineral_motor1                           0x2000053c   Data         128  motor.o(.bss)
    mineral_motor2                           0x200005bc   Data         128  motor.o(.bss)
    mineral_motor3                           0x2000063c   Data         128  motor.o(.bss)
    mineral_motor4                           0x200006bc   Data         128  motor.o(.bss)
    UpperBoard_Data                          0x2000073c   Data          16  upperboard.o(.bss)
    Receive_UpperBoard_Data                  0x2000074c   Data         100  upperboard.o(.bss)
    hcan1                                    0x200007b0   Data          40  can.o(.bss)
    hcan2                                    0x200007d8   Data          40  can.o(.bss)
    htim1                                    0x20000800   Data          72  tim.o(.bss)
    htim6                                    0x20000848   Data          72  tim.o(.bss)
    huart1                                   0x20000890   Data          68  usart.o(.bss)
    huart3                                   0x200008d4   Data          68  usart.o(.bss)
    huart6                                   0x20000918   Data          68  usart.o(.bss)
    hdma_usart1_rx                           0x2000095c   Data          96  usart.o(.bss)
    hdma_usart1_tx                           0x200009bc   Data          96  usart.o(.bss)
    hdma_usart3_rx                           0x20000a1c   Data          96  usart.o(.bss)
    usart6_buf                               0x20000a7c   Data        1024  bsp_referee.o(.bss)
    referee_fifo                             0x20000e7c   Data          24  bsp_referee.o(.bss)
    referee_fifo_buf                         0x20000e94   Data        1024  bsp_referee.o(.bss)
    Kinematics                               0x20001294   Data          88  kinematics.o(.bss)
    referee_unpack_obj                       0x200012ec   Data         137  referee.o(.bss)
    game_state                               0x20001375   Data          11  referee.o(.bss)
    game_robot_HP_t                          0x20001380   Data          28  referee.o(.bss)
    robot_state                              0x2000139c   Data          27  referee.o(.bss)
    power_heat_data_t                        0x200013b7   Data          16  referee.o(.bss)
    game_robot_pos_t                         0x200013c7   Data          16  referee.o(.bss)
    UI_Graph1                                0x200013d7   Data          30  referee_ui.o(.bss)
    UI_Graph2                                0x200013f5   Data          45  referee_ui.o(.bss)
    UI_Graph5                                0x20001422   Data          90  referee_ui.o(.bss)
    UI_Graph7                                0x2000147c   Data         120  referee_ui.o(.bss)
    UI_String                                0x200014f4   Data          60  referee_ui.o(.bss)
    UI_String1                               0x20001530   Data          60  referee_ui.o(.bss)
    UI_String2                               0x2000156c   Data          60  referee_ui.o(.bss)
    UI_Graph5_Arc                            0x200015a8   Data          90  referee_ui.o(.bss)
    UI_Delete                                0x20001602   Data          17  referee_ui.o(.bss)
    __initial_sp                             0x20001a18   Data           0  startup_stm32f407xx.o(STACK)



==============================================================================

Memory Map of the image

  Image Entry point : 0x08000189

  Load Region LR_IROM1 (Base: 0x08000000, Size: 0x000073a0, Max: 0x00100000, ABSOLUTE, COMPRESSED[0x0000720c])

    Execution Region ER_IROM1 (Base: 0x08000000, Size: 0x000071ac, Max: 0x00100000, ABSOLUTE)

    Base Addr    Size         Type   Attr      Idx    E Section Name        Object

    0x08000000   0x00000188   Data   RO            3    RESET               startup_stm32f407xx.o
    0x08000188   0x00000000   Code   RO         4622  * .ARM.Collect$$$$00000000  mc_w.l(entry.o)
    0x08000188   0x00000004   Code   RO         4669    .ARM.Collect$$$$00000001  mc_w.l(entry2.o)
    0x0800018c   0x00000004   Code   RO         4672    .ARM.Collect$$$$00000004  mc_w.l(entry5.o)
    0x08000190   0x00000000   Code   RO         4674    .ARM.Collect$$$$00000008  mc_w.l(entry7b.o)
    0x08000190   0x00000000   Code   RO         4676    .ARM.Collect$$$$0000000A  mc_w.l(entry8b.o)
    0x08000190   0x00000008   Code   RO         4677    .ARM.Collect$$$$0000000B  mc_w.l(entry9a.o)
    0x08000198   0x00000000   Code   RO         4679    .ARM.Collect$$$$0000000D  mc_w.l(entry10a.o)
    0x08000198   0x00000000   Code   RO         4681    .ARM.Collect$$$$0000000F  mc_w.l(entry11a.o)
    0x08000198   0x00000004   Code   RO         4670    .ARM.Collect$$$$00002712  mc_w.l(entry2.o)
    0x0800019c   0x00000024   Code   RO            4    .text               startup_stm32f407xx.o
    0x080001c0   0x00000062   Code   RO         4625    .text               mc_w.l(uldiv.o)
    0x08000222   0x00000024   Code   RO         4627    .text               mc_w.l(memcpya.o)
    0x08000246   0x00000024   Code   RO         4629    .text               mc_w.l(memseta.o)
    0x0800026a   0x000000e4   Code   RO         4661    .text               mf_w.l(dmul.o)
    0x0800034e   0x000000de   Code   RO         4663    .text               mf_w.l(ddiv.o)
    0x0800042c   0x00000022   Code   RO         4665    .text               mf_w.l(dflti.o)
    0x0800044e   0x00000038   Code   RO         4667    .text               mf_w.l(d2f.o)
    0x08000486   0x0000001e   Code   RO         4683    .text               mc_w.l(llshl.o)
    0x080004a4   0x00000020   Code   RO         4685    .text               mc_w.l(llushr.o)
    0x080004c4   0x00000000   Code   RO         4689    .text               mc_w.l(iusefp.o)
    0x080004c4   0x0000006e   Code   RO         4690    .text               mf_w.l(fepilogue.o)
    0x08000532   0x000000ba   Code   RO         4692    .text               mf_w.l(depilogue.o)
    0x080005ec   0x00000024   Code   RO         4694    .text               mc_w.l(init.o)
    0x08000610   0x00000056   Code   RO         4704    .text               mc_w.l(__dczerorl2.o)
    0x08000666   0x0000012a   Code   RO         1066    i.Apid_Calc         pid.o
    0x08000790   0x00000118   Code   RO         1111    i.BaseVel_To_WheelVel  kinematics.o
    0x080008a8   0x00000004   Code   RO          676    i.BusFault_Handler  stm32f4xx_it.o
    0x080008ac   0x00000048   Code   RO          264    i.CAN1_Motor_ControlMsg  motor.o
    0x080008f4   0x00000058   Code   RO          265    i.CAN1_Motor_HandleMsg  motor.o
    0x0800094c   0x00000010   Code   RO          677    i.CAN1_RX0_IRQHandler  stm32f4xx_it.o
    0x0800095c   0x00000030   Code   RO          841    i.CAN1_Send_Msg     bsp_can.o
    0x0800098c   0x00000010   Code   RO          678    i.CAN1_TX_IRQHandler  stm32f4xx_it.o
    0x0800099c   0x00000034   Code   RO          266    i.CAN2_Motor_ControlMsg  motor.o
    0x080009d0   0x000000b0   Code   RO          267    i.CAN2_Motor_HandleMsg  motor.o
    0x08000a80   0x00000010   Code   RO          679    i.CAN2_RX0_IRQHandler  stm32f4xx_it.o
    0x08000a90   0x00000030   Code   RO          842    i.CAN2_Send_Msg     bsp_can.o
    0x08000ac0   0x00000060   Code   RO          843    i.CAN_Filter_Config  bsp_can.o
    0x08000b20   0x00000020   Code   RO         1306    i.CRC08_Calculate   crc8_crc16.o
    0x08000b40   0x0000003c   Code   RO         1309    i.CRC16_Calculate   crc8_crc16.o
    0x08000b7c   0x0000003e   Code   RO         1067    i.ChassisMotorPID_Calc  pid.o
    0x08000bba   0x00000002   PAD
    0x08000bbc   0x0000002c   Code   RO         1209    i.ChassisMove       chassismove_task.o
    0x08000be8   0x00000010   Code   RO          680    i.DMA1_Stream1_IRQHandler  stm32f4xx_it.o
    0x08000bf8   0x00000010   Code   RO          681    i.DMA2_Stream2_IRQHandler  stm32f4xx_it.o
    0x08000c08   0x00000010   Code   RO          682    i.DMA2_Stream7_IRQHandler  stm32f4xx_it.o
    0x08000c18   0x00000034   Code   RO         2568    i.DMA_CalcBaseAndBitshift  stm32f4xx_hal_dma.o
    0x08000c4c   0x0000007e   Code   RO         2569    i.DMA_CheckFifoParam  stm32f4xx_hal_dma.o
    0x08000cca   0x00000002   Code   RO          683    i.DebugMon_Handler  stm32f4xx_it.o
    0x08000ccc   0x00000006   Code   RO          385    i.Error_Handler     main.o
    0x08000cd2   0x00000024   Code   RO         1831    i.HAL_CAN_ActivateNotification  stm32f4xx_hal_can.o
    0x08000cf6   0x00000104   Code   RO         1832    i.HAL_CAN_AddTxMessage  stm32f4xx_hal_can.o
    0x08000dfa   0x00000002   PAD
    0x08000dfc   0x00000128   Code   RO         1833    i.HAL_CAN_ConfigFilter  stm32f4xx_hal_can.o
    0x08000f24   0x00000002   Code   RO         1836    i.HAL_CAN_ErrorCallback  stm32f4xx_hal_can.o
    0x08000f26   0x0000016c   Code   RO         1839    i.HAL_CAN_GetRxMessage  stm32f4xx_hal_can.o
    0x08001092   0x00000234   Code   RO         1843    i.HAL_CAN_IRQHandler  stm32f4xx_hal_can.o
    0x080012c6   0x00000168   Code   RO         1844    i.HAL_CAN_Init      stm32f4xx_hal_can.o
    0x0800142e   0x00000002   PAD
    0x08001430   0x00000170   Code   RO          496    i.HAL_CAN_MspInit   can.o
    0x080015a0   0x00000002   Code   RO         1851    i.HAL_CAN_RxFifo0FullCallback  stm32f4xx_hal_can.o
    0x080015a2   0x00000002   PAD
    0x080015a4   0x00000048   Code   RO          844    i.HAL_CAN_RxFifo0MsgPendingCallback  bsp_can.o
    0x080015ec   0x00000002   Code   RO         1853    i.HAL_CAN_RxFifo1FullCallback  stm32f4xx_hal_can.o
    0x080015ee   0x00000002   Code   RO         1854    i.HAL_CAN_RxFifo1MsgPendingCallback  stm32f4xx_hal_can.o
    0x080015f0   0x00000002   Code   RO         1855    i.HAL_CAN_SleepCallback  stm32f4xx_hal_can.o
    0x080015f2   0x00000064   Code   RO         1856    i.HAL_CAN_Start     stm32f4xx_hal_can.o
    0x08001656   0x00000002   Code   RO         1858    i.HAL_CAN_TxMailbox0AbortCallback  stm32f4xx_hal_can.o
    0x08001658   0x00000002   Code   RO         1859    i.HAL_CAN_TxMailbox0CompleteCallback  stm32f4xx_hal_can.o
    0x0800165a   0x00000002   Code   RO         1860    i.HAL_CAN_TxMailbox1AbortCallback  stm32f4xx_hal_can.o
    0x0800165c   0x00000002   Code   RO         1861    i.HAL_CAN_TxMailbox1CompleteCallback  stm32f4xx_hal_can.o
    0x0800165e   0x00000002   Code   RO         1862    i.HAL_CAN_TxMailbox2AbortCallback  stm32f4xx_hal_can.o
    0x08001660   0x00000002   Code   RO         1863    i.HAL_CAN_TxMailbox2CompleteCallback  stm32f4xx_hal_can.o
    0x08001662   0x00000002   Code   RO         1865    i.HAL_CAN_WakeUpFromRxMsgCallback  stm32f4xx_hal_can.o
    0x08001664   0x000000a2   Code   RO         2571    i.HAL_DMA_Abort     stm32f4xx_hal_dma.o
    0x08001706   0x00000024   Code   RO         2572    i.HAL_DMA_Abort_IT  stm32f4xx_hal_dma.o
    0x0800172a   0x00000002   PAD
    0x0800172c   0x000001ec   Code   RO         2576    i.HAL_DMA_IRQHandler  stm32f4xx_hal_dma.o
    0x08001918   0x000000ec   Code   RO         2577    i.HAL_DMA_Init      stm32f4xx_hal_dma.o
    0x08001a04   0x00000028   Code   RO         2985    i.HAL_Delay         stm32f4xx_hal.o
    0x08001a2c   0x0000022c   Code   RO         2464    i.HAL_GPIO_Init     stm32f4xx_hal_gpio.o
    0x08001c58   0x00000010   Code   RO         2467    i.HAL_GPIO_TogglePin  stm32f4xx_hal_gpio.o
    0x08001c68   0x0000000e   Code   RO         2468    i.HAL_GPIO_WritePin  stm32f4xx_hal_gpio.o
    0x08001c76   0x00000002   PAD
    0x08001c78   0x0000000c   Code   RO         2991    i.HAL_GetTick       stm32f4xx_hal.o
    0x08001c84   0x00000010   Code   RO         2997    i.HAL_IncTick       stm32f4xx_hal.o
    0x08001c94   0x00000034   Code   RO         2998    i.HAL_Init          stm32f4xx_hal.o
    0x08001cc8   0x00000044   Code   RO         2999    i.HAL_InitTick      stm32f4xx_hal.o
    0x08001d0c   0x00000048   Code   RO          817    i.HAL_MspInit       stm32f4xx_hal_msp.o
    0x08001d54   0x0000001c   Code   RO         2853    i.HAL_NVIC_EnableIRQ  stm32f4xx_hal_cortex.o
    0x08001d70   0x00000068   Code   RO         2859    i.HAL_NVIC_SetPriority  stm32f4xx_hal_cortex.o
    0x08001dd8   0x00000024   Code   RO         2860    i.HAL_NVIC_SetPriorityGrouping  stm32f4xx_hal_cortex.o
    0x08001dfc   0x0000017c   Code   RO         2065    i.HAL_RCC_ClockConfig  stm32f4xx_hal_rcc.o
    0x08001f78   0x0000000c   Code   RO         2070    i.HAL_RCC_GetHCLKFreq  stm32f4xx_hal_rcc.o
    0x08001f84   0x00000020   Code   RO         2072    i.HAL_RCC_GetPCLK1Freq  stm32f4xx_hal_rcc.o
    0x08001fa4   0x00000020   Code   RO         2073    i.HAL_RCC_GetPCLK2Freq  stm32f4xx_hal_rcc.o
    0x08001fc4   0x00000070   Code   RO         2074    i.HAL_RCC_GetSysClockFreq  stm32f4xx_hal_rcc.o
    0x08002034   0x00000482   Code   RO         2077    i.HAL_RCC_OscConfig  stm32f4xx_hal_rcc.o
    0x080024b6   0x00000002   PAD
    0x080024b8   0x00000028   Code   RO         2864    i.HAL_SYSTICK_Config  stm32f4xx_hal_cortex.o
    0x080024e0   0x00000002   Code   RO         3953    i.HAL_TIMEx_BreakCallback  stm32f4xx_hal_tim_ex.o
    0x080024e2   0x00000002   Code   RO         3954    i.HAL_TIMEx_CommutCallback  stm32f4xx_hal_tim_ex.o
    0x080024e4   0x00000066   Code   RO         3956    i.HAL_TIMEx_ConfigBreakDeadTime  stm32f4xx_hal_tim_ex.o
    0x0800254a   0x0000009a   Code   RO         3972    i.HAL_TIMEx_MasterConfigSynchronization  stm32f4xx_hal_tim_ex.o
    0x080025e4   0x0000005c   Code   RO         3238    i.HAL_TIM_Base_Init  stm32f4xx_hal_tim.o
    0x08002640   0x00000088   Code   RO          569    i.HAL_TIM_Base_MspInit  tim.o
    0x080026c8   0x0000008a   Code   RO         3243    i.HAL_TIM_Base_Start_IT  stm32f4xx_hal_tim.o
    0x08002752   0x000000ea   Code   RO         3247    i.HAL_TIM_ConfigClockSource  stm32f4xx_hal_tim.o
    0x0800283c   0x00000002   Code   RO         3272    i.HAL_TIM_IC_CaptureCallback  stm32f4xx_hal_tim.o
    0x0800283e   0x00000174   Code   RO         3286    i.HAL_TIM_IRQHandler  stm32f4xx_hal_tim.o
    0x080029b2   0x00000002   PAD
    0x080029b4   0x00000060   Code   RO          570    i.HAL_TIM_MspPostInit  tim.o
    0x08002a14   0x00000002   Code   RO         3289    i.HAL_TIM_OC_DelayElapsedCallback  stm32f4xx_hal_tim.o
    0x08002a16   0x000000d8   Code   RO         3310    i.HAL_TIM_PWM_ConfigChannel  stm32f4xx_hal_tim.o
    0x08002aee   0x0000005c   Code   RO         3313    i.HAL_TIM_PWM_Init  stm32f4xx_hal_tim.o
    0x08002b4a   0x00000002   Code   RO         3315    i.HAL_TIM_PWM_MspInit  stm32f4xx_hal_tim.o
    0x08002b4c   0x00000034   Code   RO          970    i.HAL_TIM_PWM_PulseFinishedCallback  bsp_servo.o
    0x08002b80   0x0000007c   Code   RO         3321    i.HAL_TIM_PWM_Stop  stm32f4xx_hal_tim.o
    0x08002bfc   0x000001b0   Code   RO         1147    i.HAL_TIM_PeriodElapsedCallback  timer_task.o
    0x08002dac   0x00000002   Code   RO         3329    i.HAL_TIM_TriggerCallback  stm32f4xx_hal_tim.o
    0x08002dae   0x00000002   Code   RO         4231    i.HAL_UARTEx_RxEventCallback  stm32f4xx_hal_uart.o
    0x08002db0   0x00000002   Code   RO         4245    i.HAL_UART_ErrorCallback  stm32f4xx_hal_uart.o
    0x08002db2   0x00000002   PAD
    0x08002db4   0x00000260   Code   RO         4248    i.HAL_UART_IRQHandler  stm32f4xx_hal_uart.o
    0x08003014   0x00000064   Code   RO         4249    i.HAL_UART_Init     stm32f4xx_hal_uart.o
    0x08003078   0x000002c0   Code   RO          623    i.HAL_UART_MspInit  usart.o
    0x08003338   0x0000002e   Code   RO         4254    i.HAL_UART_Receive_IT  stm32f4xx_hal_uart.o
    0x08003366   0x00000002   Code   RO         4255    i.HAL_UART_RxCpltCallback  stm32f4xx_hal_uart.o
    0x08003368   0x000000ca   Code   RO         4257    i.HAL_UART_Transmit  stm32f4xx_hal_uart.o
    0x08003432   0x00000002   Code   RO         4260    i.HAL_UART_TxCpltCallback  stm32f4xx_hal_uart.o
    0x08003434   0x00000324   Code   RO           13    i.HandleDR16_Data   dr16.o
    0x08003758   0x00000004   Code   RO          684    i.HardFault_Handler  stm32f4xx_it.o
    0x0800375c   0x00000530   Code   RO           14    i.Key_Control       dr16.o
    0x08003c8c   0x00000028   Code   RO           15    i.Key_Mode_Judge    dr16.o
    0x08003cb4   0x00000018   Code   RO          916    i.LED_Blue          bsp_led.o
    0x08003ccc   0x00000014   Code   RO          919    i.LED_Green_Toggle  bsp_led.o
    0x08003ce0   0x000000b8   Code   RO          343    i.Load_UpperBoard_Data  upperboard.o
    0x08003d98   0x00000048   Code   RO          497    i.MX_CAN1_Init      can.o
    0x08003de0   0x00000048   Code   RO          498    i.MX_CAN2_Init      can.o
    0x08003e28   0x00000078   Code   RO          544    i.MX_DMA_Init       dma.o
    0x08003ea0   0x0000013c   Code   RO          471    i.MX_GPIO_Init      gpio.o
    0x08003fdc   0x000000d8   Code   RO          571    i.MX_TIM1_Init      tim.o
    0x080040b4   0x0000004c   Code   RO          572    i.MX_TIM6_Init      tim.o
    0x08004100   0x00000038   Code   RO          624    i.MX_USART1_UART_Init  usart.o
    0x08004138   0x00000038   Code   RO          625    i.MX_USART3_UART_Init  usart.o
    0x08004170   0x00000038   Code   RO          626    i.MX_USART6_UART_Init  usart.o
    0x080041a8   0x00000004   Code   RO          685    i.MemManage_Handler  stm32f4xx_it.o
    0x080041ac   0x0000003e   Code   RO         1068    i.MineralMotorPID_Calc  pid.o
    0x080041ea   0x00000002   PAD
    0x080041ec   0x00000094   Code   RO           16    i.Motor_Lift_Calibrate  dr16.o
    0x08004280   0x00000074   Code   RO          268    i.Motor_RecordData  motor.o
    0x080042f4   0x00000004   Code   RO          686    i.NMI_Handler       stm32f4xx_it.o
    0x080042f8   0x0000007a   Code   RO         1069    i.OutboardLiftMotor_PID_Calc  pid.o
    0x08004372   0x00000002   Code   RO          687    i.PendSV_Handler    stm32f4xx_it.o
    0x08004374   0x00000010   Code   RO           17    i.RC_abs            dr16.o
    0x08004384   0x000000a0   Code   RO           18    i.RC_data_is_error  dr16.o
    0x08004424   0x0000009c   Code   RO           19    i.RC_init           dr16.o
    0x080044c0   0x000000c4   Code   RO           20    i.RC_restart        dr16.o
    0x08004584   0x00000144   Code   RO         1006    i.REFEREE_init      bsp_referee.o
    0x080046c8   0x00000028   Code   RO         1278    i.ReceiveUpperBoard  receiveupperboard_task.o
    0x080046f0   0x00000020   Code   RO         1254    i.RemoteUpperBoard  remoteupperboard_task.o
    0x08004710   0x0000013c   Code   RO          344    i.Resolve_UpperBoard_Data  upperboard.o
    0x0800484c   0x00000002   Code   RO          688    i.SVC_Handler       stm32f4xx_it.o
    0x0800484e   0x00000002   PAD
    0x08004850   0x00000088   Code   RO          269    i.Set_Chassis_Current  motor.o
    0x080048d8   0x0000004c   Code   RO          270    i.Set_Lift_Current  motor.o
    0x08004924   0x00000088   Code   RO          271    i.Set_Mineral_Current  motor.o
    0x080049ac   0x00000008   Code   RO          689    i.SysTick_Handler   stm32f4xx_it.o
    0x080049b4   0x000000b4   Code   RO          386    i.SystemClock_Config  main.o
    0x08004a68   0x0000001c   Code   RO         4588    i.SystemInit        system_stm32f4xx.o
    0x08004a84   0x00000010   Code   RO          690    i.TIM1_CC_IRQHandler  stm32f4xx_it.o
    0x08004a94   0x00000010   Code   RO          691    i.TIM6_DAC_IRQHandler  stm32f4xx_it.o
    0x08004aa4   0x000000cc   Code   RO         3331    i.TIM_Base_SetConfig  stm32f4xx_hal_tim.o
    0x08004b70   0x0000001e   Code   RO         3332    i.TIM_CCxChannelCmd  stm32f4xx_hal_tim.o
    0x08004b8e   0x00000016   Code   RO         3342    i.TIM_ETR_SetConfig  stm32f4xx_hal_tim.o
    0x08004ba4   0x00000010   Code   RO         3343    i.TIM_ITRx_SetConfig  stm32f4xx_hal_tim.o
    0x08004bb4   0x00000070   Code   RO         3344    i.TIM_OC1_SetConfig  stm32f4xx_hal_tim.o
    0x08004c24   0x00000078   Code   RO         3345    i.TIM_OC2_SetConfig  stm32f4xx_hal_tim.o
    0x08004c9c   0x00000078   Code   RO         3346    i.TIM_OC3_SetConfig  stm32f4xx_hal_tim.o
    0x08004d14   0x00000058   Code   RO         3347    i.TIM_OC4_SetConfig  stm32f4xx_hal_tim.o
    0x08004d6c   0x00000026   Code   RO         3349    i.TIM_TI1_ConfigInputStage  stm32f4xx_hal_tim.o
    0x08004d92   0x00000024   Code   RO         3351    i.TIM_TI2_ConfigInputStage  stm32f4xx_hal_tim.o
    0x08004db6   0x00000010   Code   RO         4262    i.UART_DMAAbortOnError  stm32f4xx_hal_uart.o
    0x08004dc6   0x0000004e   Code   RO         4272    i.UART_EndRxTransfer  stm32f4xx_hal_uart.o
    0x08004e14   0x0000001a   Code   RO         4273    i.UART_EndTransmit_IT  stm32f4xx_hal_uart.o
    0x08004e2e   0x000000c8   Code   RO         4275    i.UART_Receive_IT   stm32f4xx_hal_uart.o
    0x08004ef6   0x00000002   PAD
    0x08004ef8   0x000000fc   Code   RO         4276    i.UART_SetConfig    stm32f4xx_hal_uart.o
    0x08004ff4   0x0000003c   Code   RO         4278    i.UART_Start_Receive_IT  stm32f4xx_hal_uart.o
    0x08005030   0x0000005e   Code   RO         4279    i.UART_Transmit_IT  stm32f4xx_hal_uart.o
    0x0800508e   0x0000008c   Code   RO         4280    i.UART_WaitOnFlagUntilTimeout  stm32f4xx_hal_uart.o
    0x0800511a   0x000000b6   Code   RO         1508    i.UI_Draw_Arc       referee_ui.o
    0x080051d0   0x00000096   Code   RO         1512    i.UI_Draw_Line      referee_ui.o
    0x08005266   0x000000b8   Code   RO         1514    i.UI_Draw_String    referee_ui.o
    0x0800531e   0x00000002   PAD
    0x08005320   0x0000013c   Code   RO         1516    i.UI_PushUp_Graphs  referee_ui.o
    0x0800545c   0x0000005c   Code   RO         1517    i.UI_PushUp_String  referee_ui.o
    0x080054b8   0x0000011c   Code   RO         1008    i.USART1_IRQHandler  bsp_referee.o
    0x080055d4   0x00000148   Code   RO           21    i.USART3_IRQHandler  dr16.o
    0x0800571c   0x00000028   Code   RO          692    i.USART6_IRQHandler  stm32f4xx_it.o
    0x08005744   0x00000004   Code   RO          693    i.UsageFault_Handler  stm32f4xx_it.o
    0x08005748   0x0000012a   Code   RO         1070    i.Vpid_Calc         pid.o
    0x08005872   0x00000006   Code   RO         1619    i.__get_PRIMASK     fifo.o
    0x08005878   0x0000000e   Code   RO         4698    i.__scatterload_copy  mc_w.l(handlers.o)
    0x08005886   0x00000002   Code   RO         4699    i.__scatterload_null  mc_w.l(handlers.o)
    0x08005888   0x0000000e   Code   RO         4700    i.__scatterload_zeroinit  mc_w.l(handlers.o)
    0x08005896   0x00000006   Code   RO         1620    i.__set_PRIMASK     fifo.o
    0x0800589c   0x0000006c   Code   RO          272    i.abs_motor         motor.o
    0x08005908   0x000000e8   Code   RO           22    i.caculate_linear_speed  dr16.o
    0x080059f0   0x0000008c   Code   RO           23    i.caculate_rotational_speed  dr16.o
    0x08005a7c   0x0000003a   Code   RO         1638    i.fifo_s_get        fifo.o
    0x08005ab6   0x00000016   Code   RO         1641    i.fifo_s_init       fifo.o
    0x08005acc   0x000000a0   Code   RO         1647    i.fifo_s_puts       fifo.o
    0x08005b6c   0x00000006   Code   RO         1649    i.fifo_s_used       fifo.o
    0x08005b72   0x00000002   PAD
    0x08005b74   0x00000034   Code   RO         1313    i.get_CRC16_check_sum  crc8_crc16.o
    0x08005ba8   0x00000024   Code   RO         1314    i.get_CRC8_check_sum  crc8_crc16.o
    0x08005bcc   0x0000000c   Code   RO         1405    i.get_robot_id      referee.o
    0x08005bd8   0x000000a8   Code   RO         1409    i.init_referee_struct_data  referee.o
    0x08005c80   0x00000074   Code   RO         1210    i.judge_height      chassismove_task.o
    0x08005cf4   0x00000068   Code   RO          387    i.main              main.o
    0x08005d5c   0x0000017c   Code   RO         1410    i.referee_data_solve  referee.o
    0x08005ed8   0x00000164   Code   RO         1411    i.referee_unpack_fifo_data  referee.o
    0x0800603c   0x0000002c   Code   RO         1009    i.referee_usart_fifo_init  bsp_referee.o
    0x08006068   0x00000750   Code   RO         1520    i.referee_usart_task  referee_ui.o
    0x080067b8   0x00000014   Code   RO           25    i.remote_control_init  dr16.o
    0x080067cc   0x000000a8   Code   RO           26    i.sbus_to_rc        dr16.o
    0x08006874   0x00000288   Code   RO         1211    i.speed_optimize    chassismove_task.o
    0x08006afc   0x00000040   Code   RO         1315    i.verify_CRC16_check_sum  crc8_crc16.o
    0x08006b3c   0x0000002e   Code   RO         1316    i.verify_CRC8_check_sum  crc8_crc16.o
    0x08006b6a   0x00000602   Data   RO         1317    .constdata          crc8_crc16.o
    0x0800716c   0x00000008   Data   RO         2583    .constdata          stm32f4xx_hal_dma.o
    0x08007174   0x00000010   Data   RO         4589    .constdata          system_stm32f4xx.o
    0x08007184   0x00000008   Data   RO         4590    .constdata          system_stm32f4xx.o
    0x0800718c   0x00000020   Data   RO         4696    Region$$Table       anon$$obj.o


    Execution Region RW_IRAM2 (Base: 0x10000000, Size: 0x00000000, Max: 0x00010000, ABSOLUTE)

    **** No section assigned to this execution region ****


    Execution Region RW_IRAM1 (Base: 0x20000000, Size: 0x00001a18, Max: 0x00020000, ABSOLUTE, COMPRESSED[0x00000060])

    Base Addr    Size         Type   Attr      Idx    E Section Name        Object

    0x20000000   0x0000001e   Data   RW           28    .data               dr16.o
    0x2000001e   0x00000002   PAD
    0x20000020   0x00000011   Data   RW          274    .data               motor.o
    0x20000031   0x00000019   Data   RW          346    .data               upperboard.o
    0x2000004a   0x00000002   PAD
    0x2000004c   0x00000004   Data   RW          500    .data               can.o
    0x20000050   0x00000008   Data   RW          845    .data               bsp_can.o
    0x20000058   0x00000001   Data   RW          972    .data               bsp_servo.o
    0x20000059   0x00000001   PAD
    0x2000005a   0x00000002   Data   RW         1011    .data               bsp_referee.o
    0x2000005c   0x000000d8   Data   RW         1071    .data               pid.o
    0x20000134   0x0000001d   Data   RW         1148    .data               timer_task.o
    0x20000151   0x00000003   PAD
    0x20000154   0x00000038   Data   RW         1213    .data               chassismove_task.o
    0x2000018c   0x00000002   Data   RW         1318    .data               crc8_crc16.o
    0x2000018e   0x00000002   PAD
    0x20000190   0x00000031   Data   RW         1413    .data               referee.o
    0x200001c1   0x00000003   PAD
    0x200001c4   0x00000020   Data   RW         1522    .data               referee_ui.o
    0x200001e4   0x0000000c   Data   RW         3005    .data               stm32f4xx_hal.o
    0x200001f0   0x00000004   Data   RW         4591    .data               system_stm32f4xx.o
    0x200001f4   0x00000048   Zero   RW           27    .bss                dr16.o
    0x2000023c   0x00000500   Zero   RW          273    .bss                motor.o
    0x2000073c   0x00000074   Zero   RW          345    .bss                upperboard.o
    0x200007b0   0x00000050   Zero   RW          499    .bss                can.o
    0x20000800   0x00000090   Zero   RW          573    .bss                tim.o
    0x20000890   0x000001ec   Zero   RW          627    .bss                usart.o
    0x20000a7c   0x00000818   Zero   RW         1010    .bss                bsp_referee.o
    0x20001294   0x00000058   Zero   RW         1112    .bss                kinematics.o
    0x200012ec   0x000000eb   Zero   RW         1412    .bss                referee.o
    0x200013d7   0x0000023c   Zero   RW         1521    .bss                referee_ui.o
    0x20001613   0x00000005   PAD
    0x20001618   0x00000400   Zero   RW            1    STACK               startup_stm32f407xx.o


==============================================================================

Image component sizes


      Code (inc. data)   RO Data    RW Data    ZI Data      Debug   Object Name

       264         34          0          8          0       3193   bsp_can.o
        44         12          0          0          0       1050   bsp_led.o
       652         68          0          2       2072       2781   bsp_referee.o
        52          8          0          1          0       1130   bsp_servo.o
       512         44          0          4         80       2550   can.o
       808         82          0         56          0       2829   chassismove_task.o
       290         30       1538          2          0       5201   crc8_crc16.o
       120          6          0          0          0        858   dma.o
      3736        258          0         30         72     713822   dr16.o
       258          0          0          0          0       9219   fifo.o
       316         14          0          0          0       1151   gpio.o
       280         30          0          0         88       2079   kinematics.o
       290         24          0          0          0       3248   main.o
       960        194          0         17       1280       7155   motor.o
       842          0          0        216          0       4945   pid.o
        40          8          0          0          0        580   receiveupperboard_task.o
       916        158          0         49        235      12722   referee.o
      2796        202          0         32        572      15757   referee_ui.o
        32         10          0          0          0        535   remoteupperboard_task.o
        36          8        392          0       1024        856   startup_stm32f407xx.o
       188         30          0         12          0       9565   stm32f4xx_hal.o
      2004          6          0          0          0      15355   stm32f4xx_hal_can.o
       208         16          0          0          0      33759   stm32f4xx_hal_cortex.o
      1104         18          8          0          0       5955   stm32f4xx_hal_dma.o
       586         18          0          0          0       3065   stm32f4xx_hal_gpio.o
        72          4          0          0          0        894   stm32f4xx_hal_msp.o
      1722        104          0          0          0       6652   stm32f4xx_hal_rcc.o
      2062         46          0          0          0      16483   stm32f4xx_hal_tim.o
       260          0          0          0          0       3537   stm32f4xx_hal_tim_ex.o
      1830          8          0          0          0      13690   stm32f4xx_hal_uart.o
       202         56          0          0          0       9076   stm32f4xx_it.o
        28          8         24          4          0       1215   system_stm32f4xx.o
       524         44          0          0        144       3233   tim.o
       432         54          0         29          0       7133   timer_task.o
       500        110          0         25        116       5282   upperboard.o
       872         84          0          0        492       3517   usart.o

    ----------------------------------------------------------------------
     25866       1796       1994        500       6180     930072   Object Totals
         0          0         32          0          0          0   (incl. Generated)
        28          0          0         13          5          0   (incl. Padding)

    ----------------------------------------------------------------------

      Code (inc. data)   RO Data    RW Data    ZI Data      Debug   Library Member Name

        86          0          0          0          0          0   __dczerorl2.o
         0          0          0          0          0          0   entry.o
         0          0          0          0          0          0   entry10a.o
         0          0          0          0          0          0   entry11a.o
         8          4          0          0          0          0   entry2.o
         4          0          0          0          0          0   entry5.o
         0          0          0          0          0          0   entry7b.o
         0          0          0          0          0          0   entry8b.o
         8          4          0          0          0          0   entry9a.o
        30          0          0          0          0          0   handlers.o
        36          8          0          0          0         68   init.o
         0          0          0          0          0          0   iusefp.o
        30          0          0          0          0         68   llshl.o
        32          0          0          0          0         68   llushr.o
        36          0          0          0          0         68   memcpya.o
        36          0          0          0          0        108   memseta.o
        98          0          0          0          0         92   uldiv.o
        56          0          0          0          0         88   d2f.o
       222          0          0          0          0        100   ddiv.o
       186          0          0          0          0        176   depilogue.o
        34          0          0          0          0         76   dflti.o
       228          0          0          0          0         96   dmul.o
       110          0          0          0          0        168   fepilogue.o

    ----------------------------------------------------------------------
      1240         16          0          0          0       1176   Library Totals
         0          0          0          0          0          0   (incl. Padding)

    ----------------------------------------------------------------------

      Code (inc. data)   RO Data    RW Data    ZI Data      Debug   Library Name

       404         16          0          0          0        472   mc_w.l
       836          0          0          0          0        704   mf_w.l

    ----------------------------------------------------------------------
      1240         16          0          0          0       1176   Library Totals

    ----------------------------------------------------------------------

==============================================================================


      Code (inc. data)   RO Data    RW Data    ZI Data      Debug   

     27106       1812       1994        500       6180     913212   Grand Totals
     27106       1812       1994         96       6180     913212   ELF Image Totals (compressed)
     27106       1812       1994         96          0          0   ROM Totals

==============================================================================

    Total RO  Size (Code + RO Data)                29100 (  28.42kB)
    Total RW  Size (RW Data + ZI Data)              6680 (   6.52kB)
    Total ROM Size (Code + RO Data + RW Data)      29196 (  28.51kB)

==============================================================================

