Component: ARM Compiler 5.06 update 4 (build 422) Tool: armlink [4d35d2]

==============================================================================

Section Cross References

    startup_stm32f407xx.o(RESET) refers to startup_stm32f407xx.o(STACK) for __initial_sp
    startup_stm32f407xx.o(RESET) refers to startup_stm32f407xx.o(.text) for Reset_Handler
    startup_stm32f407xx.o(RESET) refers to stm32f4xx_it.o(i.NMI_Handler) for NMI_Handler
    startup_stm32f407xx.o(RESET) refers to stm32f4xx_it.o(i.HardFault_Handler) for HardFault_Handler
    startup_stm32f407xx.o(RESET) refers to stm32f4xx_it.o(i.MemManage_Handler) for MemManage_Handler
    startup_stm32f407xx.o(RESET) refers to stm32f4xx_it.o(i.BusFault_Handler) for BusFault_Handler
    startup_stm32f407xx.o(RESET) refers to stm32f4xx_it.o(i.UsageFault_Handler) for UsageFault_Handler
    startup_stm32f407xx.o(RESET) refers to stm32f4xx_it.o(i.SVC_Handler) for SVC_Handler
    startup_stm32f407xx.o(RESET) refers to stm32f4xx_it.o(i.DebugMon_Handler) for DebugMon_Handler
    startup_stm32f407xx.o(RESET) refers to stm32f4xx_it.o(i.PendSV_Handler) for PendSV_Handler
    startup_stm32f407xx.o(RESET) refers to stm32f4xx_it.o(i.SysTick_Handler) for SysTick_Handler
    startup_stm32f407xx.o(RESET) refers to stm32f4xx_it.o(i.DMA1_Stream1_IRQHandler) for DMA1_Stream1_IRQHandler
    startup_stm32f407xx.o(RESET) refers to stm32f4xx_it.o(i.CAN1_TX_IRQHandler) for CAN1_TX_IRQHandler
    startup_stm32f407xx.o(RESET) refers to stm32f4xx_it.o(i.CAN1_RX0_IRQHandler) for CAN1_RX0_IRQHandler
    startup_stm32f407xx.o(RESET) refers to stm32f4xx_it.o(i.TIM1_CC_IRQHandler) for TIM1_CC_IRQHandler
    startup_stm32f407xx.o(RESET) refers to bsp_referee.o(i.USART1_IRQHandler) for USART1_IRQHandler
    startup_stm32f407xx.o(RESET) refers to dr16.o(i.USART3_IRQHandler) for USART3_IRQHandler
    startup_stm32f407xx.o(RESET) refers to stm32f4xx_it.o(i.TIM6_DAC_IRQHandler) for TIM6_DAC_IRQHandler
    startup_stm32f407xx.o(RESET) refers to stm32f4xx_it.o(i.DMA2_Stream2_IRQHandler) for DMA2_Stream2_IRQHandler
    startup_stm32f407xx.o(RESET) refers to stm32f4xx_it.o(i.CAN2_RX0_IRQHandler) for CAN2_RX0_IRQHandler
    startup_stm32f407xx.o(RESET) refers to stm32f4xx_it.o(i.DMA2_Stream7_IRQHandler) for DMA2_Stream7_IRQHandler
    startup_stm32f407xx.o(RESET) refers to stm32f4xx_it.o(i.USART6_IRQHandler) for USART6_IRQHandler
    startup_stm32f407xx.o(.text) refers to system_stm32f4xx.o(i.SystemInit) for SystemInit
    startup_stm32f407xx.o(.text) refers to entry.o(.ARM.Collect$$$$00000000) for __main
    dr16.o(i.Motor_Control) refers to stm32f4xx_hal_gpio.o(i.HAL_GPIO_WritePin) for HAL_GPIO_WritePin
    dr16.o(i.Motor_Control) refers to upperboard.o(.data) for Out_Lift_Motor_State
    dr16.o(i.Motor_Control) refers to motor.o(.bss) for outboard_lift_motorL
    dr16.o(i.Motor_Control) refers to chassismove_task.o(.data) for chassis_vx
    dr16.o(i.Motor_Lift_Calibrate) refers to motor.o(.bss) for outboard_lift_motorL
    dr16.o(i.Motor_Lift_Calibrate) refers to dr16.o(.data) for .data
    dr16.o(i.RC_data_is_error) refers to dr16.o(i.RC_abs) for RC_abs
    dr16.o(i.RC_data_is_error) refers to dr16.o(.data) for .data
    dr16.o(i.RC_init) refers to usart.o(.bss) for huart3
    dr16.o(i.RC_restart) refers to usart.o(.bss) for huart3
    dr16.o(i.USART3_IRQHandler) refers to bsp_led.o(i.LED_Blue) for LED_Blue
    dr16.o(i.USART3_IRQHandler) refers to dr16.o(i.sbus_to_rc) for sbus_to_rc
    dr16.o(i.USART3_IRQHandler) refers to dr16.o(i.RC_data_is_error) for RC_data_is_error
    dr16.o(i.USART3_IRQHandler) refers to dr16.o(i.RC_restart) for RC_restart
    dr16.o(i.USART3_IRQHandler) refers to usart.o(.bss) for huart3
    dr16.o(i.USART3_IRQHandler) refers to dr16.o(.data) for .data
    dr16.o(i.USART3_IRQHandler) refers to dr16.o(.bss) for .bss
    dr16.o(i.get_remote_control_point) refers to dr16.o(.data) for .data
    dr16.o(i.remote_control_init) refers to dr16.o(i.RC_init) for RC_init
    dr16.o(i.remote_control_init) refers to dr16.o(.bss) for .bss
    motor.o(i.CAN1_Motor_ControlMsg) refers to pid.o(i.ChassisMotorPID_Calc) for ChassisMotorPID_Calc
    motor.o(i.CAN1_Motor_ControlMsg) refers to motor.o(i.Set_Chassis_Current) for Set_Chassis_Current
    motor.o(i.CAN1_Motor_ControlMsg) refers to pid.o(.data) for ChassisMotor1_PID_Parameters
    motor.o(i.CAN1_Motor_ControlMsg) refers to motor.o(.bss) for .bss
    motor.o(i.CAN1_Motor_ControlMsg) refers to pid.o(.data) for ChassisMotor2_PID_Parameters
    motor.o(i.CAN1_Motor_ControlMsg) refers to pid.o(.data) for ChassisMotor3_PID_Parameters
    motor.o(i.CAN1_Motor_ControlMsg) refers to pid.o(.data) for ChassisMotor4_PID_Parameters
    motor.o(i.CAN1_Motor_HandleMsg) refers to motor.o(i.Motor_RecordData) for Motor_RecordData
    motor.o(i.CAN1_Motor_HandleMsg) refers to motor.o(.bss) for .bss
    motor.o(i.CAN2_Motor_ControlMsg) refers to pid.o(i.OutboardLiftMotor_PID_Calc) for OutboardLiftMotor_PID_Calc
[...]
    i.HAL_DMA_IRQHandler                     0x08001260   Section        0  stm32f4xx_hal_dma.o(i.HAL_DMA_IRQHandler)
    i.HAL_DMA_Init                           0x0800144c   Section        0  stm32f4xx_hal_dma.o(i.HAL_DMA_Init)
    i.HAL_Delay                              0x08001538   Section        0  stm32f4xx_hal.o(i.HAL_Delay)
    i.HAL_GPIO_Init                          0x08001560   Section        0  stm32f4xx_hal_gpio.o(i.HAL_GPIO_Init)
    i.HAL_GPIO_TogglePin                     0x0800178c   Section        0  stm32f4xx_hal_gpio.o(i.HAL_GPIO_TogglePin)
    i.HAL_GPIO_WritePin                      0x0800179c   Section        0  stm32f4xx_hal_gpio.o(i.HAL_GPIO_WritePin)
    i.HAL_GetTick                            0x080017ac   Section        0  stm32f4xx_hal.o(i.HAL_GetTick)
    i.HAL_IncTick                            0x080017b8   Section        0  stm32f4xx_hal.o(i.HAL_IncTick)
    i.HAL_Init                               0x080017c8   Section        0  stm32f4xx_hal.o(i.HAL_Init)
    i.HAL_InitTick                           0x080017fc   Section        0  stm32f4xx_hal.o(i.HAL_InitTick)
    i.HAL_MspInit                            0x08001840   Section        0  stm32f4xx_hal_msp.o(i.HAL_MspInit)
    i.HAL_NVIC_EnableIRQ                     0x08001870   Section        0  stm32f4xx_hal_cortex.o(i.HAL_NVIC_EnableIRQ)
    i.HAL_NVIC_SetPriority                   0x0800188c   Section        0  stm32f4xx_hal_cortex.o(i.HAL_NVIC_SetPriority)
    i.HAL_NVIC_SetPriorityGrouping           0x080018f4   Section        0  stm32f4xx_hal_cortex.o(i.HAL_NVIC_SetPriorityGrouping)
    i.HAL_RCC_ClockConfig                    0x08001918   Section        0  stm32f4xx_hal_rcc.o(i.HAL_RCC_ClockConfig)
    i.HAL_RCC_GetHCLKFreq                    0x08001a94   Section        0  stm32f4xx_hal_rcc.o(i.HAL_RCC_GetHCLKFreq)
    i.HAL_RCC_GetPCLK1Freq                   0x08001aa0   Section        0  stm32f4xx_hal_rcc.o(i.HAL_RCC_GetPCLK1Freq)
    i.HAL_RCC_GetPCLK2Freq                   0x08001ac0   Section        0  stm32f4xx_hal_rcc.o(i.HAL_RCC_GetPCLK2Freq)
    i.HAL_RCC_GetSysClockFreq                0x08001ae0   Section        0  stm32f4xx_hal_rcc.o(i.HAL_RCC_GetSysClockFreq)
    i.HAL_RCC_OscConfig                      0x08001b50   Section        0  stm32f4xx_hal_rcc.o(i.HAL_RCC_OscConfig)
    i.HAL_SYSTICK_Config                     0x08001fd4   Section        0  stm32f4xx_hal_cortex.o(i.HAL_SYSTICK_Config)
    i.HAL_TIMEx_BreakCallback                0x08001ffc   Section        0  stm32f4xx_hal_tim_ex.o(i.HAL_TIMEx_BreakCallback)
    i.HAL_TIMEx_CommutCallback               0x08001ffe   Section        0  stm32f4xx_hal_tim_ex.o(i.HAL_TIMEx_CommutCallback)
    i.HAL_TIMEx_ConfigBreakDeadTime          0x08002000   Section        0  stm32f4xx_hal_tim_ex.o(i.HAL_TIMEx_ConfigBreakDeadTime)
    i.HAL_TIMEx_MasterConfigSynchronization  0x08002066   Section        0  stm32f4xx_hal_tim_ex.o(i.HAL_TIMEx_MasterConfigSynchronization)
    i.HAL_TIM_Base_Init                      0x08002100   Section        0  stm32f4xx_hal_tim.o(i.HAL_TIM_Base_Init)
    i.HAL_TIM_Base_MspInit                   0x0800215c   Section        0  tim.o(i.HAL_TIM_Base_MspInit)
    i.HAL_TIM_Base_Start_IT                  0x080021c4   Section        0  stm32f4xx_hal_tim.o(i.HAL_TIM_Base_Start_IT)
    i.HAL_TIM_ConfigClockSource              0x0800224e   Section        0  stm32f4xx_hal_tim.o(i.HAL_TIM_ConfigClockSource)
    i.HAL_TIM_IC_CaptureCallback             0x08002338   Section        0  stm32f4xx_hal_tim.o(i.HAL_TIM_IC_CaptureCallback)
    i.HAL_TIM_IRQHandler                     0x0800233a   Section        0  stm32f4xx_hal_tim.o(i.HAL_TIM_IRQHandler)
    i.HAL_TIM_MspPostInit                    0x080024b0   Section        0  tim.o(i.HAL_TIM_MspPostInit)
    i.HAL_TIM_OC_DelayElapsedCallback        0x08002504   Section        0  stm32f4xx_hal_tim.o(i.HAL_TIM_OC_DelayElapsedCallback)
    i.HAL_TIM_PWM_ConfigChannel              0x08002506   Section        0  stm32f4xx_hal_tim.o(i.HAL_TIM_PWM_ConfigChannel)
    i.HAL_TIM_PWM_Init                       0x080025de   Section        0  stm32f4xx_hal_tim.o(i.HAL_TIM_PWM_Init)
    i.HAL_TIM_PWM_MspInit                    0x0800263a   Section        0  stm32f4xx_hal_tim.o(i.HAL_TIM_PWM_MspInit)
    i.HAL_TIM_PWM_PulseFinishedCallback      0x0800263c   Section        0  bsp_servo.o(i.HAL_TIM_PWM_PulseFinishedCallback)
    i.HAL_TIM_PWM_Stop                       0x08002660   Section        0  stm32f4xx_hal_tim.o(i.HAL_TIM_PWM_Stop)
    i.HAL_TIM_PeriodElapsedCallback          0x080026dc   Section        0  timer_task.o(i.HAL_TIM_PeriodElapsedCallback)
    i.HAL_TIM_TriggerCallback                0x080027f8   Section        0  stm32f4xx_hal_tim.o(i.HAL_TIM_TriggerCallback)
    i.HAL_UARTEx_RxEventCallback             0x080027fa   Section        0  stm32f4xx_hal_uart.o(i.HAL_UARTEx_RxEventCallback)
    i.HAL_UART_ErrorCallback                 0x080027fc   Section        0  stm32f4xx_hal_uart.o(i.HAL_UART_ErrorCallback)
    i.HAL_UART_IRQHandler                    0x08002800   Section        0  stm32f4xx_hal_uart.o(i.HAL_UART_IRQHandler)
    i.HAL_UART_Init                          0x08002a60   Section        0  stm32f4xx_hal_uart.o(i.HAL_UART_Init)
    i.HAL_UART_MspInit                       0x08002ac4   Section        0  usart.o(i.HAL_UART_MspInit)
    i.HAL_UART_Receive_IT                    0x08002cbc   Section        0  stm32f4xx_hal_uart.o(i.HAL_UART_Receive_IT)
    i.HAL_UART_RxCpltCallback                0x08002cea   Section        0  stm32f4xx_hal_uart.o(i.HAL_UART_RxCpltCallback)
    i.HAL_UART_Transmit                      0x08002cec   Section        0  stm32f4xx_hal_uart.o(i.HAL_UART_Transmit)
    i.HAL_UART_TxCpltCallback                0x08002db6   Section        0  stm32f4xx_hal_uart.o(i.HAL_UART_TxCpltCallback)
    i.HardFault_Handler                      0x08002db8   Section        0  stm32f4xx_it.o(i.HardFault_Handler)
    i.LED_Blue                               0x08002dbc   Section        0  bsp_led.o(i.LED_Blue)
    i.LED_Green_Toggle                       0x08002dcc   Section        0  bsp_led.o(i.LED_Green_Toggle)
    i.Load_UpperBoard_Data                   0x08002ddc   Section        0  upperboard.o(i.Load_UpperBoard_Data)
    i.MX_CAN1_Init                           0x08002e2c   Section        0  can.o(i.MX_CAN1_Init)
    i.MX_CAN2_Init                           0x08002e74   Section        0  can.o(i.MX_CAN2_Init)
    i.MX_DMA_Init                            0x08002ebc   Section        0  dma.o(i.MX_DMA_Init)
    i.MX_GPIO_Init                           0x08002f18   Section        0  gpio.o(i.MX_GPIO_Init)
    i.MX_TIM1_Init                           0x08002ff4   Section        0  tim.o(i.MX_TIM1_Init)
    i.MX_TIM6_Init                           0x080030bc   Section        0  tim.o(i.MX_TIM6_Init)
    i.MX_USART1_UART_Init                    0x08003100   Section        0  usart.o(i.MX_USART1_UART_Init)
    i.MX_USART3_UART_Init                    0x08003138   Section        0  usart.o(i.MX_USART3_UART_Init)
    i.MX_USART6_UART_Init                    0x08003174   Section        0  usart.o(i.MX_USART6_UART_Init)
    i.MemManage_Handler                      0x080031ac   Section        0  stm32f4xx_it.o(i.MemManage_Handler)
    i.MineralMotorPID_Calc                   0x080031ae   Section        0  pid.o(i.MineralMotorPID_Calc)
    i.Motor_Control                          0x080031b8   Section        0  dr16.o(i.Motor_Control)
    i.Motor_Lift_Calibrate                   0x080032f4   Section        0  dr16.o(i.Motor_Lift_Calibrate)
    i.Motor_RecordData                       0x08003354   Section        0  motor.o(i.Motor_RecordData)
    Motor_RecordData                         0x08003355   Thumb Code    98  motor.o(i.Motor_RecordData)
    i.NMI_Handler                            0x080033b6   Section        0  stm32f4xx_it.o(i.NMI_Handler)
    i.OutboardLiftMotor_PID_Calc             0x080033b8   Section        0  pid.o(i.OutboardLiftMotor_PID_Calc)
    i.PendSV_Handler                         0x080033d8   Section        0  stm32f4xx_it.o(i.PendSV_Handler)
    i.RC_abs                                 0x080033da   Section        0  dr16.o(i.RC_abs)
    RC_abs                                   0x080033db   Thumb Code    10  dr16.o(i.RC_abs)
    i.RC_data_is_error                       0x080033e4   Section        0  dr16.o(i.RC_data_is_error)
    i.RC_init                                0x08003450   Section        0  dr16.o(i.RC_init)
    RC_init                                  0x08003451   Thumb Code    84  dr16.o(i.RC_init)
    i.RC_restart                             0x080034b0   Section        0  dr16.o(i.RC_restart)
    RC_restart                               0x080034b1   Thumb Code   110  dr16.o(i.RC_restart)
    i.REFEREE_init                           0x08003530   Section        0  bsp_referee.o(i.REFEREE_init)
    REFEREE_init                             0x08003531   Thumb Code   164  bsp_referee.o(i.REFEREE_init)
    i.ReceiveUpperBoard                      0x080035f0   Section        0  receiveupperboard_task.o(i.ReceiveUpperBoard)
    i.RemoteUpperBoard                       0x08003614   Section        0  remoteupperboard_task.o(i.RemoteUpperBoard)
    i.Resolve_UpperBoard_Data                0x08003634   Section        0  upperboard.o(i.Resolve_UpperBoard_Data)
    i.SVC_Handler                            0x08003778   Section        0  stm32f4xx_it.o(i.SVC_Handler)
    i.Set_Chassis_Current                    0x0800377c   Section        0  motor.o(i.Set_Chassis_Current)
    Set_Chassis_Current                      0x0800377d   Thumb Code    82  motor.o(i.Set_Chassis_Current)
    i.Set_Mineral_Current                    0x080037d4   Section        0  motor.o(i.Set_Mineral_Current)
    Set_Mineral_Current                      0x080037d5   Thumb Code    82  motor.o(i.Set_Mineral_Current)
    i.SysTick_Handler                        0x0800382c   Section        0  stm32f4xx_it.o(i.SysTick_Handler)
    i.SystemClock_Config                     0x08003830   Section        0  main.o(i.SystemClock_Config)
    i.SystemInit                             0x080038c4   Section        0  system_stm32f4xx.o(i.SystemInit)
    i.TIM1_CC_IRQHandler                     0x080038e0   Section        0  stm32f4xx_it.o(i.TIM1_CC_IRQHandler)
    i.TIM6_DAC_IRQHandler                    0x080038ec   Section        0  stm32f4xx_it.o(i.TIM6_DAC_IRQHandler)
    i.TIM_Base_SetConfig                     0x080038f8   Section        0  stm32f4xx_hal_tim.o(i.TIM_Base_SetConfig)
    i.TIM_CCxChannelCmd                      0x080039c4   Section        0  stm32f4xx_hal_tim.o(i.TIM_CCxChannelCmd)
    i.TIM_ETR_SetConfig                      0x080039e2   Section        0  stm32f4xx_hal_tim.o(i.TIM_ETR_SetConfig)
    i.TIM_ITRx_SetConfig                     0x080039f8   Section        0  stm32f4xx_hal_tim.o(i.TIM_ITRx_SetConfig)
    TIM_ITRx_SetConfig                       0x080039f9   Thumb Code    16  stm32f4xx_hal_tim.o(i.TIM_ITRx_SetConfig)
    i.TIM_OC1_SetConfig                      0x08003a08   Section        0  stm32f4xx_hal_tim.o(i.TIM_OC1_SetConfig)
    TIM_OC1_SetConfig                        0x08003a09   Thumb Code   104  stm32f4xx_hal_tim.o(i.TIM_OC1_SetConfig)
    i.TIM_OC2_SetConfig                      0x08003a78   Section        0  stm32f4xx_hal_tim.o(i.TIM_OC2_SetConfig)
    i.TIM_OC3_SetConfig                      0x08003af0   Section        0  stm32f4xx_hal_tim.o(i.TIM_OC3_SetConfig)
    TIM_OC3_SetConfig                        0x08003af1   Thumb Code   112  stm32f4xx_hal_tim.o(i.TIM_OC3_SetConfig)
    i.TIM_OC4_SetConfig                      0x08003b68   Section        0  stm32f4xx_hal_tim.o(i.TIM_OC4_SetConfig)
    TIM_OC4_SetConfig                        0x08003b69   Thumb Code    88  stm32f4xx_hal_tim.o(i.TIM_OC4_SetConfig)
    i.TIM_TI1_ConfigInputStage               0x08003bc0   Section        0  stm32f4xx_hal_tim.o(i.TIM_TI1_ConfigInputStage)
    TIM_TI1_ConfigInputStage                 0x08003bc1   Thumb Code    38  stm32f4xx_hal_tim.o(i.TIM_TI1_ConfigInputStage)
    i.TIM_TI2_ConfigInputStage               0x08003be6   Section        0  stm32f4xx_hal_tim.o(i.TIM_TI2_ConfigInputStage)
    TIM_TI2_ConfigInputStage                 0x08003be7   Thumb Code    36  stm32f4xx_hal_tim.o(i.TIM_TI2_ConfigInputStage)
    i.UART_DMAAbortOnError                   0x08003c0a   Section        0  stm32f4xx_hal_uart.o(i.UART_DMAAbortOnError)
    UART_DMAAbortOnError                     0x08003c0b   Thumb Code    16  stm32f4xx_hal_uart.o(i.UART_DMAAbortOnError)
    i.UART_EndRxTransfer                     0x08003c1a   Section        0  stm32f4xx_hal_uart.o(i.UART_EndRxTransfer)
    UART_EndRxTransfer                       0x08003c1b   Thumb Code    78  stm32f4xx_hal_uart.o(i.UART_EndRxTransfer)
    i.UART_EndTransmit_IT                    0x08003c68   Section        0  stm32f4xx_hal_uart.o(i.UART_EndTransmit_IT)
    UART_EndTransmit_IT                      0x08003c69   Thumb Code    26  stm32f4xx_hal_uart.o(i.UART_EndTransmit_IT)
    i.UART_Receive_IT                        0x08003c82   Section        0  stm32f4xx_hal_uart.o(i.UART_Receive_IT)
    UART_Receive_IT                          0x08003c83   Thumb Code   200  stm32f4xx_hal_uart.o(i.UART_Receive_IT)
    i.UART_SetConfig                         0x08003d4c   Section        0  stm32f4xx_hal_uart.o(i.UART_SetConfig)
    UART_SetConfig                           0x08003d4d   Thumb Code   248  stm32f4xx_hal_uart.o(i.UART_SetConfig)
    i.UART_Start_Receive_IT                  0x08003e48   Section        0  stm32f4xx_hal_uart.o(i.UART_Start_Receive_IT)
    i.UART_Transmit_IT                       0x08003e84   Section        0  stm32f4xx_hal_uart.o(i.UART_Transmit_IT)
    UART_Transmit_IT                         0x08003e85   Thumb Code    94  stm32f4xx_hal_uart.o(i.UART_Transmit_IT)
    i.UART_WaitOnFlagUntilTimeout            0x08003ee2   Section        0  stm32f4xx_hal_uart.o(i.UART_WaitOnFlagUntilTimeout)
    UART_WaitOnFlagUntilTimeout              0x08003ee3   Thumb Code   140  stm32f4xx_hal_uart.o(i.UART_WaitOnFlagUntilTimeout)
    i.UI_Draw_Arc                            0x08003f6e   Section        0  referee_ui.o(i.UI_Draw_Arc)
    i.UI_Draw_Line                           0x08003ff4   Section        0  referee_ui.o(i.UI_Draw_Line)
    i.UI_Draw_String                         0x08004064   Section        0  referee_ui.o(i.UI_Draw_String)
    i.UI_PushUp_Graphs                       0x080040f8   Section        0  referee_ui.o(i.UI_PushUp_Graphs)
    i.UI_PushUp_String                       0x080041e8   Section        0  referee_ui.o(i.UI_PushUp_String)
    i.USART1_IRQHandler                      0x08004244   Section        0  bsp_referee.o(i.USART1_IRQHandler)
    i.USART3_IRQHandler                      0x080042d8   Section        0  dr16.o(i.USART3_IRQHandler)
    i.USART6_IRQHandler                      0x080043a4   Section        0  stm32f4xx_it.o(i.USART6_IRQHandler)
    i.UsageFault_Handler                     0x080043d0   Section        0  stm32f4xx_it.o(i.UsageFault_Handler)
    i.Vpid_Calc                              0x080043d2   Section        0  pid.o(i.Vpid_Calc)
    i.__scatterload_copy                     0x080044c2   Section       14  handlers.o(i.__scatterload_copy)
    i.__scatterload_null                     0x080044d0   Section        2  handlers.o(i.__scatterload_null)
    i.__scatterload_zeroinit                 0x080044d2   Section       14  handlers.o(i.__scatterload_zeroinit)
    i.abs_motor                              0x080044e0   Section        0  motor.o(i.abs_motor)
    i.fifo_s_get                             0x08004524   Section        0  fifo.o(i.fifo_s_get)
    i.fifo_s_init                            0x08004550   Section        0  fifo.o(i.fifo_s_init)
    i.fifo_s_puts                            0x08004566   Section        0  fifo.o(i.fifo_s_puts)
    i.fifo_s_used                            0x080045e2   Section        0  fifo.o(i.fifo_s_used)
    i.get_CRC16_check_sum                    0x080045e8   Section        0  crc8_crc16.o(i.get_CRC16_check_sum)
    i.get_CRC8_check_sum                     0x08004614   Section        0  crc8_crc16.o(i.get_CRC8_check_sum)
    i.get_robot_id                           0x08004630   Section        0  referee.o(i.get_robot_id)
    i.init_referee_struct_data               0x0800463c   Section        0  referee.o(i.init_referee_struct_data)
    i.judge_height                           0x080046b0   Section        0  chassismove_task.o(i.judge_height)
    judge_height                             0x080046b1   Thumb Code    96  chassismove_task.o(i.judge_height)
    i.main                                   0x08004718   Section        0  main.o(i.main)
    i.motor_angle_init                       0x08004780   Section        0  motor.o(i.motor_angle_init)
    i.referee_data_solve                     0x08004794   Section        0  referee.o(i.referee_data_solve)
    i.referee_unpack_fifo_data               0x080048b8   Section        0  referee.o(i.referee_unpack_fifo_data)
    i.referee_usart_fifo_init                0x080049d0   Section        0  bsp_referee.o(i.referee_usart_fifo_init)
    i.referee_usart_task                     0x080049fc   Section        0  referee_ui.o(i.referee_usart_task)
    i.remote_control_init                    0x08005130   Section        0  dr16.o(i.remote_control_init)
    i.sbus_to_rc                             0x08005140   Section        0  dr16.o(i.sbus_to_rc)
    sbus_to_rc                               0x08005141   Thumb Code   150  dr16.o(i.sbus_to_rc)
    i.speed_optimize                         0x080051d8   Section        0  chassismove_task.o(i.speed_optimize)
    speed_optimize                           0x080051d9   Thumb Code   332  chassismove_task.o(i.speed_optimize)
    i.verify_CRC16_check_sum                 0x08005328   Section        0  crc8_crc16.o(i.verify_CRC16_check_sum)
    i.verify_CRC8_check_sum                  0x08005364   Section        0  crc8_crc16.o(i.verify_CRC8_check_sum)
    .constdata                               0x0800538a   Section     1536  crc8_crc16.o(.constdata)
    .constdata                               0x0800598a   Section        8  stm32f4xx_hal_dma.o(.constdata)
    flagBitshiftOffset                       0x0800598a   Data           8  stm32f4xx_hal_dma.o(.constdata)
    .constdata                               0x08005992   Section       16  system_stm32f4xx.o(.constdata)
    .constdata                               0x080059a2   Section        8  system_stm32f4xx.o(.constdata)
    .data                                    0x20000000   Section        1  dr16.o(.data)
    .data                                    0x20000002   Section       26  dr16.o(.data)
    this_time_rx_len                         0x20000004   Data           2  dr16.o(.data)
    .data                                    0x2000001c   Section       20  motor.o(.data)
    .data                                    0x20000030   Section       32  upperboard.o(.data)
    .data                                    0x20000050   Section        4  can.o(.data)
    HAL_RCC_CAN1_CLK_ENABLED                 0x20000050   Data           4  can.o(.data)
    .data                                    0x20000054   Section        8  bsp_can.o(.data)
    .data                                    0x2000005c   Section        1  bsp_servo.o(.data)
    .data                                    0x2000005e   Section        2  bsp_referee.o(.data)
    this_time_rx_len                         0x2000005e   Data           2  bsp_referee.o(.data)
    .data                                    0x20000060   Section       24  pid.o(.data)
    .data                                    0x20000078   Section       24  pid.o(.data)
    .data                                    0x20000090   Section       24  pid.o(.data)
    .data                                    0x200000a8   Section       24  pid.o(.data)
    .data                                    0x200000c0   Section       24  pid.o(.data)
    .data                                    0x200000d8   Section       24  pid.o(.data)
    .data                                    0x200000f0   Section       24  pid.o(.data)
    .data                                    0x20000108   Section       24  pid.o(.data)
    .data                                    0x20000120   Section       24  pid.o(.data)
    .data                                    0x20000138   Section       12  timer_task.o(.data)
    .data                                    0x20000144   Section       52  chassismove_task.o(.data)
    last_xspeed                              0x20000144   Data           4  chassismove_task.o(.data)
    last_yspeed                              0x20000148   Data           4  chassismove_task.o(.data)
    .data                                    0x20000178   Section        2  crc8_crc16.o(.data)
    .data                                    0x2000017c   Section       49  referee.o(.data)
    .data                                    0x200001ae   Section        4  referee_ui.o(.data)
    .data                                    0x200001b4   Section       12  stm32f4xx_hal.o(.data)
    .data                                    0x200001c0   Section        4  system_stm32f4xx.o(.data)
    .bss                                     0x200001c4   Section       72  dr16.o(.bss)
    sbus_rx_buf                              0x200001c4   Data          72  dr16.o(.bss)
    .bss                                     0x2000020c   Section     1280  motor.o(.bss)
    .bss                                     0x2000070c   Section      116  upperboard.o(.bss)
    .bss                                     0x20000780   Section       80  can.o(.bss)
    .bss                                     0x200007d0   Section      144  tim.o(.bss)
    .bss                                     0x20000860   Section      492  usart.o(.bss)
    .bss                                     0x20000a4c   Section     2072  bsp_referee.o(.bss)
    .bss                                     0x20001264   Section       88  kinematics.o(.bss)
    .bss                                     0x200012bc   Section      235  referee.o(.bss)
    .bss                                     0x200013a7   Section      420  referee_ui.o(.bss)
    STACK                                    0x20001550   Section     1024  startup_stm32f407xx.o(STACK)

    Global Symbols

    Symbol Name                              Value     Ov Type        Size  Object(Section)

    BuildAttributes$$THM_ISAv4$E$P$D$K$B$S$7EM$VFPi3$EXTD16$VFPS$VFMA$PE$A:L22UL41UL21$X:L11$S22US41US21$IEEE1$IW$USESV6$~STKCKD$USESV7$~SHL$OTIME$EBA8$MICROLIB$REQ8$PRES8$EABIv2 0x00000000   Number         0  anon$$obj.o ABSOLUTE
    __ARM_use_no_argv                        0x00000000   Number         0  main.o ABSOLUTE
    __cpp_initialize__aeabi_                  - Undefined Weak Reference
    __cxa_finalize                            - Undefined Weak Reference
    _clock_init                               - Undefined Weak Reference
    _microlib_exit                            - Undefined Weak Reference
    __Vectors_Size                           0x00000188   Number         0  startup_stm32f407xx.o ABSOLUTE
    __Vectors                                0x08000000   Data           4  startup_stm32f407xx.o(RESET)
    __Vectors_End                            0x08000188   Data           0  startup_stm32f407xx.o(RESET)
    __main                                   0x08000189   Thumb Code     0  entry.o(.ARM.Collect$$$$00000000)
    _main_stk                                0x08000189   Thumb Code     0  entry2.o(.ARM.Collect$$$$00000001)
    _main_scatterload                        0x0800018d   Thumb Code     0  entry5.o(.ARM.Collect$$$$00000004)
    __main_after_scatterload                 0x08000191   Thumb Code     0  entry5.o(.ARM.Collect$$$$00000004)
    _main_clock                              0x08000191   Thumb Code     0  entry7b.o(.ARM.Collect$$$$00000008)
    _main_cpp_init                           0x08000191   Thumb Code     0  entry8b.o(.ARM.Collect$$$$0000000A)
    _main_init                               0x08000191   Thumb Code     0  entry9a.o(.ARM.Collect$$$$0000000B)
    __rt_final_cpp                           0x08000199   Thumb Code     0  entry10a.o(.ARM.Collect$$$$0000000D)
    __rt_final_exit                          0x08000199   Thumb Code     0  entry11a.o(.ARM.Collect$$$$0000000F)
    Reset_Handler                            0x0800019d   Thumb Code     8  startup_stm32f407xx.o(.text)
    ADC_IRQHandler                           0x080001b7   Thumb Code     0  startup_stm32f407xx.o(.text)
    CAN1_RX1_IRQHandler                      0x080001b7   Thumb Code     0  startup_stm32f407xx.o(.text)
    CAN1_SCE_IRQHandler                      0x080001b7   Thumb Code     0  startup_stm32f407xx.o(.text)
    CAN2_RX1_IRQHandler                      0x080001b7   Thumb Code     0  startup_stm32f407xx.o(.text)
    CAN2_SCE_IRQHandler                      0x080001b7   Thumb Code     0  startup_stm32f407xx.o(.text)
    CAN2_TX_IRQHandler                       0x080001b7   Thumb Code     0  startup_stm32f407xx.o(.text)
    DCMI_IRQHandler                          0x080001b7   Thumb Code     0  startup_stm32f407xx.o(.text)
    DMA1_Stream0_IRQHandler                  0x080001b7   Thumb Code     0  startup_stm32f407xx.o(.text)
    DMA1_Stream2_IRQHandler                  0x080001b7   Thumb Code     0  startup_stm32f407xx.o(.text)
    DMA1_Stream3_IRQHandler                  0x080001b7   Thumb Code     0  startup_stm32f407xx.o(.text)
    DMA1_Stream4_IRQHandler                  0x080001b7   Thumb Code     0  startup_stm32f407xx.o(.text)
    DMA1_Stream5_IRQHandler                  0x080001b7   Thumb Code     0  startup_stm32f407xx.o(.text)
    DMA1_Stream6_IRQHandler                  0x080001b7   Thumb Code     0  startup_stm32f407xx.o(.text)
    DMA1_Stream7_IRQHandler                  0x080001b7   Thumb Code     0  startup_stm32f407xx.o(.text)
    DMA2_Stream0_IRQHandler                  0x080001b7   Thumb Code     0  startup_stm32f407xx.o(.text)
    DMA2_Stream1_IRQHandler                  0x080001b7   Thumb Code     0  startup_stm32f407xx.o(.text)
    DMA2_Stream3_IRQHandler                  0x080001b7   Thumb Code     0  startup_stm32f407xx.o(.text)
    DMA2_Stream4_IRQHandler                  0x080001b7   Thumb Code     0  startup_stm32f407xx.o(.text)
    DMA2_Stream5_IRQHandler                  0x080001b7   Thumb Code     0  startup_stm32f407xx.o(.text)
    DMA2_Stream6_IRQHandler                  0x080001b7   Thumb Code     0  startup_stm32f407xx.o(.text)
    ETH_IRQHandler                           0x080001b7   Thumb Code     0  startup_stm32f407xx.o(.text)
    ETH_WKUP_IRQHandler                      0x080001b7   Thumb Code     0  startup_stm32f407xx.o(.text)
    EXTI0_IRQHandler                         0x080001b7   Thumb Code     0  startup_stm32f407xx.o(.text)
    EXTI15_10_IRQHandler                     0x080001b7   Thumb Code     0  startup_stm32f407xx.o(.text)
    EXTI1_IRQHandler                         0x080001b7   Thumb Code     0  startup_stm32f407xx.o(.text)
    EXTI2_IRQHandler                         0x080001b7   Thumb Code     0  startup_stm32f407xx.o(.text)
    EXTI3_IRQHandler                         0x080001b7   Thumb Code     0  startup_stm32f407xx.o(.text)
    EXTI4_IRQHandler                         0x080001b7   Thumb Code     0  startup_stm32f407xx.o(.text)
    EXTI9_5_IRQHandler                       0x080001b7   Thumb Code     0  startup_stm32f407xx.o(.text)
    FLASH_IRQHandler                         0x080001b7   Thumb Code     0  startup_stm32f407xx.o(.text)
    FMC_IRQHandler                           0x080001b7   Thumb Code     0  startup_stm32f407xx.o(.text)
    FPU_IRQHandler                           0x080001b7   Thumb Code     0  startup_stm32f407xx.o(.text)
    HASH_RNG_IRQHandler                      0x080001b7   Thumb Code     0  startup_stm32f407xx.o(.text)
    I2C1_ER_IRQHandler                       0x080001b7   Thumb Code     0  startup_stm32f407xx.o(.text)
    I2C1_EV_IRQHandler                       0x080001b7   Thumb Code     0  startup_stm32f407xx.o(.text)
    I2C2_ER_IRQHandler                       0x080001b7   Thumb Code     0  startup_stm32f407xx.o(.text)
    I2C2_EV_IRQHandler                       0x080001b7   Thumb Code     0  startup_stm32f407xx.o(.text)
    I2C3_ER_IRQHandler                       0x080001b7   Thumb Code     0  startup_stm32f407xx.o(.text)
    I2C3_EV_IRQHandler                       0x080001b7   Thumb Code     0  startup_stm32f407xx.o(.text)
    OTG_FS_IRQHandler                        0x080001b7   Thumb Code     0  startup_stm32f407xx.o(.text)
    OTG_FS_WKUP_IRQHandler                   0x080001b7   Thumb Code     0  startup_stm32f407xx.o(.text)
    OTG_HS_EP1_IN_IRQHandler                 0x080001b7   Thumb Code     0  startup_stm32f407xx.o(.text)
    OTG_HS_EP1_OUT_IRQHandler                0x080001b7   Thumb Code     0  startup_stm32f407xx.o(.text)
    OTG_HS_IRQHandler                        0x080001b7   Thumb Code     0  startup_stm32f407xx.o(.text)
    OTG_HS_WKUP_IRQHandler                   0x080001b7   Thumb Code     0  startup_stm32f407xx.o(.text)
    PVD_IRQHandler                           0x080001b7   Thumb Code     0  startup_stm32f407xx.o(.text)
    RCC_IRQHandler                           0x080001b7   Thumb Code     0  startup_stm32f407xx.o(.text)
    RTC_Alarm_IRQHandler                     0x080001b7   Thumb Code     0  startup_stm32f407xx.o(.text)
    RTC_WKUP_IRQHandler                      0x080001b7   Thumb Code     0  startup_stm32f407xx.o(.text)
    SDIO_IRQHandler                          0x080001b7   Thumb Code     0  startup_stm32f407xx.o(.text)
    SPI1_IRQHandler                          0x080001b7   Thumb Code     0  startup_stm32f407xx.o(.text)
    SPI2_IRQHandler                          0x080001b7   Thumb Code     0  startup_stm32f407xx.o(.text)
    SPI3_IRQHandler                          0x080001b7   Thumb Code     0  startup_stm32f407xx.o(.text)
    TAMP_STAMP_IRQHandler                    0x080001b7   Thumb Code     0  startup_stm32f407xx.o(.text)
    TIM1_BRK_TIM9_IRQHandler                 0x080001b7   Thumb Code     0  startup_stm32f407xx.o(.text)
    TIM1_TRG_COM_TIM11_IRQHandler            0x080001b7   Thumb Code     0  startup_stm32f407xx.o(.text)
    TIM1_UP_TIM10_IRQHandler                 0x080001b7   Thumb Code     0  startup_stm32f407xx.o(.text)
    TIM2_IRQHandler                          0x080001b7   Thumb Code     0  startup_stm32f407xx.o(.text)
    TIM3_IRQHandler                          0x080001b7   Thumb Code     0  startup_stm32f407xx.o(.text)
    TIM4_IRQHandler                          0x080001b7   Thumb Code     0  startup_stm32f407xx.o(.text)
    TIM5_IRQHandler                          0x080001b7   Thumb Code     0  startup_stm32f407xx.o(.text)
    TIM7_IRQHandler                          0x080001b7   Thumb Code     0  startup_stm32f407xx.o(.text)
    TIM8_BRK_TIM12_IRQHandler                0x080001b7   Thumb Code     0  startup_stm32f407xx.o(.text)
    TIM8_CC_IRQHandler                       0x080001b7   Thumb Code     0  startup_stm32f407xx.o(.text)
    TIM8_TRG_COM_TIM14_IRQHandler            0x080001b7   Thumb Code     0  startup_stm32f407xx.o(.text)
    TIM8_UP_TIM13_IRQHandler                 0x080001b7   Thumb Code     0  startup_stm32f407xx.o(.text)
    UART4_IRQHandler                         0x080001b7   Thumb Code     0  startup_stm32f407xx.o(.text)
    UART5_IRQHandler                         0x080001b7   Thumb Code     0  startup_stm32f407xx.o(.text)
    USART2_IRQHandler                        0x080001b7   Thumb Code     0  startup_stm32f407xx.o(.text)
    WWDG_IRQHandler                          0x080001b7   Thumb Code     0  startup_stm32f407xx.o(.text)
    __aeabi_uldivmod                         0x080001c1   Thumb Code    98  uldiv.o(.text)
    __aeabi_memcpy                           0x08000223   Thumb Code    36  memcpya.o(.text)
    __aeabi_memcpy4                          0x08000223   Thumb Code     0  memcpya.o(.text)
    __aeabi_memcpy8                          0x08000223   Thumb Code     0  memcpya.o(.text)
    __aeabi_memset                           0x08000247   Thumb Code    14  memseta.o(.text)
    __aeabi_memset4                          0x08000247   Thumb Code     0  memseta.o(.text)
    __aeabi_memset8                          0x08000247   Thumb Code     0  memseta.o(.text)
    __aeabi_memclr                           0x08000255   Thumb Code     4  memseta.o(.text)
    __aeabi_memclr4                          0x08000255   Thumb Code     0  memseta.o(.text)
    __aeabi_memclr8                          0x08000255   Thumb Code     0  memseta.o(.text)
    _memset$wrapper                          0x08000259   Thumb Code    18  memseta.o(.text)
    __aeabi_llsl                             0x0800026b   Thumb Code    30  llshl.o(.text)
    _ll_shift_l                              0x0800026b   Thumb Code     0  llshl.o(.text)
    __aeabi_llsr                             0x08000289   Thumb Code    32  llushr.o(.text)
    _ll_ushift_r                             0x08000289   Thumb Code     0  llushr.o(.text)
    __scatterload                            0x080002a9   Thumb Code    28  init.o(.text)
    __scatterload_rt2                        0x080002a9   Thumb Code     0  init.o(.text)
    __decompress                             0x080002cd   Thumb Code     0  __dczerorl2.o(.text)
    __decompress1                            0x080002cd   Thumb Code    86  __dczerorl2.o(.text)
    Apid_Calc                                0x08000323   Thumb Code   240  pid.o(i.Apid_Calc)
    BaseVel_To_WheelVel                      0x08000415   Thumb Code   168  kinematics.o(i.BaseVel_To_WheelVel)
    BusFault_Handler                         0x080004d9   Thumb Code     2  stm32f4xx_it.o(i.BusFault_Handler)
    CAN1_Motor_ControlMsg                    0x080004dd   Thumb Code    46  motor.o(i.CAN1_Motor_ControlMsg)
    CAN1_Motor_HandleMsg                     0x08000525   Thumb Code    46  motor.o(i.CAN1_Motor_HandleMsg)
    CAN1_RX0_IRQHandler                      0x0800055d   Thumb Code     6  stm32f4xx_it.o(i.CAN1_RX0_IRQHandler)
    CAN1_Send_Msg                            0x08000569   Thumb Code    36  bsp_can.o(i.CAN1_Send_Msg)
    CAN1_TX_IRQHandler                       0x08000591   Thumb Code     6  stm32f4xx_it.o(i.CAN1_TX_IRQHandler)
    CAN2_Motor_ControlMsg                    0x0800059d   Thumb Code    70  motor.o(i.CAN2_Motor_ControlMsg)
    CAN2_Motor_HandleMsg                     0x080005f9   Thumb Code   126  motor.o(i.CAN2_Motor_HandleMsg)
    CAN2_RX0_IRQHandler                      0x0800068d   Thumb Code     6  stm32f4xx_it.o(i.CAN2_RX0_IRQHandler)
    CAN2_Send_Msg                            0x08000699   Thumb Code    36  bsp_can.o(i.CAN2_Send_Msg)
    CAN_Filter_Config                        0x080006c1   Thumb Code    80  bsp_can.o(i.CAN_Filter_Config)
    CRC08_Calculate                          0x08000719   Thumb Code    26  crc8_crc16.o(i.CRC08_Calculate)
    CRC16_Calculate                          0x08000739   Thumb Code    40  crc8_crc16.o(i.CRC16_Calculate)
    ChassisMotorPID_Calc                     0x08000769   Thumb Code     8  pid.o(i.ChassisMotorPID_Calc)
    ChassisMove                              0x08000771   Thumb Code    28  chassismove_task.o(i.ChassisMove)
    DMA1_Stream1_IRQHandler                  0x08000791   Thumb Code     6  stm32f4xx_it.o(i.DMA1_Stream1_IRQHandler)
    DMA2_Stream2_IRQHandler                  0x0800079d   Thumb Code     6  stm32f4xx_it.o(i.DMA2_Stream2_IRQHandler)
    DMA2_Stream7_IRQHandler                  0x080007a9   Thumb Code     6  stm32f4xx_it.o(i.DMA2_Stream7_IRQHandler)
    DebugMon_Handler                         0x08000867   Thumb Code     2  stm32f4xx_it.o(i.DebugMon_Handler)
    Error_Handler                            0x08000869   Thumb Code     4  main.o(i.Error_Handler)
    HAL_CAN_ActivateNotification             0x0800086d   Thumb Code    36  stm32f4xx_hal_can.o(i.HAL_CAN_ActivateNotification)
    HAL_CAN_AddTxMessage                     0x08000891   Thumb Code   260  stm32f4xx_hal_can.o(i.HAL_CAN_AddTxMessage)
    HAL_CAN_ConfigFilter                     0x08000995   Thumb Code   290  stm32f4xx_hal_can.o(i.HAL_CAN_ConfigFilter)
    HAL_CAN_ErrorCallback                    0x08000abd   Thumb Code     2  stm32f4xx_hal_can.o(i.HAL_CAN_ErrorCallback)
    HAL_CAN_GetRxMessage                     0x08000abf   Thumb Code   364  stm32f4xx_hal_can.o(i.HAL_CAN_GetRxMessage)
    HAL_CAN_IRQHandler                       0x08000c2b   Thumb Code   564  stm32f4xx_hal_can.o(i.HAL_CAN_IRQHandler)
    HAL_CAN_Init                             0x08000e5f   Thumb Code   360  stm32f4xx_hal_can.o(i.HAL_CAN_Init)
    HAL_CAN_MspInit                          0x08000fc9   Thumb Code   242  can.o(i.HAL_CAN_MspInit)
    HAL_CAN_RxFifo0FullCallback              0x080010d5   Thumb Code     2  stm32f4xx_hal_can.o(i.HAL_CAN_RxFifo0FullCallback)
    HAL_CAN_RxFifo0MsgPendingCallback        0x080010d9   Thumb Code    58  bsp_can.o(i.HAL_CAN_RxFifo0MsgPendingCallback)
    HAL_CAN_RxFifo1FullCallback              0x08001121   Thumb Code     2  stm32f4xx_hal_can.o(i.HAL_CAN_RxFifo1FullCallback)
    HAL_CAN_RxFifo1MsgPendingCallback        0x08001123   Thumb Code     2  stm32f4xx_hal_can.o(i.HAL_CAN_RxFifo1MsgPendingCallback)
    HAL_CAN_SleepCallback                    0x08001125   Thumb Code     2  stm32f4xx_hal_can.o(i.HAL_CAN_SleepCallback)
    HAL_CAN_Start                            0x08001127   Thumb Code   100  stm32f4xx_hal_can.o(i.HAL_CAN_Start)
    HAL_CAN_TxMailbox0AbortCallback          0x0800118b   Thumb Code     2  stm32f4xx_hal_can.o(i.HAL_CAN_TxMailbox0AbortCallback)
    HAL_CAN_TxMailbox0CompleteCallback       0x0800118d   Thumb Code     2  stm32f4xx_hal_can.o(i.HAL_CAN_TxMailbox0CompleteCallback)
    HAL_CAN_TxMailbox1AbortCallback          0x0800118f   Thumb Code     2  stm32f4xx_hal_can.o(i.HAL_CAN_TxMailbox1AbortCallback)
    HAL_CAN_TxMailbox1CompleteCallback       0x08001191   Thumb Code     2  stm32f4xx_hal_can.o(i.HAL_CAN_TxMailbox1CompleteCallback)
    HAL_CAN_TxMailbox2AbortCallback          0x08001193   Thumb Code     2  stm32f4xx_hal_can.o(i.HAL_CAN_TxMailbox2AbortCallback)
    HAL_CAN_TxMailbox2CompleteCallback       0x08001195   Thumb Code     2  stm32f4xx_hal_can.o(i.HAL_CAN_TxMailbox2CompleteCallback)
    HAL_CAN_WakeUpFromRxMsgCallback          0x08001197   Thumb Code     2  stm32f4xx_hal_can.o(i.HAL_CAN_WakeUpFromRxMsgCallback)
    HAL_DMA_Abort                            0x08001199   Thumb Code   162  stm32f4xx_hal_dma.o(i.HAL_DMA_Abort)
    HAL_DMA_Abort_IT                         0x0800123b   Thumb Code    36  stm32f4xx_hal_dma.o(i.HAL_DMA_Abort_IT)
    HAL_DMA_IRQHandler                       0x08001261   Thumb Code   488  stm32f4xx_hal_dma.o(i.HAL_DMA_IRQHandler)
    HAL_DMA_Init                             0x0800144d   Thumb Code   230  stm32f4xx_hal_dma.o(i.HAL_DMA_Init)
    HAL_Delay                                0x08001539   Thumb Code    34  stm32f4xx_hal.o(i.HAL_Delay)
    HAL_GPIO_Init                            0x08001561   Thumb Code   538  stm32f4xx_hal_gpio.o(i.HAL_GPIO_Init)
    HAL_GPIO_TogglePin                       0x0800178d   Thumb Code    16  stm32f4xx_hal_gpio.o(i.HAL_GPIO_TogglePin)
    HAL_GPIO_WritePin                        0x0800179d   Thumb Code    14  stm32f4xx_hal_gpio.o(i.HAL_GPIO_WritePin)
    HAL_GetTick                              0x080017ad   Thumb Code     6  stm32f4xx_hal.o(i.HAL_GetTick)
    HAL_IncTick                              0x080017b9   Thumb Code    12  stm32f4xx_hal.o(i.HAL_IncTick)
    HAL_Init                                 0x080017c9   Thumb Code    48  stm32f4xx_hal.o(i.HAL_Init)
    HAL_InitTick                             0x080017fd   Thumb Code    58  stm32f4xx_hal.o(i.HAL_InitTick)
    HAL_MspInit                              0x08001841   Thumb Code    42  stm32f4xx_hal_msp.o(i.HAL_MspInit)
    HAL_NVIC_EnableIRQ                       0x08001871   Thumb Code    28  stm32f4xx_hal_cortex.o(i.HAL_NVIC_EnableIRQ)
    HAL_NVIC_SetPriority                     0x0800188d   Thumb Code    98  stm32f4xx_hal_cortex.o(i.HAL_NVIC_SetPriority)
    HAL_NVIC_SetPriorityGrouping             0x080018f5   Thumb Code    30  stm32f4xx_hal_cortex.o(i.HAL_NVIC_SetPriorityGrouping)
    HAL_RCC_ClockConfig                      0x08001919   Thumb Code   354  stm32f4xx_hal_rcc.o(i.HAL_RCC_ClockConfig)
    HAL_RCC_GetHCLKFreq                      0x08001a95   Thumb Code     6  stm32f4xx_hal_rcc.o(i.HAL_RCC_GetHCLKFreq)
    HAL_RCC_GetPCLK1Freq                     0x08001aa1   Thumb Code    22  stm32f4xx_hal_rcc.o(i.HAL_RCC_GetPCLK1Freq)
    HAL_RCC_GetPCLK2Freq                     0x08001ac1   Thumb Code    22  stm32f4xx_hal_rcc.o(i.HAL_RCC_GetPCLK2Freq)
    HAL_RCC_GetSysClockFreq                  0x08001ae1   Thumb Code    94  stm32f4xx_hal_rcc.o(i.HAL_RCC_GetSysClockFreq)
    HAL_RCC_OscConfig                        0x08001b51   Thumb Code  1154  stm32f4xx_hal_rcc.o(i.HAL_RCC_OscConfig)
    HAL_SYSTICK_Config                       0x08001fd5   Thumb Code    36  stm32f4xx_hal_cortex.o(i.HAL_SYSTICK_Config)
    HAL_TIMEx_BreakCallback                  0x08001ffd   Thumb Code     2  stm32f4xx_hal_tim_ex.o(i.HAL_TIMEx_BreakCallback)
    HAL_TIMEx_CommutCallback                 0x08001fff   Thumb Code     2  stm32f4xx_hal_tim_ex.o(i.HAL_TIMEx_CommutCallback)
    HAL_TIMEx_ConfigBreakDeadTime            0x08002001   Thumb Code   102  stm32f4xx_hal_tim_ex.o(i.HAL_TIMEx_ConfigBreakDeadTime)
    HAL_TIMEx_MasterConfigSynchronization    0x08002067   Thumb Code   154  stm32f4xx_hal_tim_ex.o(i.HAL_TIMEx_MasterConfigSynchronization)
    HAL_TIM_Base_Init                        0x08002101   Thumb Code    92  stm32f4xx_hal_tim.o(i.HAL_TIM_Base_Init)
    HAL_TIM_Base_MspInit                     0x0800215d   Thumb Code    90  tim.o(i.HAL_TIM_Base_MspInit)
    HAL_TIM_Base_Start_IT                    0x080021c5   Thumb Code   138  stm32f4xx_hal_tim.o(i.HAL_TIM_Base_Start_IT)
    HAL_TIM_ConfigClockSource                0x0800224f   Thumb Code   234  stm32f4xx_hal_tim.o(i.HAL_TIM_ConfigClockSource)
    HAL_TIM_IC_CaptureCallback               0x08002339   Thumb Code     2  stm32f4xx_hal_tim.o(i.HAL_TIM_IC_CaptureCallback)
    HAL_TIM_IRQHandler                       0x0800233b   Thumb Code   372  stm32f4xx_hal_tim.o(i.HAL_TIM_IRQHandler)
    HAL_TIM_MspPostInit                      0x080024b1   Thumb Code    72  tim.o(i.HAL_TIM_MspPostInit)
    HAL_TIM_OC_DelayElapsedCallback          0x08002505   Thumb Code     2  stm32f4xx_hal_tim.o(i.HAL_TIM_OC_DelayElapsedCallback)
    HAL_TIM_PWM_ConfigChannel                0x08002507   Thumb Code   216  stm32f4xx_hal_tim.o(i.HAL_TIM_PWM_ConfigChannel)
    HAL_TIM_PWM_Init                         0x080025df   Thumb Code    92  stm32f4xx_hal_tim.o(i.HAL_TIM_PWM_Init)
    HAL_TIM_PWM_MspInit                      0x0800263b   Thumb Code     2  stm32f4xx_hal_tim.o(i.HAL_TIM_PWM_MspInit)
    HAL_TIM_PWM_PulseFinishedCallback        0x0800263d   Thumb Code    28  bsp_servo.o(i.HAL_TIM_PWM_PulseFinishedCallback)
    HAL_TIM_PWM_Stop                         0x08002661   Thumb Code   124  stm32f4xx_hal_tim.o(i.HAL_TIM_PWM_Stop)
    HAL_TIM_PeriodElapsedCallback            0x080026dd   Thumb Code   248  timer_task.o(i.HAL_TIM_PeriodElapsedCallback)
    HAL_TIM_TriggerCallback                  0x080027f9   Thumb Code     2  stm32f4xx_hal_tim.o(i.HAL_TIM_TriggerCallback)
    HAL_UARTEx_RxEventCallback               0x080027fb   Thumb Code     2  stm32f4xx_hal_uart.o(i.HAL_UARTEx_RxEventCallback)
    HAL_UART_ErrorCallback                   0x080027fd   Thumb Code     2  stm32f4xx_hal_uart.o(i.HAL_UART_ErrorCallback)
    HAL_UART_IRQHandler                      0x08002801   Thumb Code   604  stm32f4xx_hal_uart.o(i.HAL_UART_IRQHandler)
    HAL_UART_Init                            0x08002a61   Thumb Code   100  stm32f4xx_hal_uart.o(i.HAL_UART_Init)
    HAL_UART_MspInit                         0x08002ac5   Thumb Code   460  usart.o(i.HAL_UART_MspInit)
    HAL_UART_Receive_IT                      0x08002cbd   Thumb Code    46  stm32f4xx_hal_uart.o(i.HAL_UART_Receive_IT)
    HAL_UART_RxCpltCallback                  0x08002ceb   Thumb Code     2  stm32f4xx_hal_uart.o(i.HAL_UART_RxCpltCallback)
    HAL_UART_Transmit                        0x08002ced   Thumb Code   202  stm32f4xx_hal_uart.o(i.HAL_UART_Transmit)
    HAL_UART_TxCpltCallback                  0x08002db7   Thumb Code     2  stm32f4xx_hal_uart.o(i.HAL_UART_TxCpltCallback)
    HardFault_Handler                        0x08002db9   Thumb Code     2  stm32f4xx_it.o(i.HardFault_Handler)
    LED_Blue                                 0x08002dbd   Thumb Code    12  bsp_led.o(i.LED_Blue)
    LED_Green_Toggle                         0x08002dcd   Thumb Code    10  bsp_led.o(i.LED_Green_Toggle)
    Load_UpperBoard_Data                     0x08002ddd   Thumb Code    70  upperboard.o(i.Load_UpperBoard_Data)
    MX_CAN1_Init                             0x08002e2d   Thumb Code    62  can.o(i.MX_CAN1_Init)
    MX_CAN2_Init                             0x08002e75   Thumb Code    62  can.o(i.MX_CAN2_Init)
    MX_DMA_Init                              0x08002ebd   Thumb Code    88  dma.o(i.MX_DMA_Init)
    MX_GPIO_Init                             0x08002f19   Thumb Code   206  gpio.o(i.MX_GPIO_Init)
    MX_TIM1_Init                             0x08002ff5   Thumb Code   192  tim.o(i.MX_TIM1_Init)
    MX_TIM6_Init                             0x080030bd   Thumb Code    60  tim.o(i.MX_TIM6_Init)
    MX_USART1_UART_Init                      0x08003101   Thumb Code    48  usart.o(i.MX_USART1_UART_Init)
    MX_USART3_UART_Init                      0x08003139   Thumb Code    46  usart.o(i.MX_USART3_UART_Init)
    MX_USART6_UART_Init                      0x08003175   Thumb Code    48  usart.o(i.MX_USART6_UART_Init)
    MemManage_Handler                        0x080031ad   Thumb Code     2  stm32f4xx_it.o(i.MemManage_Handler)
    MineralMotorPID_Calc                     0x080031af   Thumb Code     8  pid.o(i.MineralMotorPID_Calc)
    Motor_Control                            0x080031b9   Thumb Code   258  dr16.o(i.Motor_Control)
    Motor_Lift_Calibrate                     0x080032f5   Thumb Code    82  dr16.o(i.Motor_Lift_Calibrate)
    NMI_Handler                              0x080033b7   Thumb Code     2  stm32f4xx_it.o(i.NMI_Handler)
    OutboardLiftMotor_PID_Calc               0x080033b9   Thumb Code    32  pid.o(i.OutboardLiftMotor_PID_Calc)
    PendSV_Handler                           0x080033d9   Thumb Code     2  stm32f4xx_it.o(i.PendSV_Handler)
    RC_data_is_error                         0x080033e5   Thumb Code   102  dr16.o(i.RC_data_is_error)
    ReceiveUpperBoard                        0x080035f1   Thumb Code    26  receiveupperboard_task.o(i.ReceiveUpperBoard)
    RemoteUpperBoard                         0x08003615   Thumb Code    24  remoteupperboard_task.o(i.RemoteUpperBoard)
    Resolve_UpperBoard_Data                  0x08003635   Thumb Code   294  upperboard.o(i.Resolve_UpperBoard_Data)
    SVC_Handler                              0x08003779   Thumb Code     2  stm32f4xx_it.o(i.SVC_Handler)
    SysTick_Handler                          0x0800382d   Thumb Code     4  stm32f4xx_it.o(i.SysTick_Handler)
    SystemClock_Config                       0x08003831   Thumb Code   140  main.o(i.SystemClock_Config)
    SystemInit                               0x080038c5   Thumb Code    20  system_stm32f4xx.o(i.SystemInit)
    TIM1_CC_IRQHandler                       0x080038e1   Thumb Code     6  stm32f4xx_it.o(i.TIM1_CC_IRQHandler)
    TIM6_DAC_IRQHandler                      0x080038ed   Thumb Code     6  stm32f4xx_it.o(i.TIM6_DAC_IRQHandler)
    TIM_Base_SetConfig                       0x080038f9   Thumb Code   182  stm32f4xx_hal_tim.o(i.TIM_Base_SetConfig)
    TIM_CCxChannelCmd                        0x080039c5   Thumb Code    30  stm32f4xx_hal_tim.o(i.TIM_CCxChannelCmd)
    TIM_ETR_SetConfig                        0x080039e3   Thumb Code    22  stm32f4xx_hal_tim.o(i.TIM_ETR_SetConfig)
    TIM_OC2_SetConfig                        0x08003a79   Thumb Code   112  stm32f4xx_hal_tim.o(i.TIM_OC2_SetConfig)
    UART_Start_Receive_IT                    0x08003e49   Thumb Code    60  stm32f4xx_hal_uart.o(i.UART_Start_Receive_IT)
    UI_Draw_Arc                              0x08003f6f   Thumb Code   134  referee_ui.o(i.UI_Draw_Arc)
    UI_Draw_Line                             0x08003ff5   Thumb Code   112  referee_ui.o(i.UI_Draw_Line)
    UI_Draw_String                           0x08004065   Thumb Code   146  referee_ui.o(i.UI_Draw_String)
    UI_PushUp_Graphs                         0x080040f9   Thumb Code   234  referee_ui.o(i.UI_PushUp_Graphs)
    UI_PushUp_String                         0x080041e9   Thumb Code    86  referee_ui.o(i.UI_PushUp_String)
    USART1_IRQHandler                        0x08004245   Thumb Code   126  bsp_referee.o(i.USART1_IRQHandler)
    USART3_IRQHandler                        0x080042d9   Thumb Code   178  dr16.o(i.USART3_IRQHandler)
    USART6_IRQHandler                        0x080043a5   Thumb Code    34  stm32f4xx_it.o(i.USART6_IRQHandler)
    UsageFault_Handler                       0x080043d1   Thumb Code     2  stm32f4xx_it.o(i.UsageFault_Handler)
    Vpid_Calc                                0x080043d3   Thumb Code   240  pid.o(i.Vpid_Calc)
    __scatterload_copy                       0x080044c3   Thumb Code    14  handlers.o(i.__scatterload_copy)
    __scatterload_null                       0x080044d1   Thumb Code     2  handlers.o(i.__scatterload_null)
    __scatterload_zeroinit                   0x080044d3   Thumb Code    14  handlers.o(i.__scatterload_zeroinit)
    abs_motor                                0x080044e1   Thumb Code    56  motor.o(i.abs_motor)
    fifo_s_get                               0x08004525   Thumb Code    44  fifo.o(i.fifo_s_get)
    fifo_s_init                              0x08004551   Thumb Code    22  fifo.o(i.fifo_s_init)
    fifo_s_puts                              0x08004567   Thumb Code   124  fifo.o(i.fifo_s_puts)
    fifo_s_used                              0x080045e3   Thumb Code     4  fifo.o(i.fifo_s_used)
    get_CRC16_check_sum                      0x080045e9   Thumb Code    38  crc8_crc16.o(i.get_CRC16_check_sum)
    get_CRC8_check_sum                       0x08004615   Thumb Code    24  crc8_crc16.o(i.get_CRC8_check_sum)
    get_robot_id                             0x08004631   Thumb Code     6  referee.o(i.get_robot_id)
    init_referee_struct_data                 0x0800463d   Thumb Code   108  referee.o(i.init_referee_struct_data)
    main                                     0x08004719   Thumb Code    92  main.o(i.main)
    motor_angle_init                         0x08004781   Thumb Code    14  motor.o(i.motor_angle_init)
    referee_data_solve                       0x08004795   Thumb Code   284  referee.o(i.referee_data_solve)
    referee_unpack_fifo_data                 0x080048b9   Thumb Code   266  referee.o(i.referee_unpack_fifo_data)
    referee_usart_fifo_init                  0x080049d1   Thumb Code    34  bsp_referee.o(i.referee_usart_fifo_init)
    referee_usart_task                       0x080049fd   Thumb Code  1780  referee_ui.o(i.referee_usart_task)
    remote_control_init                      0x08005131   Thumb Code    12  dr16.o(i.remote_control_init)
    verify_CRC16_check_sum                   0x08005329   Thumb Code    54  crc8_crc16.o(i.verify_CRC16_check_sum)
    verify_CRC8_check_sum                    0x08005365   Thumb Code    38  crc8_crc16.o(i.verify_CRC8_check_sum)
    CRC8_table                               0x0800538a   Data         256  crc8_crc16.o(.constdata)
    wCRC_table                               0x0800548a   Data         512  crc8_crc16.o(.constdata)
    CRC08_Table                              0x0800568a   Data         256  crc8_crc16.o(.constdata)
    CRC16_Table                              0x0800578a   Data         512  crc8_crc16.o(.constdata)
    AHBPrescTable                            0x08005992   Data          16  system_stm32f4xx.o(.constdata)
    APBPrescTable                            0x080059a2   Data           8  system_stm32f4xx.o(.constdata)
    Region$$Table$$Base                      0x080059ac   Number         0  anon$$obj.o(Region$$Table)
    Region$$Table$$Limit                     0x080059cc   Number         0  anon$$obj.o(Region$$Table)
    flag_v                                   0x20000000   Data           1  dr16.o(.data)
    calibrate_lift_flag                      0x20000002   Data           1  dr16.o(.data)
    rc_ctrl                                  0x20000006   Data          22  dr16.o(.data)
    start_flag                               0x2000001c   Data           1  motor.o(.data)
    abs_chassis1                             0x20000020   Data           4  motor.o(.data)
    abs_chassis2                             0x20000024   Data           4  motor.o(.data)
    abs_chassis3                             0x20000028   Data           4  motor.o(.data)
    abs_chassis4                             0x2000002c   Data           4  motor.o(.data)
    Lift_Motor_State                         0x20000030   Data           1  upperboard.o(.data)
    Longitudinal_Motor_State                 0x20000031   Data           1  upperboard.o(.data)
    Horizontal_Motor_State                   0x20000032   Data           1  upperboard.o(.data)
    Chuck_Yaw_State                          0x20000033   Data           1  upperboard.o(.data)
    Chuck_Pitch_State                        0x20000034   Data           1  upperboard.o(.data)
    Chuck_Roll_State                         0x20000035   Data           1  upperboard.o(.data)
    View_Servo_State                         0x20000036   Data           1  upperboard.o(.data)
    Longitudinal_Ready_State                 0x20000037   Data           1  upperboard.o(.data)
    Lift_Ready_State                         0x20000038   Data           1  upperboard.o(.data)
    Pump_State                               0x20000039   Data           1  upperboard.o(.data)
    ROLL_Ready_State                         0x2000003a   Data           1  upperboard.o(.data)
    Longitudinal_Location                    0x2000003b   Data           1  upperboard.o(.data)
    Lift_Location                            0x2000003c   Data           1  upperboard.o(.data)
    Chuck_Roll_Location                      0x2000003d   Data           1  upperboard.o(.data)
    HP_Zero                                  0x2000003e   Data           1  upperboard.o(.data)
    Longitudinal_Location_Low                0x2000003f   Data           1  upperboard.o(.data)
    Longitudinal_Location_High               0x20000040   Data           1  upperboard.o(.data)
    Lift_Location_Low                        0x20000041   Data           1  upperboard.o(.data)
    Lift_Location_High                       0x20000042   Data           1  upperboard.o(.data)
    Lift_Location_UI                         0x20000043   Data           1  upperboard.o(.data)
    Chuck_Roll_Location_Low                  0x20000044   Data           1  upperboard.o(.data)
    Chuck_Roll_Location_High                 0x20000045   Data           1  upperboard.o(.data)
    Out_Lift_Motor_State                     0x20000046   Data           1  upperboard.o(.data)
    Chassis_vx_State                         0x20000047   Data           1  upperboard.o(.data)
    Chassis_vy_State                         0x20000048   Data           1  upperboard.o(.data)
    Chassis_wz_State                         0x20000049   Data           1  upperboard.o(.data)
    pUpperBoard_DataH                        0x2000004a   Data           1  upperboard.o(.data)
    pUpperBoard_DataL                        0x2000004b   Data           1  upperboard.o(.data)
    target_UpperBoard_Data                   0x2000004c   Data           1  upperboard.o(.data)
    Chuck_Roll_Location_UI                   0x2000004e   Data           2  upperboard.o(.data)
    CAN_RxData                               0x20000054   Data           8  bsp_can.o(.data)
    tim_counter                              0x2000005c   Data           1  bsp_servo.o(.data)
    ChassisMotor1_PID_Parameters             0x20000060   Data          24  pid.o(.data)
    ChassisMotor2_PID_Parameters             0x20000078   Data          24  pid.o(.data)
    ChassisMotor3_PID_Parameters             0x20000090   Data          24  pid.o(.data)
    ChassisMotor4_PID_Parameters             0x200000a8   Data          24  pid.o(.data)
    Outboard_MotorL_vPID_Parameters          0x200000c0   Data          24  pid.o(.data)
    Outboard_MotorL_aPID_Parameters          0x200000d8   Data          24  pid.o(.data)
    Outboard_MotorR_vPID_Parameters          0x200000f0   Data          24  pid.o(.data)
    Outboard_MotorR_aPID_Parameters          0x20000108   Data          24  pid.o(.data)
    MineralMotor_PID_Parameters              0x20000120   Data          24  pid.o(.data)
    Last_HP_Zero                             0x20000138   Data           1  timer_task.o(.data)
    time_count                               0x2000013c   Data           4  timer_task.o(.data)
    refree_time_count                        0x20000140   Data           4  timer_task.o(.data)
    chassis_vx                               0x2000014c   Data           4  chassismove_task.o(.data)
    chassis_vy                               0x20000150   Data           4  chassismove_task.o(.data)
    chassis_wz                               0x20000154   Data           4  chassismove_task.o(.data)
    real_chassis_vx                          0x20000158   Data           4  chassismove_task.o(.data)
    real_chassis_vy                          0x2000015c   Data           4  chassismove_task.o(.data)
    max_d_speed_x                            0x20000160   Data           4  chassismove_task.o(.data)
    max_d_speed_y                            0x20000164   Data           4  chassismove_task.o(.data)
    max_d_speed_x_stop                       0x20000168   Data           4  chassismove_task.o(.data)
    max_d_speed_y_stop                       0x2000016c   Data           4  chassismove_task.o(.data)
    max_d_speed_x_change                     0x20000170   Data           4  chassismove_task.o(.data)
    max_d_speed_y_change                     0x20000174   Data           4  chassismove_task.o(.data)
    CRC16_INIT                               0x20000178   Data           2  crc8_crc16.o(.data)
    byte_global                              0x2000017c   Data           1  referee.o(.data)
    game_result                              0x2000017d   Data           1  referee.o(.data)
    buff_musk_t                              0x2000017e   Data           1  referee.o(.data)
    robot_energy_t                           0x2000017f   Data           1  referee.o(.data)
    robot_hurt_t                             0x20000180   Data           1  referee.o(.data)
    referee_warning_t                        0x20000181   Data           2  referee.o(.data)
    field_event                              0x20000183   Data           4  referee.o(.data)
    supply_projectile_action_t               0x20000187   Data           4  referee.o(.data)
    temp                                     0x2000018c   Data           4  referee.o(.data)
    referee_receive_header                   0x20000190   Data           5  referee.o(.data)
    referee_send_header                      0x20000195   Data           5  referee.o(.data)
    bullet_remaining_t                       0x2000019a   Data           6  referee.o(.data)
    student_interactive_data_t               0x200001a0   Data           6  referee.o(.data)
    shoot_data_t                             0x200001a6   Data           7  referee.o(.data)
    Robot_ID_Current                         0x200001ae   Data           1  referee_ui.o(.data)
    UI_PushUp_Counter                        0x200001b0   Data           2  referee_ui.o(.data)
    uwTickFreq                               0x200001b4   Data           1  stm32f4xx_hal.o(.data)
    uwTickPrio                               0x200001b8   Data           4  stm32f4xx_hal.o(.data)
    uwTick                                   0x200001bc   Data           4  stm32f4xx_hal.o(.data)
    SystemCoreClock                          0x200001c0   Data           4  system_stm32f4xx.o(.data)
    chassis_motor1                           0x2000020c   Data         128  motor.o(.bss)
    chassis_motor2                           0x2000028c   Data         128  motor.o(.bss)
    chassis_motor3                           0x2000030c   Data         128  motor.o(.bss)
    chassis_motor4                           0x2000038c   Data         128  motor.o(.bss)
    outboard_lift_motorL                     0x2000040c   Data         128  motor.o(.bss)
    outboard_lift_motorR                     0x2000048c   Data         128  motor.o(.bss)
    mineral_motor1                           0x2000050c   Data         128  motor.o(.bss)
    mineral_motor2                           0x2000058c   Data         128  motor.o(.bss)
    mineral_motor3                           0x2000060c   Data         128  motor.o(.bss)
    mineral_motor4                           0x2000068c   Data         128  motor.o(.bss)
    UpperBoard_Data                          0x2000070c   Data          16  upperboard.o(.bss)
    Receive_UpperBoard_Data                  0x2000071c   Data         100  upperboard.o(.bss)
    hcan1                                    0x20000780   Data          40  can.o(.bss)
    hcan2                                    0x200007a8   Data          40  can.o(.bss)
    htim1                                    0x200007d0   Data          72  tim.o(.bss)
    htim6                                    0x20000818   Data          72  tim.o(.bss)
    huart1                                   0x20000860   Data          68  usart.o(.bss)
    huart3                                   0x200008a4   Data          68  usart.o(.bss)
    huart6                                   0x200008e8   Data          68  usart.o(.bss)
    hdma_usart1_rx                           0x2000092c   Data          96  usart.o(.bss)
    hdma_usart1_tx                           0x2000098c   Data          96  usart.o(.bss)
    hdma_usart3_rx                           0x200009ec   Data          96  usart.o(.bss)
    usart6_buf                               0x20000a4c   Data        1024  bsp_referee.o(.bss)
    referee_fifo                             0x20000e4c   Data          24  bsp_referee.o(.bss)
    referee_fifo_buf                         0x20000e64   Data        1024  bsp_referee.o(.bss)
    Kinematics                               0x20001264   Data          88  kinematics.o(.bss)
    referee_unpack_obj                       0x200012bc   Data         137  referee.o(.bss)
    game_state                               0x20001345   Data          11  referee.o(.bss)
    game_robot_HP_t                          0x20001350   Data          28  referee.o(.bss)
    robot_state                              0x2000136c   Data          27  referee.o(.bss)
    power_heat_data_t                        0x20001387   Data          16  referee.o(.bss)
    game_robot_pos_t                         0x20001397   Data          16  referee.o(.bss)
    UI_Graph5                                0x200013a7   Data          90  referee_ui.o(.bss)
    UI_Graph7                                0x20001401   Data         120  referee_ui.o(.bss)
    UI_String                                0x20001479   Data          60  referee_ui.o(.bss)
    UI_String1                               0x200014b5   Data          60  referee_ui.o(.bss)
    UI_Graph5_Arc                            0x200014f1   Data          90  referee_ui.o(.bss)
    __initial_sp                             0x20001950   Data           0  startup_stm32f407xx.o(STACK)



==============================================================================

Memory Map of the image

  Image Entry point : 0x08000189

  Load Region LR_IROM1 (Base: 0x08000000, Size: 0x00005b90, Max: 0x00100000, ABSOLUTE, COMPRESSED[0x00005a20])

    Execution Region ER_IROM1 (Base: 0x08000000, Size: 0x000059cc, Max: 0x00100000, ABSOLUTE)

    Base Addr    Size         Type   Attr      Idx    E Section Name        Object

    0x08000000   0x00000188   Data   RO            3    RESET               startup_stm32f407xx.o
    0x08000188   0x00000000   Code   RO         4609  * .ARM.Collect$$$$00000000  mc_w.l(entry.o)
    0x08000188   0x00000004   Code   RO         4648    .ARM.Collect$$$$00000001  mc_w.l(entry2.o)
    0x0800018c   0x00000004   Code   RO         4651    .ARM.Collect$$$$00000004  mc_w.l(entry5.o)
    0x08000190   0x00000000   Code   RO         4653    .ARM.Collect$$$$00000008  mc_w.l(entry7b.o)
    0x08000190   0x00000000   Code   RO         4655    .ARM.Collect$$$$0000000A  mc_w.l(entry8b.o)
    0x08000190   0x00000008   Code   RO         4656    .ARM.Collect$$$$0000000B  mc_w.l(entry9a.o)
    0x08000198   0x00000000   Code   RO         4658    .ARM.Collect$$$$0000000D  mc_w.l(entry10a.o)
    0x08000198   0x00000000   Code   RO         4660    .ARM.Collect$$$$0000000F  mc_w.l(entry11a.o)
    0x08000198   0x00000004   Code   RO         4649    .ARM.Collect$$$$00002712  mc_w.l(entry2.o)
    0x0800019c   0x00000024   Code   RO            4    .text               startup_stm32f407xx.o
    0x080001c0   0x00000062   Code   RO         4612    .text               mc_w.l(uldiv.o)
    0x08000222   0x00000024   Code   RO         4614    .text               mc_w.l(memcpya.o)
    0x08000246   0x00000024   Code   RO         4616    .text               mc_w.l(memseta.o)
    0x0800026a   0x0000001e   Code   RO         4662    .text               mc_w.l(llshl.o)
    0x08000288   0x00000020   Code   RO         4664    .text               mc_w.l(llushr.o)
    0x080002a8   0x00000024   Code   RO         4668    .text               mc_w.l(init.o)
    0x080002cc   0x00000056   Code   RO         4678    .text               mc_w.l(__dczerorl2.o)
    0x08000322   0x000000f0   Code   RO         1051    i.Apid_Calc         pid.o
    0x08000412   0x00000002   PAD
    0x08000414   0x000000c4   Code   RO         1104    i.BaseVel_To_WheelVel  kinematics.o
    0x080004d8   0x00000002   Code   RO          661    i.BusFault_Handler  stm32f4xx_it.o
    0x080004da   0x00000002   PAD
    0x080004dc   0x00000048   Code   RO          247    i.CAN1_Motor_ControlMsg  motor.o
    0x08000524   0x00000038   Code   RO          248    i.CAN1_Motor_HandleMsg  motor.o
    0x0800055c   0x0000000c   Code   RO          662    i.CAN1_RX0_IRQHandler  stm32f4xx_it.o
    0x08000568   0x00000028   Code   RO          826    i.CAN1_Send_Msg     bsp_can.o
    0x08000590   0x0000000c   Code   RO          663    i.CAN1_TX_IRQHandler  stm32f4xx_it.o
    0x0800059c   0x0000005c   Code   RO          249    i.CAN2_Motor_ControlMsg  motor.o
    0x080005f8   0x00000094   Code   RO          250    i.CAN2_Motor_HandleMsg  motor.o
    0x0800068c   0x0000000c   Code   RO          664    i.CAN2_RX0_IRQHandler  stm32f4xx_it.o
    0x08000698   0x00000028   Code   RO          827    i.CAN2_Send_Msg     bsp_can.o
    0x080006c0   0x00000058   Code   RO          828    i.CAN_Filter_Config  bsp_can.o
    0x08000718   0x00000020   Code   RO         1301    i.CRC08_Calculate   crc8_crc16.o
    0x08000738   0x00000030   Code   RO         1304    i.CRC16_Calculate   crc8_crc16.o
    0x08000768   0x00000008   Code   RO         1052    i.ChassisMotorPID_Calc  pid.o
    0x08000770   0x00000020   Code   RO         1207    i.ChassisMove       chassismove_task.o
    0x08000790   0x0000000c   Code   RO          665    i.DMA1_Stream1_IRQHandler  stm32f4xx_it.o
    0x0800079c   0x0000000c   Code   RO          666    i.DMA2_Stream2_IRQHandler  stm32f4xx_it.o
    0x080007a8   0x0000000c   Code   RO          667    i.DMA2_Stream7_IRQHandler  stm32f4xx_it.o
    0x080007b4   0x00000034   Code   RO         2555    i.DMA_CalcBaseAndBitshift  stm32f4xx_hal_dma.o
    0x080007e8   0x0000007e   Code   RO         2556    i.DMA_CheckFifoParam  stm32f4xx_hal_dma.o
    0x08000866   0x00000002   Code   RO          668    i.DebugMon_Handler  stm32f4xx_it.o
    0x08000868   0x00000004   Code   RO          370    i.Error_Handler     main.o
    0x0800086c   0x00000024   Code   RO         1818    i.HAL_CAN_ActivateNotification  stm32f4xx_hal_can.o
    0x08000890   0x00000104   Code   RO         1819    i.HAL_CAN_AddTxMessage  stm32f4xx_hal_can.o
    0x08000994   0x00000128   Code   RO         1820    i.HAL_CAN_ConfigFilter  stm32f4xx_hal_can.o
    0x08000abc   0x00000002   Code   RO         1823    i.HAL_CAN_ErrorCallback  stm32f4xx_hal_can.o
    0x08000abe   0x0000016c   Code   RO         1826    i.HAL_CAN_GetRxMessage  stm32f4xx_hal_can.o
    0x08000c2a   0x00000234   Code   RO         1830    i.HAL_CAN_IRQHandler  stm32f4xx_hal_can.o
    0x08000e5e   0x00000168   Code   RO         1831    i.HAL_CAN_Init      stm32f4xx_hal_can.o
    0x08000fc6   0x00000002   PAD
    0x08000fc8   0x0000010c   Code   RO          481    i.HAL_CAN_MspInit   can.o
    0x080010d4   0x00000002   Code   RO         1838    i.HAL_CAN_RxFifo0FullCallback  stm32f4xx_hal_can.o
    0x080010d6   0x00000002   PAD
    0x080010d8   0x00000048   Code   RO          829    i.HAL_CAN_RxFifo0MsgPendingCallback  bsp_can.o
    0x08001120   0x00000002   Code   RO         1840    i.HAL_CAN_RxFifo1FullCallback  stm32f4xx_hal_can.o
    0x08001122   0x00000002   Code   RO         1841    i.HAL_CAN_RxFifo1MsgPendingCallback  stm32f4xx_hal_can.o
    0x08001124   0x00000002   Code   RO         1842    i.HAL_CAN_SleepCallback  stm32f4xx_hal_can.o
    0x08001126   0x00000064   Code   RO         1843    i.HAL_CAN_Start     stm32f4xx_hal_can.o
    0x0800118a   0x00000002   Code   RO         1845    i.HAL_CAN_TxMailbox0AbortCallback  stm32f4xx_hal_can.o
    0x0800118c   0x00000002   Code   RO         1846    i.HAL_CAN_TxMailbox0CompleteCallback  stm32f4xx_hal_can.o
    0x0800118e   0x00000002   Code   RO         1847    i.HAL_CAN_TxMailbox1AbortCallback  stm32f4xx_hal_can.o
    0x08001190   0x00000002   Code   RO         1848    i.HAL_CAN_TxMailbox1CompleteCallback  stm32f4xx_hal_can.o
    0x08001192   0x00000002   Code   RO         1849    i.HAL_CAN_TxMailbox2AbortCallback  stm32f4xx_hal_can.o
    0x08001194   0x00000002   Code   RO         1850    i.HAL_CAN_TxMailbox2CompleteCallback  stm32f4xx_hal_can.o
    0x08001196   0x00000002   Code   RO         1852    i.HAL_CAN_WakeUpFromRxMsgCallback  stm32f4xx_hal_can.o
    0x08001198   0x000000a2   Code   RO         2558    i.HAL_DMA_Abort     stm32f4xx_hal_dma.o
    0x0800123a   0x00000024   Code   RO         2559    i.HAL_DMA_Abort_IT  stm32f4xx_hal_dma.o
    0x0800125e   0x00000002   PAD
    0x08001260   0x000001ec   Code   RO         2563    i.HAL_DMA_IRQHandler  stm32f4xx_hal_dma.o
    0x0800144c   0x000000ec   Code   RO         2564    i.HAL_DMA_Init      stm32f4xx_hal_dma.o
    0x08001538   0x00000028   Code   RO         2972    i.HAL_Delay         stm32f4xx_hal.o
    0x08001560   0x0000022c   Code   RO         2451    i.HAL_GPIO_Init     stm32f4xx_hal_gpio.o
    0x0800178c   0x00000010   Code   RO         2454    i.HAL_GPIO_TogglePin  stm32f4xx_hal_gpio.o
    0x0800179c   0x0000000e   Code   RO         2455    i.HAL_GPIO_WritePin  stm32f4xx_hal_gpio.o
    0x080017aa   0x00000002   PAD
    0x080017ac   0x0000000c   Code   RO         2978    i.HAL_GetTick       stm32f4xx_hal.o
    0x080017b8   0x00000010   Code   RO         2984    i.HAL_IncTick       stm32f4xx_hal.o
    0x080017c8   0x00000034   Code   RO         2985    i.HAL_Init          stm32f4xx_hal.o
    0x080017fc   0x00000044   Code   RO         2986    i.HAL_InitTick      stm32f4xx_hal.o
    0x08001840   0x00000030   Code   RO          802    i.HAL_MspInit       stm32f4xx_hal_msp.o
    0x08001870   0x0000001c   Code   RO         2840    i.HAL_NVIC_EnableIRQ  stm32f4xx_hal_cortex.o
    0x0800188c   0x00000068   Code   RO         2846    i.HAL_NVIC_SetPriority  stm32f4xx_hal_cortex.o
    0x080018f4   0x00000024   Code   RO         2847    i.HAL_NVIC_SetPriorityGrouping  stm32f4xx_hal_cortex.o
    0x08001918   0x0000017c   Code   RO         2052    i.HAL_RCC_ClockConfig  stm32f4xx_hal_rcc.o
    0x08001a94   0x0000000c   Code   RO         2057    i.HAL_RCC_GetHCLKFreq  stm32f4xx_hal_rcc.o
    0x08001aa0   0x00000020   Code   RO         2059    i.HAL_RCC_GetPCLK1Freq  stm32f4xx_hal_rcc.o
    0x08001ac0   0x00000020   Code   RO         2060    i.HAL_RCC_GetPCLK2Freq  stm32f4xx_hal_rcc.o
    0x08001ae0   0x00000070   Code   RO         2061    i.HAL_RCC_GetSysClockFreq  stm32f4xx_hal_rcc.o
    0x08001b50   0x00000482   Code   RO         2064    i.HAL_RCC_OscConfig  stm32f4xx_hal_rcc.o
    0x08001fd2   0x00000002   PAD
    0x08001fd4   0x00000028   Code   RO         2851    i.HAL_SYSTICK_Config  stm32f4xx_hal_cortex.o
    0x08001ffc   0x00000002   Code   RO         3940    i.HAL_TIMEx_BreakCallback  stm32f4xx_hal_tim_ex.o
    0x08001ffe   0x00000002   Code   RO         3941    i.HAL_TIMEx_CommutCallback  stm32f4xx_hal_tim_ex.o
    0x08002000   0x00000066   Code   RO         3943    i.HAL_TIMEx_ConfigBreakDeadTime  stm32f4xx_hal_tim_ex.o
    0x08002066   0x0000009a   Code   RO         3959    i.HAL_TIMEx_MasterConfigSynchronization  stm32f4xx_hal_tim_ex.o
    0x08002100   0x0000005c   Code   RO         3225    i.HAL_TIM_Base_Init  stm32f4xx_hal_tim.o
    0x0800215c   0x00000068   Code   RO          554    i.HAL_TIM_Base_MspInit  tim.o
    0x080021c4   0x0000008a   Code   RO         3230    i.HAL_TIM_Base_Start_IT  stm32f4xx_hal_tim.o
    0x0800224e   0x000000ea   Code   RO         3234    i.HAL_TIM_ConfigClockSource  stm32f4xx_hal_tim.o
    0x08002338   0x00000002   Code   RO         3259    i.HAL_TIM_IC_CaptureCallback  stm32f4xx_hal_tim.o
    0x0800233a   0x00000174   Code   RO         3273    i.HAL_TIM_IRQHandler  stm32f4xx_hal_tim.o
    0x080024ae   0x00000002   PAD
    0x080024b0   0x00000054   Code   RO          555    i.HAL_TIM_MspPostInit  tim.o
    0x08002504   0x00000002   Code   RO         3276    i.HAL_TIM_OC_DelayElapsedCallback  stm32f4xx_hal_tim.o
    0x08002506   0x000000d8   Code   RO         3297    i.HAL_TIM_PWM_ConfigChannel  stm32f4xx_hal_tim.o
    0x080025de   0x0000005c   Code   RO         3300    i.HAL_TIM_PWM_Init  stm32f4xx_hal_tim.o
    0x0800263a   0x00000002   Code   RO         3302    i.HAL_TIM_PWM_MspInit  stm32f4xx_hal_tim.o
    0x0800263c   0x00000024   Code   RO          955    i.HAL_TIM_PWM_PulseFinishedCallback  bsp_servo.o
    0x08002660   0x0000007c   Code   RO         3308    i.HAL_TIM_PWM_Stop  stm32f4xx_hal_tim.o
    0x080026dc   0x0000011c   Code   RO         1140    i.HAL_TIM_PeriodElapsedCallback  timer_task.o
    0x080027f8   0x00000002   Code   RO         3316    i.HAL_TIM_TriggerCallback  stm32f4xx_hal_tim.o
    0x080027fa   0x00000002   Code   RO         4218    i.HAL_UARTEx_RxEventCallback  stm32f4xx_hal_uart.o
    0x080027fc   0x00000002   Code   RO         4232    i.HAL_UART_ErrorCallback  stm32f4xx_hal_uart.o
    0x080027fe   0x00000002   PAD
    0x08002800   0x00000260   Code   RO         4235    i.HAL_UART_IRQHandler  stm32f4xx_hal_uart.o
    0x08002a60   0x00000064   Code   RO         4236    i.HAL_UART_Init     stm32f4xx_hal_uart.o
    0x08002ac4   0x000001f8   Code   RO          608    i.HAL_UART_MspInit  usart.o
    0x08002cbc   0x0000002e   Code   RO         4241    i.HAL_UART_Receive_IT  stm32f4xx_hal_uart.o
    0x08002cea   0x00000002   Code   RO         4242    i.HAL_UART_RxCpltCallback  stm32f4xx_hal_uart.o
    0x08002cec   0x000000ca   Code   RO         4244    i.HAL_UART_Transmit  stm32f4xx_hal_uart.o
    0x08002db6   0x00000002   Code   RO         4247    i.HAL_UART_TxCpltCallback  stm32f4xx_hal_uart.o
    0x08002db8   0x00000002   Code   RO          669    i.HardFault_Handler  stm32f4xx_it.o
    0x08002dba   0x00000002   PAD
    0x08002dbc   0x00000010   Code   RO          901    i.LED_Blue          bsp_led.o
    0x08002dcc   0x00000010   Code   RO          904    i.LED_Green_Toggle  bsp_led.o
    0x08002ddc   0x00000050   Code   RO          327    i.Load_UpperBoard_Data  upperboard.o
    0x08002e2c   0x00000048   Code   RO          482    i.MX_CAN1_Init      can.o
    0x08002e74   0x00000048   Code   RO          483    i.MX_CAN2_Init      can.o
    0x08002ebc   0x0000005c   Code   RO          529    i.MX_DMA_Init       dma.o
    0x08002f18   0x000000dc   Code   RO          456    i.MX_GPIO_Init      gpio.o
    0x08002ff4   0x000000c8   Code   RO          556    i.MX_TIM1_Init      tim.o
    0x080030bc   0x00000044   Code   RO          557    i.MX_TIM6_Init      tim.o
    0x08003100   0x00000038   Code   RO          609    i.MX_USART1_UART_Init  usart.o
    0x08003138   0x0000003c   Code   RO          610    i.MX_USART3_UART_Init  usart.o
    0x08003174   0x00000038   Code   RO          611    i.MX_USART6_UART_Init  usart.o
    0x080031ac   0x00000002   Code   RO          670    i.MemManage_Handler  stm32f4xx_it.o
    0x080031ae   0x00000008   Code   RO         1053    i.MineralMotorPID_Calc  pid.o
    0x080031b6   0x00000002   PAD
    0x080031b8   0x0000013c   Code   RO           13    i.Motor_Control     dr16.o
    0x080032f4   0x00000060   Code   RO           14    i.Motor_Lift_Calibrate  dr16.o
    0x08003354   0x00000062   Code   RO          251    i.Motor_RecordData  motor.o
    0x080033b6   0x00000002   Code   RO          671    i.NMI_Handler       stm32f4xx_it.o
    0x080033b8   0x00000020   Code   RO         1054    i.OutboardLiftMotor_PID_Calc  pid.o
    0x080033d8   0x00000002   Code   RO          672    i.PendSV_Handler    stm32f4xx_it.o
    0x080033da   0x0000000a   Code   RO           15    i.RC_abs            dr16.o
    0x080033e4   0x0000006c   Code   RO           16    i.RC_data_is_error  dr16.o
    0x08003450   0x00000060   Code   RO           17    i.RC_init           dr16.o
    0x080034b0   0x00000080   Code   RO           18    i.RC_restart        dr16.o
    0x08003530   0x000000c0   Code   RO          991    i.REFEREE_init      bsp_referee.o
    0x080035f0   0x00000024   Code   RO         1273    i.ReceiveUpperBoard  receiveupperboard_task.o
    0x08003614   0x00000020   Code   RO         1249    i.RemoteUpperBoard  remoteupperboard_task.o
    0x08003634   0x00000144   Code   RO          328    i.Resolve_UpperBoard_Data  upperboard.o
    0x08003778   0x00000002   Code   RO          673    i.SVC_Handler       stm32f4xx_it.o
    0x0800377a   0x00000002   PAD
    0x0800377c   0x00000058   Code   RO          252    i.Set_Chassis_Current  motor.o
    0x080037d4   0x00000058   Code   RO          253    i.Set_Mineral_Current  motor.o
    0x0800382c   0x00000004   Code   RO          674    i.SysTick_Handler   stm32f4xx_it.o
    0x08003830   0x00000094   Code   RO          371    i.SystemClock_Config  main.o
    0x080038c4   0x0000001c   Code   RO         4575    i.SystemInit        system_stm32f4xx.o
    0x080038e0   0x0000000c   Code   RO          675    i.TIM1_CC_IRQHandler  stm32f4xx_it.o
    0x080038ec   0x0000000c   Code   RO          676    i.TIM6_DAC_IRQHandler  stm32f4xx_it.o
    0x080038f8   0x000000cc   Code   RO         3318    i.TIM_Base_SetConfig  stm32f4xx_hal_tim.o
    0x080039c4   0x0000001e   Code   RO         3319    i.TIM_CCxChannelCmd  stm32f4xx_hal_tim.o
    0x080039e2   0x00000016   Code   RO         3329    i.TIM_ETR_SetConfig  stm32f4xx_hal_tim.o
    0x080039f8   0x00000010   Code   RO         3330    i.TIM_ITRx_SetConfig  stm32f4xx_hal_tim.o
    0x08003a08   0x00000070   Code   RO         3331    i.TIM_OC1_SetConfig  stm32f4xx_hal_tim.o
    0x08003a78   0x00000078   Code   RO         3332    i.TIM_OC2_SetConfig  stm32f4xx_hal_tim.o
    0x08003af0   0x00000078   Code   RO         3333    i.TIM_OC3_SetConfig  stm32f4xx_hal_tim.o
    0x08003b68   0x00000058   Code   RO         3334    i.TIM_OC4_SetConfig  stm32f4xx_hal_tim.o
    0x08003bc0   0x00000026   Code   RO         3336    i.TIM_TI1_ConfigInputStage  stm32f4xx_hal_tim.o
    0x08003be6   0x00000024   Code   RO         3338    i.TIM_TI2_ConfigInputStage  stm32f4xx_hal_tim.o
    0x08003c0a   0x00000010   Code   RO         4249    i.UART_DMAAbortOnError  stm32f4xx_hal_uart.o
    0x08003c1a   0x0000004e   Code   RO         4259    i.UART_EndRxTransfer  stm32f4xx_hal_uart.o
    0x08003c68   0x0000001a   Code   RO         4260    i.UART_EndTransmit_IT  stm32f4xx_hal_uart.o
    0x08003c82   0x000000c8   Code   RO         4262    i.UART_Receive_IT   stm32f4xx_hal_uart.o
    0x08003d4a   0x00000002   PAD
    0x08003d4c   0x000000fc   Code   RO         4263    i.UART_SetConfig    stm32f4xx_hal_uart.o
    0x08003e48   0x0000003c   Code   RO         4265    i.UART_Start_Receive_IT  stm32f4xx_hal_uart.o
    0x08003e84   0x0000005e   Code   RO         4266    i.UART_Transmit_IT  stm32f4xx_hal_uart.o
    0x08003ee2   0x0000008c   Code   RO         4267    i.UART_WaitOnFlagUntilTimeout  stm32f4xx_hal_uart.o
    0x08003f6e   0x00000086   Code   RO         1501    i.UI_Draw_Arc       referee_ui.o
    0x08003ff4   0x00000070   Code   RO         1505    i.UI_Draw_Line      referee_ui.o
    0x08004064   0x00000092   Code   RO         1507    i.UI_Draw_String    referee_ui.o
    0x080040f6   0x00000002   PAD
    0x080040f8   0x000000f0   Code   RO         1509    i.UI_PushUp_Graphs  referee_ui.o
    0x080041e8   0x0000005c   Code   RO         1510    i.UI_PushUp_String  referee_ui.o
    0x08004244   0x00000094   Code   RO          993    i.USART1_IRQHandler  bsp_referee.o
    0x080042d8   0x000000cc   Code   RO           19    i.USART3_IRQHandler  dr16.o
    0x080043a4   0x0000002c   Code   RO          677    i.USART6_IRQHandler  stm32f4xx_it.o
    0x080043d0   0x00000002   Code   RO          678    i.UsageFault_Handler  stm32f4xx_it.o
    0x080043d2   0x000000f0   Code   RO         1055    i.Vpid_Calc         pid.o
    0x080044c2   0x0000000e   Code   RO         4672    i.__scatterload_copy  mc_w.l(handlers.o)
    0x080044d0   0x00000002   Code   RO         4673    i.__scatterload_null  mc_w.l(handlers.o)
    0x080044d2   0x0000000e   Code   RO         4674    i.__scatterload_zeroinit  mc_w.l(handlers.o)
    0x080044e0   0x00000044   Code   RO          254    i.abs_motor         motor.o
    0x08004524   0x0000002c   Code   RO         1634    i.fifo_s_get        fifo.o
    0x08004550   0x00000016   Code   RO         1637    i.fifo_s_init       fifo.o
    0x08004566   0x0000007c   Code   RO         1643    i.fifo_s_puts       fifo.o
    0x080045e2   0x00000004   Code   RO         1645    i.fifo_s_used       fifo.o
    0x080045e6   0x00000002   PAD
    0x080045e8   0x0000002c   Code   RO         1308    i.get_CRC16_check_sum  crc8_crc16.o
    0x08004614   0x0000001c   Code   RO         1309    i.get_CRC8_check_sum  crc8_crc16.o
    0x08004630   0x0000000c   Code   RO         1398    i.get_robot_id      referee.o
    0x0800463c   0x00000074   Code   RO         1402    i.init_referee_struct_data  referee.o
    0x080046b0   0x00000068   Code   RO         1208    i.judge_height      chassismove_task.o
    0x08004718   0x00000068   Code   RO          372    i.main              main.o
    0x08004780   0x00000014   Code   RO          255    i.motor_angle_init  motor.o
    0x08004794   0x00000124   Code   RO         1403    i.referee_data_solve  referee.o
    0x080048b8   0x00000118   Code   RO         1404    i.referee_unpack_fifo_data  referee.o
    0x080049d0   0x0000002c   Code   RO          994    i.referee_usart_fifo_init  bsp_referee.o
    0x080049fc   0x00000734   Code   RO         1511    i.referee_usart_task  referee_ui.o
    0x08005130   0x00000010   Code   RO           21    i.remote_control_init  dr16.o
    0x08005140   0x00000096   Code   RO           22    i.sbus_to_rc        dr16.o
    0x080051d6   0x00000002   PAD
    0x080051d8   0x00000150   Code   RO         1209    i.speed_optimize    chassismove_task.o
    0x08005328   0x0000003c   Code   RO         1310    i.verify_CRC16_check_sum  crc8_crc16.o
    0x08005364   0x00000026   Code   RO         1311    i.verify_CRC8_check_sum  crc8_crc16.o
    0x0800538a   0x00000600   Data   RO         1313    .constdata          crc8_crc16.o
    0x0800598a   0x00000008   Data   RO         2570    .constdata          stm32f4xx_hal_dma.o
    0x08005992   0x00000010   Data   RO         4576    .constdata          system_stm32f4xx.o
    0x080059a2   0x00000008   Data   RO         4577    .constdata          system_stm32f4xx.o
    0x080059aa   0x00000002   PAD
    0x080059ac   0x00000020   Data   RO         4670    Region$$Table       anon$$obj.o


    Execution Region RW_IRAM2 (Base: 0x10000000, Size: 0x00000000, Max: 0x00010000, ABSOLUTE)

    **** No section assigned to this execution region ****


    Execution Region RW_IRAM1 (Base: 0x20000000, Size: 0x00001950, Max: 0x00020000, ABSOLUTE, COMPRESSED[0x00000054])

    Base Addr    Size         Type   Attr      Idx    E Section Name        Object

    0x20000000   0x00000001   Data   RW           28    .data               dr16.o
    0x20000001   0x00000001   PAD
    0x20000002   0x0000001a   Data   RW           29    .data               dr16.o
    0x2000001c   0x00000014   Data   RW          257    .data               motor.o
    0x20000030   0x00000020   Data   RW          330    .data               upperboard.o
    0x20000050   0x00000004   Data   RW          485    .data               can.o
    0x20000054   0x00000008   Data   RW          830    .data               bsp_can.o
    0x2000005c   0x00000001   Data   RW          957    .data               bsp_servo.o
    0x2000005d   0x00000001   PAD
    0x2000005e   0x00000002   Data   RW          996    .data               bsp_referee.o
    0x20000060   0x00000018   Data   RW         1056    .data               pid.o
    0x20000078   0x00000018   Data   RW         1057    .data               pid.o
    0x20000090   0x00000018   Data   RW         1058    .data               pid.o
    0x200000a8   0x00000018   Data   RW         1059    .data               pid.o
    0x200000c0   0x00000018   Data   RW         1060    .data               pid.o
    0x200000d8   0x00000018   Data   RW         1061    .data               pid.o
    0x200000f0   0x00000018   Data   RW         1062    .data               pid.o
    0x20000108   0x00000018   Data   RW         1063    .data               pid.o
    0x20000120   0x00000018   Data   RW         1064    .data               pid.o
    0x20000138   0x0000000c   Data   RW         1141    .data               timer_task.o
    0x20000144   0x00000034   Data   RW         1211    .data               chassismove_task.o
    0x20000178   0x00000002   Data   RW         1314    .data               crc8_crc16.o
    0x2000017a   0x00000002   PAD
    0x2000017c   0x00000031   Data   RW         1406    .data               referee.o
    0x200001ad   0x00000001   PAD
    0x200001ae   0x00000004   Data   RW         1522    .data               referee_ui.o
    0x200001b2   0x00000002   PAD
    0x200001b4   0x0000000c   Data   RW         2992    .data               stm32f4xx_hal.o
    0x200001c0   0x00000004   Data   RW         4578    .data               system_stm32f4xx.o
    0x200001c4   0x00000048   Zero   RW           23    .bss                dr16.o
    0x2000020c   0x00000500   Zero   RW          256    .bss                motor.o
    0x2000070c   0x00000074   Zero   RW          329    .bss                upperboard.o
    0x20000780   0x00000050   Zero   RW          484    .bss                can.o
    0x200007d0   0x00000090   Zero   RW          558    .bss                tim.o
    0x20000860   0x000001ec   Zero   RW          612    .bss                usart.o
    0x20000a4c   0x00000818   Zero   RW          995    .bss                bsp_referee.o
    0x20001264   0x00000058   Zero   RW         1105    .bss                kinematics.o
    0x200012bc   0x000000eb   Zero   RW         1405    .bss                referee.o
    0x200013a7   0x000001a4   Zero   RW         1514    .bss                referee_ui.o
    0x2000154b   0x00000005   PAD
    0x20001550   0x00000400   Zero   RW            1    STACK               startup_stm32f407xx.o


==============================================================================

Image component sizes


      Code (inc. data)   RO Data    RW Data    ZI Data      Debug   Object Name

       240         30          0          8          0       3177   bsp_can.o
        32         10          0          0          0        982   bsp_led.o
       384         60          0          2       2072       2805   bsp_referee.o
        36          8          0          1          0       1098   bsp_servo.o
       412         46          0          4         80       2594   can.o
       472         16          0         52          0       2959   chassismove_task.o
       250         30       1536          2          0       5215   crc8_crc16.o
        92          4          0          0          0        866   dma.o
      1124        138          0         27         72     710940   dr16.o
       194          0          0          0          0       8557   fifo.o
       220         14          0          0          0       1123   gpio.o
       196         28          0          0         88       2131   kinematics.o
       256         20          0          0          0       3308   main.o
       730        118          0         20       1280       7310   motor.o
       528          0          0        216          0       4985   pid.o
        36         10          0          0          0        584   receiveupperboard_task.o
       700         42          0         49        235      12910   referee.o
      2568        180          0          4        420      16301   referee_ui.o
        32          8          0          0          0        547   remoteupperboard_task.o
        36          8        392          0       1024        856   startup_stm32f407xx.o
       188         30          0         12          0       9565   stm32f4xx_hal.o
      2004          6          0          0          0      15355   stm32f4xx_hal_can.o
       208         16          0          0          0      33759   stm32f4xx_hal_cortex.o
      1104         18          8          0          0       5955   stm32f4xx_hal_dma.o
       586         18          0          0          0       3065   stm32f4xx_hal_gpio.o
        48          6          0          0          0        894   stm32f4xx_hal_msp.o
      1722        104          0          0          0       6652   stm32f4xx_hal_rcc.o
      2062         46          0          0          0      16483   stm32f4xx_hal_tim.o
       260          0          0          0          0       3537   stm32f4xx_hal_tim_ex.o
      1830          8          0          0          0      13690   stm32f4xx_hal_uart.o
       160         58          0          0          0       8820   stm32f4xx_it.o
        28          8         24          4          0       1215   system_stm32f4xx.o
       456         42          0          0        144       3213   tim.o
       284         36          0         12          0       7156   timer_task.o
       404         56          0         32        116       5721   upperboard.o
       676         74          0          0        492       3597   usart.o

    ----------------------------------------------------------------------
     20590       1296       1994        452       6028     927925   Object Totals
         0          0         32          0          0          0   (incl. Generated)
        32          0          2          7          5          0   (incl. Padding)

    ----------------------------------------------------------------------

      Code (inc. data)   RO Data    RW Data    ZI Data      Debug   Library Member Name

        86          0          0          0          0          0   __dczerorl2.o
         0          0          0          0          0          0   entry.o
         0          0          0          0          0          0   entry10a.o
         0          0          0          0          0          0   entry11a.o
         8          4          0          0          0          0   entry2.o
         4          0          0          0          0          0   entry5.o
         0          0          0          0          0          0   entry7b.o
         0          0          0          0          0          0   entry8b.o
         8          4          0          0          0          0   entry9a.o
        30          0          0          0          0          0   handlers.o
        36          8          0          0          0         68   init.o
        30          0          0          0          0         68   llshl.o
        32          0          0          0          0         68   llushr.o
        36          0          0          0          0         68   memcpya.o
        36          0          0          0          0        108   memseta.o
        98          0          0          0          0         92   uldiv.o

    ----------------------------------------------------------------------
       404         16          0          0          0        472   Library Totals
         0          0          0          0          0          0   (incl. Padding)

    ----------------------------------------------------------------------

      Code (inc. data)   RO Data    RW Data    ZI Data      Debug   Library Name

       404         16          0          0          0        472   mc_w.l

    ----------------------------------------------------------------------
       404         16          0          0          0        472   Library Totals

    ----------------------------------------------------------------------

==============================================================================


      Code (inc. data)   RO Data    RW Data    ZI Data      Debug   

     20994       1312       1994        452       6028     911825   Grand Totals
     20994       1312       1994         84       6028     911825   ELF Image Totals (compressed)
     20994       1312       1994         84          0          0   ROM Totals

==============================================================================

    Total RO  Size (Code + RO Data)                22988 (  22.45kB)
    Total RW  Size (RW Data + ZI Data)              6480 (   6.33kB)
    Total ROM Size (Code + RO Data + RW Data)      23072 (  22.53kB)

==============================================================================

