<html>
<body>
<pre>
<h1>µVision Build Log</h1>
<h2>Tool Versions:</h2>
IDE-Version: ¦ÌVision V5.23.0.0
Copyright (C) 2017 ARM Ltd and ARM Germany GmbH. All rights reserved.
License Information: a b, c, LIC=X96CK-ZP7ED-BSIYX-H7LK2-CVLY4-8A1SM
 
Tool Versions:
Toolchain:       MDK-ARM Plus  Version: 5.23
Toolchain Path:  C:\Keil_v5\ARM\ARMCC\Bin
C Compiler:      Armcc.exe V5.06 update 4 (build 422)
Assembler:       Armasm.exe V5.06 update 4 (build 422)
Linker/Locator:  ArmLink.exe V5.06 update 4 (build 422)
Library Manager: ArmAr.exe V5.06 update 4 (build 422)
Hex Converter:   FromElf.exe V5.06 update 4 (build 422)
CPU DLL:         SARMCM3.DLL V5.23
Dialog DLL:      DCM.DLL V1.15.0.0
Target DLL:      Segger\JL2CM3.dll V2.99.23.0
Dialog DLL:      TCM.DLL V1.27.0.0
 
<h2>Project:</h2>
C:\Engineer\release_mosasaurus_engineer\Chassis\Project\MDK-ARM\Project.uvprojx
Project File Date:  07/31/2023

<h2>Output:</h2>
*** Using Compiler 'V5.06 update 4 (build 422)', folder: 'C:\Keil_v5\ARM\ARMCC\Bin'
Build target 'Project'
assembling startup_stm32f407xx.s...
compiling gpio.c...
compiling bsp_uart.c...
compiling micromath.c...
compiling pid.c...
compiling Motor.c...
..\User\Devices\Motor.c(200): warning:  #223-D: function "abs" declared implicitly
  	abs_chassis1 = abs(chassis_motor1.vpid.actual_speed);
..\User\Devices\Motor.c: 1 warning, 0 errors
compiling bsp_can.c...
compiling usart.c...
compiling main.c...
compiling DR16.c...
..\User\Devices\DR16.c(32): warning:  #69-D: integer conversion resulted in truncation
  RC_ctrl_t rc_ctrl = {{0x0400,0x0400,0x0400,0x0400,2,2,0x0400},{0,0,0,0,0,},{0}};
..\User\Devices\DR16.c(838): warning:  #1-D: last line of file ends without a newline
  //}
..\User\Devices\DR16.c(54): warning:  #177-D: function "caculate_linear_speed"  was declared but never referenced
  static float caculate_linear_speed(int width,int mid,int min,int max)
..\User\Devices\DR16.c(66): warning:  #177-D: function "caculate_rotational_speed"  was declared but never referenced
  static float caculate_rotational_speed(int width,int mid,int min,int max)
..\User\Devices\DR16.c: 4 warnings, 0 errors
compiling bsp_servo.c...
..\User\BSP\bsp_servo.c(8): warning:  #186-D: pointless comparison of unsigned integer with zero
  	else if(angle<0)
..\User\BSP\bsp_servo.c: 1 warning, 0 errors
compiling dma.c...
compiling stm32f4xx_hal_msp.c...
compiling tim.c...
compiling bsp_led.c...
compiling UpperBoard.c...
..\User\Devices\UpperBoard.c(124): warning:  #1-D: last line of file ends without a newline
  }
..\User\Devices\UpperBoard.c: 1 warning, 0 errors
compiling stm32f4xx_it.c...
compiling can.c...
compiling stm32f4xx_hal_flash.c...
compiling stm32f4xx_hal_flash_ex.c...
compiling bsp_referee.c...
compiling Timer_Task.c...
compiling ReceiveUpperBoard_Task.c...
compiling stm32f4xx_hal_can.c...
compiling stm32f4xx_hal_rcc_ex.c...
compiling CRC8_CRC16.c...
compiling RemoteUpperBoard_Task.c...
compiling ChassisMove_Task.c...
..\User\TASK\ChassisMove_Task.c(123): warning:  #177-D: function "speed_z_optimize"  was declared but never referenced
  static void speed_z_optimize(void)
..\User\TASK\ChassisMove_Task.c: 1 warning, 0 errors
compiling kinematics.c...
compiling referee.c...
compiling fifo.c...
compiling referee_UI.c...
..\User\TASK\referee_UI.c(374): warning:  #223-D: function "CRC08_Calculate" declared implicitly
  	Graph->Referee_Transmit_Header.CRC8 = CRC08_Calculate((uint8_t *)(&Graph->Referee_Transmit_Header), 4);
..\User\TASK\referee_UI.c(391): warning:  #223-D: function "CRC16_Calculate" declared implicitly
  		Graph1->CRC16 =CRC16_Calculate((uint8_t *)Graph1, sizeof(UI_Graph1_t) - 2);
..\User\TASK\referee_UI.c(396): warning:  #223-D: function "CRC16_Calculate" declared implicitly
  		Graph2->CRC16 = CRC16_Calculate((uint8_t *)Graph2, sizeof(UI_Graph2_t) - 2);
..\User\TASK\referee_UI.c(401): warning:  #223-D: function "CRC16_Calculate" declared implicitly
  		Graph5->CRC16 =CRC16_Calculate((uint8_t *)Graph5, sizeof(UI_Graph5_t) - 2);
..\User\TASK\referee_UI.c(406): warning:  #223-D: function "CRC16_Calculate" declared implicitly
  		Graph7->CRC16 = CRC16_Calculate((uint8_t *)Graph7, sizeof(UI_Graph7_t) - 2);
..\User\TASK\referee_UI.c(422): warning:  #223-D: function "CRC08_Calculate" declared implicitly
  	String->Referee_Transmit_Header.CRC8 = CRC08_Calculate((uint8_t *)(&String->Referee_Transmit_Header), 4);
..\User\TASK\referee_UI.c(433): warning:  #223-D: function "CRC16_Calculate" declared implicitly
  	String->CRC16 = CRC16_Calculate((uint8_t *)String, sizeof(UI_String_t) - 2);
..\User\TASK\referee_UI.c(445): warning:  #223-D: function "CRC08_Calculate" declared implicitly
  	Delete->Referee_Transmit_Header.CRC8 = CRC08_Calculate((uint8_t *)(&Delete->Referee_Transmit_Header), 4);
..\User\TASK\referee_UI.c(456): warning:  #223-D: function "CRC16_Calculate" declared implicitly
  	Delete->CRC16 = CRC16_Calculate((uint8_t *)Delete, sizeof(UI_Delete_t) - 2);
..\User\TASK\referee_UI.c(466): warning:  #177-D: variable "Capacitance_X"  was declared but never referenced
  	float    Capacitance_X;
..\User\TASK\referee_UI.c(44): warning:  #177-D: function "referee_data_pack_handle"  was declared but never referenced
  static void referee_data_pack_handle(uint8_t sof,uint16_t cmd_id, uint8_t *p_data, uint16_t len)
..\User\TASK\referee_UI.c(76): warning:  #177-D: function "get_UI_id"  was declared but never referenced
  static void get_UI_id(uint16_t *sender_ID,uint16_t *receiver_ID)
..\User\TASK\referee_UI.c: 12 warnings, 0 errors
compiling stm32f4xx_hal_rcc.c...
compiling stm32f4xx_hal_pwr_ex.c...
compiling stm32f4xx_hal_exti.c...
compiling stm32f4xx_hal.c...
compiling system_stm32f4xx.c...
compiling stm32f4xx_hal_cortex.c...
compiling stm32f4xx_hal_dma.c...
compiling stm32f4xx_hal_pwr.c...
compiling stm32f4xx_hal_dma_ex.c...
compiling stm32f4xx_hal_flash_ramfunc.c...
compiling stm32f4xx_hal_gpio.c...
compiling stm32f4xx_hal_tim_ex.c...
compiling stm32f4xx_hal_uart.c...
compiling stm32f4xx_hal_tim.c...
linking...
Program Size: Code=20994 RO-data=1994 RW-data=452 ZI-data=6028  
FromELF: creating hex file...
"Project\Project.axf" - 0 Error(s), 20 Warning(s).

<h2>Software Packages used:</h2>

Package Vendor: ARM
                http://www.keil.com/pack/ARM.CMSIS.5.0.1.pack
                ARM::CMSIS:CORE:5.0.1
                CMSIS (Cortex Microcontroller Software Interface Standard)
   * Component: CORE Version: 5.0.1

<h2>Collection of Component include folders:</h2>
  .\RTE\_Project
  C:\Keil_v5\ARM\PACK\ARM\CMSIS\5.0.1\CMSIS\Include
  C:\Keil_v5\ARM\PACK\Keil\STM32F4xx_DFP\2.16.0\Drivers\CMSIS\Device\ST\STM32F4xx\Include

<h2>Collection of Component Files used:</h2>

   * Component: ARM::CMSIS:CORE:5.0.1
Build Time Elapsed:  00:00:16
</pre>
</body>
</html>
