Component: ARM Compiler 5.06 update 1 (build 61) Tool: armlink [4d35a8]

==============================================================================

Section Cross References

    startup_stm32f427xx.o(STACK) refers (Special) to heapauxi.o(.text) for __use_two_region_memory
    startup_stm32f427xx.o(HEAP) refers (Special) to heapauxi.o(.text) for __use_two_region_memory
    startup_stm32f427xx.o(RESET) refers (Special) to heapauxi.o(.text) for __use_two_region_memory
    startup_stm32f427xx.o(RESET) refers to startup_stm32f427xx.o(STACK) for __initial_sp
    startup_stm32f427xx.o(RESET) refers to startup_stm32f427xx.o(.text) for Reset_Handler
    startup_stm32f427xx.o(RESET) refers to stm32f4xx_it.o(i.NMI_Handler) for NMI_Handler
    startup_stm32f427xx.o(RESET) refers to stm32f4xx_it.o(i.HardFault_Handler) for HardFault_Handler
    startup_stm32f427xx.o(RESET) refers to stm32f4xx_it.o(i.MemManage_Handler) for MemManage_Handler
    startup_stm32f427xx.o(RESET) refers to stm32f4xx_it.o(i.BusFault_Handler) for BusFault_Handler
    startup_stm32f427xx.o(RESET) refers to stm32f4xx_it.o(i.UsageFault_Handler) for UsageFault_Handler
    startup_stm32f427xx.o(RESET) refers to stm32f4xx_it.o(i.SVC_Handler) for SVC_Handler
    startup_stm32f427xx.o(RESET) refers to stm32f4xx_it.o(i.DebugMon_Handler) for DebugMon_Handler
    startup_stm32f427xx.o(RESET) refers to stm32f4xx_it.o(i.PendSV_Handler) for PendSV_Handler
    startup_stm32f427xx.o(RESET) refers to stm32f4xx_it.o(i.SysTick_Handler) for SysTick_Handler
    startup_stm32f427xx.o(RESET) refers to stm32f4xx_it.o(i.DMA1_Stream0_IRQHandler) for DMA1_Stream0_IRQHandler
    startup_stm32f427xx.o(RESET) refers to stm32f4xx_it.o(i.DMA1_Stream1_IRQHandler) for DMA1_Stream1_IRQHandler
    startup_stm32f427xx.o(RESET) refers to stm32f4xx_it.o(i.DMA1_Stream6_IRQHandler) for DMA1_Stream6_IRQHandler
    startup_stm32f427xx.o(RESET) refers to stm32f4xx_it.o(i.CAN1_RX0_IRQHandler) for CAN1_RX0_IRQHandler
    startup_stm32f427xx.o(RESET) refers to stm32f4xx_it.o(i.TIM4_IRQHandler) for TIM4_IRQHandler
    startup_stm32f427xx.o(RESET) refers to remote_control.o(i.USART1_IRQHandler) for USART1_IRQHandler
    startup_stm32f427xx.o(RESET) refers to stm32f4xx_it.o(i.USART2_IRQHandler) for USART2_IRQHandler
    startup_stm32f427xx.o(RESET) refers to stm32f4xx_it.o(i.USART3_IRQHandler) for USART3_IRQHandler
    startup_stm32f427xx.o(RESET) refers to stm32f4xx_it.o(i.TIM5_IRQHandler) for TIM5_IRQHandler
    startup_stm32f427xx.o(RESET) refers to stm32f4xx_it.o(i.TIM6_DAC_IRQHandler) for TIM6_DAC_IRQHandler
    startup_stm32f427xx.o(RESET) refers to stm32f4xx_it.o(i.DMA2_Stream1_IRQHandler) for DMA2_Stream1_IRQHandler
    startup_stm32f427xx.o(RESET) refers to stm32f4xx_it.o(i.CAN2_RX0_IRQHandler) for CAN2_RX0_IRQHandler
    startup_stm32f427xx.o(RESET) refers to stm32f4xx_it.o(i.DMA2_Stream5_IRQHandler) for DMA2_Stream5_IRQHandler
    startup_stm32f427xx.o(RESET) refers to stm32f4xx_it.o(i.DMA2_Stream6_IRQHandler) for DMA2_Stream6_IRQHandler
    startup_stm32f427xx.o(RESET) refers to stm32f4xx_it.o(i.DMA2_Stream7_IRQHandler) for DMA2_Stream7_IRQHandler
    startup_stm32f427xx.o(RESET) refers to stm32f4xx_it.o(i.USART6_IRQHandler) for USART6_IRQHandler
    startup_stm32f427xx.o(RESET) refers to stm32f4xx_it.o(i.UART8_IRQHandler) for UART8_IRQHandler
    startup_stm32f427xx.o(.text) refers (Special) to heapauxi.o(.text) for __use_two_region_memory
    startup_stm32f427xx.o(.text) refers to system_stm32f4xx.o(i.SystemInit) for SystemInit
    startup_stm32f427xx.o(.text) refers to __main.o(!!!main) for __main
    startup_stm32f427xx.o(.text) refers to startup_stm32f427xx.o(HEAP) for Heap_Mem
    startup_stm32f427xx.o(.text) refers to startup_stm32f427xx.o(STACK) for Stack_Mem
    main.o(i.SystemClock_Config) refers to rt_memclr_w.o(.text) for __aeabi_memclr4
    main.o(i.SystemClock_Config) refers to stm32f4xx_hal_rcc.o(i.HAL_RCC_OscConfig) for HAL_RCC_OscConfig
    main.o(i.SystemClock_Config) refers to stm32f4xx_hal_pwr_ex.o(i.HAL_PWREx_EnableOverDrive) for HAL_PWREx_EnableOverDrive
    main.o(i.SystemClock_Config) refers to stm32f4xx_hal_rcc.o(i.HAL_RCC_ClockConfig) for HAL_RCC_ClockConfig
    main.o(i.main) refers to stm32f4xx_hal.o(i.HAL_Init) for HAL_Init
    main.o(i.main) refers to main.o(i.SystemClock_Config) for SystemClock_Config
    main.o(i.main) refers to gpio.o(i.MX_GPIO_Init) for MX_GPIO_Init
    main.o(i.main) refers to can.o(i.MX_CAN1_Init) for MX_CAN1_Init
    main.o(i.main) refers to can.o(i.MX_CAN2_Init) for MX_CAN2_Init
    main.o(i.main) refers to dma.o(i.MX_DMA_Init) for MX_DMA_Init
    main.o(i.main) refers to usart.o(i.MX_USART3_UART_Init) for MX_USART3_UART_Init
    main.o(i.main) refers to tim.o(i.MX_TIM6_Init) for MX_TIM6_Init
    main.o(i.main) refers to usart.o(i.MX_USART1_UART_Init) for MX_USART1_UART_Init
    main.o(i.main) refers to usart.o(i.MX_USART2_UART_Init) for MX_USART2_UART_Init
[...]
    $v0                                      0x080054d6   Number         0  fretinf.o(x$fpl$fretinf)
    .constdata                               0x080054e0   Section        8  stm32f4xx_hal_dma.o(.constdata)
    x$fpl$usenofp                            0x080054e0   Section        0  usenofp.o(x$fpl$usenofp)
    flagBitshiftOffset                       0x080054e0   Data           8  stm32f4xx_hal_dma.o(.constdata)
    .constdata                               0x080054e8   Section       16  system_stm32f4xx.o(.constdata)
    .constdata                               0x080054f8   Section        8  system_stm32f4xx.o(.constdata)
    .data                                    0x20000000   Section        4  can.o(.data)
    HAL_RCC_CAN1_CLK_ENABLED                 0x20000000   Data           4  can.o(.data)
    .data                                    0x20000004   Section        4  tim6_cnt_task.o(.data)
    .data                                    0x20000008   Section       16  key_task.o(.data)
    .data                                    0x20000018   Section        2  remote_control.o(.data)
    this_time_rx_len                         0x20000018   Data           2  remote_control.o(.data)
    .data                                    0x2000001c   Section       20  bsp_handle.o(.data)
    .data                                    0x20000030   Section       64  bsp_flip.o(.data)
    .data                                    0x20000070   Section       32  bsp_mineral.o(.data)
    .data                                    0x20000090   Section       16  bsp_uart.o(.data)
    .data                                    0x200000a0   Section       56  bsp_chassis.o(.data)
    .data                                    0x200000d8   Section        8  bsp_can.o(.data)
    .data                                    0x200000e0   Section       40  bsp_electric_push.o(.data)
    .data                                    0x20000108   Section        4  bsp_clamp.o(.data)
    .data                                    0x2000010c   Section       12  stm32f4xx_hal.o(.data)
    .data                                    0x20000118   Section        4  system_stm32f4xx.o(.data)
    .bss                                     0x2000011c   Section       80  can.o(.bss)
    .bss                                     0x2000016c   Section      288  tim.o(.bss)
    .bss                                     0x2000028c   Section     1012  usart.o(.bss)
    .bss                                     0x20000680   Section       94  remote_control.o(.bss)
    sbus_rx_buf                              0x20000696   Data          72  remote_control.o(.bss)
    .bss                                     0x200006e0   Section      144  bsp_handle.o(.bss)
    .bss                                     0x20000770   Section      288  bsp_flip.o(.bss)
    .bss                                     0x20000890   Section      576  bsp_mineral.o(.bss)
    .bss                                     0x20000ad0   Section       50  bsp_uart.o(.bss)
    .bss                                     0x20000b04   Section      640  bsp_chassis.o(.bss)
    .bss                                     0x20000d84   Section       28  bsp_can.o(.bss)
    .bss                                     0x20000da0   Section       96  libspace.o(.bss)
    HEAP                                     0x20000e00   Section      512  startup_stm32f427xx.o(HEAP)
    Heap_Mem                                 0x20000e00   Data         512  startup_stm32f427xx.o(HEAP)
    STACK                                    0x20001000   Section     1024  startup_stm32f427xx.o(STACK)
    Stack_Mem                                0x20001000   Data        1024  startup_stm32f427xx.o(STACK)
    __initial_sp                             0x20001400   Data           0  startup_stm32f427xx.o(STACK)

    Global Symbols

    Symbol Name                              Value     Ov Type        Size  Object(Section)

    BuildAttributes$$THM_ISAv4$E$P$D$K$B$S$7EM$VFPi3$EXTD16$VFPS$VFMA$PE$A:L22UL41UL21$X:L11$S22US41US21$IEEE1$IW$USESV6$~STKCKD$USESV7$~SHL$OTIME$ROPI$EBA8$UX$STANDARDLIB$REQ8$PRES8$EABIv2 0x00000000   Number         0  anon$$obj.o ABSOLUTE
    __ARM_use_no_argv                        0x00000000   Number         0  main.o ABSOLUTE
    __ARM_exceptions_init                     - Undefined Weak Reference
    __alloca_initialize                       - Undefined Weak Reference
    __arm_preinit_                            - Undefined Weak Reference
    __cpp_initialize__aeabi_                  - Undefined Weak Reference
    __cxa_finalize                            - Undefined Weak Reference
    __rt_locale                               - Undefined Weak Reference
    __sigvec_lookup                           - Undefined Weak Reference
    __user_heap_extent                        - Undefined Weak Reference
    _atexit_init                              - Undefined Weak Reference
    _call_atexit_fns                          - Undefined Weak Reference
    _clock_init                               - Undefined Weak Reference
    _fp_trap_init                             - Undefined Weak Reference
    _fp_trap_shutdown                         - Undefined Weak Reference
    _get_lc_collate                           - Undefined Weak Reference
    _get_lc_ctype                             - Undefined Weak Reference
    _get_lc_monetary                          - Undefined Weak Reference
    _get_lc_numeric                           - Undefined Weak Reference
    _get_lc_time                              - Undefined Weak Reference
    _getenv_init                              - Undefined Weak Reference
    _handle_redirection                       - Undefined Weak Reference
    _initio                                   - Undefined Weak Reference
    _mutex_acquire                            - Undefined Weak Reference
    _mutex_free                               - Undefined Weak Reference
    _mutex_release                            - Undefined Weak Reference
    _rand_init                                - Undefined Weak Reference
    _signal_finish                            - Undefined Weak Reference
    _signal_init                              - Undefined Weak Reference
    _terminateio                              - Undefined Weak Reference
    __Vectors_Size                           0x000001ac   Number         0  startup_stm32f427xx.o ABSOLUTE
    __Vectors                                0x08000000   Data           4  startup_stm32f427xx.o(RESET)
    __Vectors_End                            0x080001ac   Data           0  startup_stm32f427xx.o(RESET)
    __main                                   0x080001ad   Thumb Code     8  __main.o(!!!main)
    __scatterload                            0x080001b5   Thumb Code     0  __scatter.o(!!!scatter)
    __scatterload_rt2                        0x080001b5   Thumb Code    44  __scatter.o(!!!scatter)
    __scatterload_rt2_thumb_only             0x080001b5   Thumb Code     0  __scatter.o(!!!scatter)
    __scatterload_null                       0x080001c3   Thumb Code     0  __scatter.o(!!!scatter)
    __scatterload_copy                       0x080001e9   Thumb Code    26  __scatter_copy.o(!!handler_copy)
    __scatterload_zeroinit                   0x08000205   Thumb Code    28  __scatter_zi.o(!!handler_zi)
    __rt_lib_init                            0x08000221   Thumb Code     0  libinit.o(.ARM.Collect$$libinit$$00000000)
    __rt_lib_init_fp_1                       0x08000223   Thumb Code     0  libinit2.o(.ARM.Collect$$libinit$$00000001)
    __rt_lib_init_alloca_1                   0x08000227   Thumb Code     0  libinit2.o(.ARM.Collect$$libinit$$0000002E)
    __rt_lib_init_argv_1                     0x08000227   Thumb Code     0  libinit2.o(.ARM.Collect$$libinit$$0000002C)
    __rt_lib_init_atexit_1                   0x08000227   Thumb Code     0  libinit2.o(.ARM.Collect$$libinit$$0000001B)
    __rt_lib_init_clock_1                    0x08000227   Thumb Code     0  libinit2.o(.ARM.Collect$$libinit$$00000021)
    __rt_lib_init_cpp_1                      0x08000227   Thumb Code     0  libinit2.o(.ARM.Collect$$libinit$$00000032)
    __rt_lib_init_exceptions_1               0x08000227   Thumb Code     0  libinit2.o(.ARM.Collect$$libinit$$00000030)
    __rt_lib_init_fp_trap_1                  0x08000227   Thumb Code     0  libinit2.o(.ARM.Collect$$libinit$$0000001F)
    __rt_lib_init_getenv_1                   0x08000227   Thumb Code     0  libinit2.o(.ARM.Collect$$libinit$$00000023)
    __rt_lib_init_heap_1                     0x08000227   Thumb Code     0  libinit2.o(.ARM.Collect$$libinit$$0000000A)
    __rt_lib_init_lc_collate_1               0x08000227   Thumb Code     0  libinit2.o(.ARM.Collect$$libinit$$00000011)
    __rt_lib_init_lc_ctype_1                 0x08000227   Thumb Code     0  libinit2.o(.ARM.Collect$$libinit$$00000013)
    __rt_lib_init_lc_monetary_1              0x08000227   Thumb Code     0  libinit2.o(.ARM.Collect$$libinit$$00000015)
    __rt_lib_init_lc_numeric_1               0x08000227   Thumb Code     0  libinit2.o(.ARM.Collect$$libinit$$00000017)
    __rt_lib_init_lc_time_1                  0x08000227   Thumb Code     0  libinit2.o(.ARM.Collect$$libinit$$00000019)
    __rt_lib_init_preinit_1                  0x08000227   Thumb Code     0  libinit2.o(.ARM.Collect$$libinit$$00000004)
    __rt_lib_init_rand_1                     0x08000227   Thumb Code     0  libinit2.o(.ARM.Collect$$libinit$$0000000E)
    __rt_lib_init_return                     0x08000227   Thumb Code     0  libinit2.o(.ARM.Collect$$libinit$$00000033)
    __rt_lib_init_signal_1                   0x08000227   Thumb Code     0  libinit2.o(.ARM.Collect$$libinit$$0000001D)
    __rt_lib_init_stdio_1                    0x08000227   Thumb Code     0  libinit2.o(.ARM.Collect$$libinit$$00000025)
    __rt_lib_init_user_alloc_1               0x08000227   Thumb Code     0  libinit2.o(.ARM.Collect$$libinit$$0000000C)
    __rt_lib_shutdown                        0x08000229   Thumb Code     0  libshutdown.o(.ARM.Collect$$libshutdown$$00000000)
    __rt_lib_shutdown_cpp_1                  0x0800022b   Thumb Code     0  libshutdown2.o(.ARM.Collect$$libshutdown$$00000002)
    __rt_lib_shutdown_fp_trap_1              0x0800022b   Thumb Code     0  libshutdown2.o(.ARM.Collect$$libshutdown$$00000007)
    __rt_lib_shutdown_heap_1                 0x0800022b   Thumb Code     0  libshutdown2.o(.ARM.Collect$$libshutdown$$0000000F)
    __rt_lib_shutdown_return                 0x0800022b   Thumb Code     0  libshutdown2.o(.ARM.Collect$$libshutdown$$00000010)
    __rt_lib_shutdown_signal_1               0x0800022b   Thumb Code     0  libshutdown2.o(.ARM.Collect$$libshutdown$$0000000A)
    __rt_lib_shutdown_stdio_1                0x0800022b   Thumb Code     0  libshutdown2.o(.ARM.Collect$$libshutdown$$00000004)
    __rt_lib_shutdown_user_alloc_1           0x0800022b   Thumb Code     0  libshutdown2.o(.ARM.Collect$$libshutdown$$0000000C)
    __rt_entry                               0x0800022d   Thumb Code     0  __rtentry.o(.ARM.Collect$$rtentry$$00000000)
    __rt_entry_presh_1                       0x0800022d   Thumb Code     0  __rtentry2.o(.ARM.Collect$$rtentry$$00000002)
    __rt_entry_sh                            0x0800022d   Thumb Code     0  __rtentry4.o(.ARM.Collect$$rtentry$$00000004)
    __rt_entry_li                            0x08000233   Thumb Code     0  __rtentry2.o(.ARM.Collect$$rtentry$$0000000A)
    __rt_entry_postsh_1                      0x08000233   Thumb Code     0  __rtentry2.o(.ARM.Collect$$rtentry$$00000009)
    __rt_entry_main                          0x08000237   Thumb Code     0  __rtentry2.o(.ARM.Collect$$rtentry$$0000000D)
    __rt_entry_postli_1                      0x08000237   Thumb Code     0  __rtentry2.o(.ARM.Collect$$rtentry$$0000000C)
    __rt_exit                                0x0800023f   Thumb Code     0  rtexit.o(.ARM.Collect$$rtexit$$00000000)
    __rt_exit_ls                             0x08000241   Thumb Code     0  rtexit2.o(.ARM.Collect$$rtexit$$00000003)
    __rt_exit_prels_1                        0x08000241   Thumb Code     0  rtexit2.o(.ARM.Collect$$rtexit$$00000002)
    __rt_exit_exit                           0x08000245   Thumb Code     0  rtexit2.o(.ARM.Collect$$rtexit$$00000004)
    Reset_Handler                            0x0800024d   Thumb Code     8  startup_stm32f427xx.o(.text)
    ADC_IRQHandler                           0x08000267   Thumb Code     0  startup_stm32f427xx.o(.text)
    CAN1_RX1_IRQHandler                      0x08000267   Thumb Code     0  startup_stm32f427xx.o(.text)
    CAN1_SCE_IRQHandler                      0x08000267   Thumb Code     0  startup_stm32f427xx.o(.text)
    CAN1_TX_IRQHandler                       0x08000267   Thumb Code     0  startup_stm32f427xx.o(.text)
    CAN2_RX1_IRQHandler                      0x08000267   Thumb Code     0  startup_stm32f427xx.o(.text)
    CAN2_SCE_IRQHandler                      0x08000267   Thumb Code     0  startup_stm32f427xx.o(.text)
    CAN2_TX_IRQHandler                       0x08000267   Thumb Code     0  startup_stm32f427xx.o(.text)
    DCMI_IRQHandler                          0x08000267   Thumb Code     0  startup_stm32f427xx.o(.text)
    DMA1_Stream2_IRQHandler                  0x08000267   Thumb Code     0  startup_stm32f427xx.o(.text)
    DMA1_Stream3_IRQHandler                  0x08000267   Thumb Code     0  startup_stm32f427xx.o(.text)
    DMA1_Stream4_IRQHandler                  0x08000267   Thumb Code     0  startup_stm32f427xx.o(.text)
    DMA1_Stream5_IRQHandler                  0x08000267   Thumb Code     0  startup_stm32f427xx.o(.text)
    DMA1_Stream7_IRQHandler                  0x08000267   Thumb Code     0  startup_stm32f427xx.o(.text)
    DMA2D_IRQHandler                         0x08000267   Thumb Code     0  startup_stm32f427xx.o(.text)
    DMA2_Stream0_IRQHandler                  0x08000267   Thumb Code     0  startup_stm32f427xx.o(.text)
    DMA2_Stream2_IRQHandler                  0x08000267   Thumb Code     0  startup_stm32f427xx.o(.text)
    DMA2_Stream3_IRQHandler                  0x08000267   Thumb Code     0  startup_stm32f427xx.o(.text)
    DMA2_Stream4_IRQHandler                  0x08000267   Thumb Code     0  startup_stm32f427xx.o(.text)
    ETH_IRQHandler                           0x08000267   Thumb Code     0  startup_stm32f427xx.o(.text)
    ETH_WKUP_IRQHandler                      0x08000267   Thumb Code     0  startup_stm32f427xx.o(.text)
    EXTI0_IRQHandler                         0x08000267   Thumb Code     0  startup_stm32f427xx.o(.text)
    EXTI15_10_IRQHandler                     0x08000267   Thumb Code     0  startup_stm32f427xx.o(.text)
    EXTI1_IRQHandler                         0x08000267   Thumb Code     0  startup_stm32f427xx.o(.text)
    EXTI2_IRQHandler                         0x08000267   Thumb Code     0  startup_stm32f427xx.o(.text)
    EXTI3_IRQHandler                         0x08000267   Thumb Code     0  startup_stm32f427xx.o(.text)
    EXTI4_IRQHandler                         0x08000267   Thumb Code     0  startup_stm32f427xx.o(.text)
    EXTI9_5_IRQHandler                       0x08000267   Thumb Code     0  startup_stm32f427xx.o(.text)
    FLASH_IRQHandler                         0x08000267   Thumb Code     0  startup_stm32f427xx.o(.text)
    FMC_IRQHandler                           0x08000267   Thumb Code     0  startup_stm32f427xx.o(.text)
    FPU_IRQHandler                           0x08000267   Thumb Code     0  startup_stm32f427xx.o(.text)
    HASH_RNG_IRQHandler                      0x08000267   Thumb Code     0  startup_stm32f427xx.o(.text)
    I2C1_ER_IRQHandler                       0x08000267   Thumb Code     0  startup_stm32f427xx.o(.text)
    I2C1_EV_IRQHandler                       0x08000267   Thumb Code     0  startup_stm32f427xx.o(.text)
    I2C2_ER_IRQHandler                       0x08000267   Thumb Code     0  startup_stm32f427xx.o(.text)
    I2C2_EV_IRQHandler                       0x08000267   Thumb Code     0  startup_stm32f427xx.o(.text)
    I2C3_ER_IRQHandler                       0x08000267   Thumb Code     0  startup_stm32f427xx.o(.text)
    I2C3_EV_IRQHandler                       0x08000267   Thumb Code     0  startup_stm32f427xx.o(.text)
    OTG_FS_IRQHandler                        0x08000267   Thumb Code     0  startup_stm32f427xx.o(.text)
    OTG_FS_WKUP_IRQHandler                   0x08000267   Thumb Code     0  startup_stm32f427xx.o(.text)
    OTG_HS_EP1_IN_IRQHandler                 0x08000267   Thumb Code     0  startup_stm32f427xx.o(.text)
    OTG_HS_EP1_OUT_IRQHandler                0x08000267   Thumb Code     0  startup_stm32f427xx.o(.text)
    OTG_HS_IRQHandler                        0x08000267   Thumb Code     0  startup_stm32f427xx.o(.text)
    OTG_HS_WKUP_IRQHandler                   0x08000267   Thumb Code     0  startup_stm32f427xx.o(.text)
    PVD_IRQHandler                           0x08000267   Thumb Code     0  startup_stm32f427xx.o(.text)
    RCC_IRQHandler                           0x08000267   Thumb Code     0  startup_stm32f427xx.o(.text)
    RTC_Alarm_IRQHandler                     0x08000267   Thumb Code     0  startup_stm32f427xx.o(.text)
    RTC_WKUP_IRQHandler                      0x08000267   Thumb Code     0  startup_stm32f427xx.o(.text)
    SAI1_IRQHandler                          0x08000267   Thumb Code     0  startup_stm32f427xx.o(.text)
    SDIO_IRQHandler                          0x08000267   Thumb Code     0  startup_stm32f427xx.o(.text)
    SPI1_IRQHandler                          0x08000267   Thumb Code     0  startup_stm32f427xx.o(.text)
    SPI2_IRQHandler                          0x08000267   Thumb Code     0  startup_stm32f427xx.o(.text)
    SPI3_IRQHandler                          0x08000267   Thumb Code     0  startup_stm32f427xx.o(.text)
    SPI4_IRQHandler                          0x08000267   Thumb Code     0  startup_stm32f427xx.o(.text)
    SPI5_IRQHandler                          0x08000267   Thumb Code     0  startup_stm32f427xx.o(.text)
    SPI6_IRQHandler                          0x08000267   Thumb Code     0  startup_stm32f427xx.o(.text)
    TAMP_STAMP_IRQHandler                    0x08000267   Thumb Code     0  startup_stm32f427xx.o(.text)
    TIM1_BRK_TIM9_IRQHandler                 0x08000267   Thumb Code     0  startup_stm32f427xx.o(.text)
    TIM1_CC_IRQHandler                       0x08000267   Thumb Code     0  startup_stm32f427xx.o(.text)
    TIM1_TRG_COM_TIM11_IRQHandler            0x08000267   Thumb Code     0  startup_stm32f427xx.o(.text)
    TIM1_UP_TIM10_IRQHandler                 0x08000267   Thumb Code     0  startup_stm32f427xx.o(.text)
    TIM2_IRQHandler                          0x08000267   Thumb Code     0  startup_stm32f427xx.o(.text)
    TIM3_IRQHandler                          0x08000267   Thumb Code     0  startup_stm32f427xx.o(.text)
    TIM7_IRQHandler                          0x08000267   Thumb Code     0  startup_stm32f427xx.o(.text)
    TIM8_BRK_TIM12_IRQHandler                0x08000267   Thumb Code     0  startup_stm32f427xx.o(.text)
    TIM8_CC_IRQHandler                       0x08000267   Thumb Code     0  startup_stm32f427xx.o(.text)
    TIM8_TRG_COM_TIM14_IRQHandler            0x08000267   Thumb Code     0  startup_stm32f427xx.o(.text)
    TIM8_UP_TIM13_IRQHandler                 0x08000267   Thumb Code     0  startup_stm32f427xx.o(.text)
    UART4_IRQHandler                         0x08000267   Thumb Code     0  startup_stm32f427xx.o(.text)
    UART5_IRQHandler                         0x08000267   Thumb Code     0  startup_stm32f427xx.o(.text)
    UART7_IRQHandler                         0x08000267   Thumb Code     0  startup_stm32f427xx.o(.text)
    WWDG_IRQHandler                          0x08000267   Thumb Code     0  startup_stm32f427xx.o(.text)
    __user_initial_stackheap                 0x08000269   Thumb Code     0  startup_stm32f427xx.o(.text)
    __aeabi_uldivmod                         0x0800028d   Thumb Code     0  lludivv7m.o(.text)
    _ll_udiv                                 0x0800028d   Thumb Code   238  lludivv7m.o(.text)
    __aeabi_memclr4                          0x0800037b   Thumb Code     0  rt_memclr_w.o(.text)
    __aeabi_memclr8                          0x0800037b   Thumb Code     0  rt_memclr_w.o(.text)
    __rt_memclr_w                            0x0800037b   Thumb Code    78  rt_memclr_w.o(.text)
    _memset_w                                0x0800037f   Thumb Code     0  rt_memclr_w.o(.text)
    __use_two_region_memory                  0x080003c9   Thumb Code     2  heapauxi.o(.text)
    __rt_heap_escrow                         0x080003cb   Thumb Code     2  heapauxi.o(.text)
    __rt_heap_expand                         0x080003cd   Thumb Code     2  heapauxi.o(.text)
    __user_libspace                          0x080003d1   Thumb Code     8  libspace.o(.text)
    __user_perproc_libspace                  0x080003d1   Thumb Code     0  libspace.o(.text)
    __user_perthread_libspace                0x080003d1   Thumb Code     0  libspace.o(.text)
    __I$use$semihosting                      0x080003d9   Thumb Code     0  use_no_semi.o(.text)
    __use_no_semihosting_swi                 0x080003d9   Thumb Code     2  use_no_semi.o(.text)
    __semihosting_library_function           0x080003db   Thumb Code     0  indicate_semi.o(.text)
    __user_setup_stackheap                   0x080003db   Thumb Code    74  sys_stackheap_outer.o(.text)
    exit                                     0x08000425   Thumb Code    18  exit.o(.text)
    _sys_exit                                0x08000439   Thumb Code     8  sys_exit.o(.text)
    AirMineral_Task                          0x08000445   Thumb Code   112  bsp_clamp.o(i.AirMineral_Task)
    Apid_Flip_Realize                        0x080004c5   Thumb Code   130  bsp_flip.o(i.Apid_Flip_Realize)
    Apid_Realize                             0x08000551   Thumb Code    82  pid.o(i.Apid_Realize)
    BaseVel_To_WheelVel                      0x080005a5   Thumb Code   184  bsp_chassis.o(i.BaseVel_To_WheelVel)
    Bsp_CanInit                              0x08000669   Thumb Code    84  bsp_can.o(i.Bsp_CanInit)
    BusFault_Handler                         0x080006c5   Thumb Code     2  stm32f4xx_it.o(i.BusFault_Handler)
    CAN1_RX0_IRQHandler                      0x080006c9   Thumb Code     6  stm32f4xx_it.o(i.CAN1_RX0_IRQHandler)
    CAN1_Send_Flip_Msg                       0x080006d5   Thumb Code    52  bsp_can.o(i.CAN1_Send_Flip_Msg)
    CAN1_Send_Handle_Msg                     0x0800070d   Thumb Code    52  bsp_can.o(i.CAN1_Send_Handle_Msg)
    CAN1_Send_Mineral_Msg                    0x08000745   Thumb Code    52  bsp_can.o(i.CAN1_Send_Mineral_Msg)
    CAN2_RX0_IRQHandler                      0x0800077d   Thumb Code     6  stm32f4xx_it.o(i.CAN2_RX0_IRQHandler)
    Chassic_Speed_Control                    0x08000789   Thumb Code   200  bsp_chassis.o(i.Chassic_Speed_Control)
    Chassis_Init                             0x08000859   Thumb Code   146  bsp_chassis.o(i.Chassis_Init)
    Chassis_Task                             0x080008f5   Thumb Code   192  bsp_chassis.o(i.Chassis_Task)
    DMA1_Stream0_IRQHandler                  0x080009c1   Thumb Code     6  stm32f4xx_it.o(i.DMA1_Stream0_IRQHandler)
    DMA1_Stream1_IRQHandler                  0x080009cd   Thumb Code     6  stm32f4xx_it.o(i.DMA1_Stream1_IRQHandler)
    DMA1_Stream6_IRQHandler                  0x080009d9   Thumb Code     6  stm32f4xx_it.o(i.DMA1_Stream6_IRQHandler)
    DMA2_Stream1_IRQHandler                  0x080009e5   Thumb Code     6  stm32f4xx_it.o(i.DMA2_Stream1_IRQHandler)
    DMA2_Stream5_IRQHandler                  0x080009f1   Thumb Code     6  stm32f4xx_it.o(i.DMA2_Stream5_IRQHandler)
    DMA2_Stream6_IRQHandler                  0x080009fd   Thumb Code     6  stm32f4xx_it.o(i.DMA2_Stream6_IRQHandler)
    DMA2_Stream7_IRQHandler                  0x08000a09   Thumb Code     6  stm32f4xx_it.o(i.DMA2_Stream7_IRQHandler)
    DebugMon_Handler                         0x08000ab9   Thumb Code     2  stm32f4xx_it.o(i.DebugMon_Handler)
    Error_Handler                            0x08000abb   Thumb Code     4  main.o(i.Error_Handler)
    Flip_Init                                0x08000ac1   Thumb Code   124  bsp_flip.o(i.Flip_Init)
    Flip_Task                                0x08000b45   Thumb Code   138  bsp_flip.o(i.Flip_Task)
    HAL_CAN_ActivateNotification             0x08000bdd   Thumb Code    36  stm32f4xx_hal_can.o(i.HAL_CAN_ActivateNotification)
    HAL_CAN_AddTxMessage                     0x08000c01   Thumb Code   200  stm32f4xx_hal_can.o(i.HAL_CAN_AddTxMessage)
    HAL_CAN_ConfigFilter                     0x08000cc9   Thumb Code   262  stm32f4xx_hal_can.o(i.HAL_CAN_ConfigFilter)
    HAL_CAN_ErrorCallback                    0x08000dd5   Thumb Code     2  stm32f4xx_hal_can.o(i.HAL_CAN_ErrorCallback)
    HAL_CAN_GetRxMessage                     0x08000dd7   Thumb Code   232  stm32f4xx_hal_can.o(i.HAL_CAN_GetRxMessage)
    HAL_CAN_IRQHandler                       0x08000ebf   Thumb Code   508  stm32f4xx_hal_can.o(i.HAL_CAN_IRQHandler)
    HAL_CAN_Init                             0x080010bb   Thumb Code   282  stm32f4xx_hal_can.o(i.HAL_CAN_Init)
    HAL_CAN_MspInit                          0x080011d5   Thumb Code   226  can.o(i.HAL_CAN_MspInit)
    HAL_CAN_RxFifo0FullCallback              0x080012d1   Thumb Code     2  stm32f4xx_hal_can.o(i.HAL_CAN_RxFifo0FullCallback)
    HAL_CAN_RxFifo0MsgPendingCallback        0x080012d5   Thumb Code    94  bsp_can.o(i.HAL_CAN_RxFifo0MsgPendingCallback)
    HAL_CAN_RxFifo1FullCallback              0x0800135d   Thumb Code     2  stm32f4xx_hal_can.o(i.HAL_CAN_RxFifo1FullCallback)
    HAL_CAN_RxFifo1MsgPendingCallback        0x0800135f   Thumb Code     2  stm32f4xx_hal_can.o(i.HAL_CAN_RxFifo1MsgPendingCallback)
    HAL_CAN_SleepCallback                    0x08001361   Thumb Code     2  stm32f4xx_hal_can.o(i.HAL_CAN_SleepCallback)
    HAL_CAN_Start                            0x08001365   Thumb Code    88  stm32f4xx_hal_can.o(i.HAL_CAN_Start)
    HAL_CAN_TxMailbox0AbortCallback          0x080013bd   Thumb Code     2  stm32f4xx_hal_can.o(i.HAL_CAN_TxMailbox0AbortCallback)
    HAL_CAN_TxMailbox0CompleteCallback       0x080013bf   Thumb Code     2  stm32f4xx_hal_can.o(i.HAL_CAN_TxMailbox0CompleteCallback)
    HAL_CAN_TxMailbox1AbortCallback          0x080013c1   Thumb Code     2  stm32f4xx_hal_can.o(i.HAL_CAN_TxMailbox1AbortCallback)
    HAL_CAN_TxMailbox1CompleteCallback       0x080013c3   Thumb Code     2  stm32f4xx_hal_can.o(i.HAL_CAN_TxMailbox1CompleteCallback)
    HAL_CAN_TxMailbox2AbortCallback          0x080013c5   Thumb Code     2  stm32f4xx_hal_can.o(i.HAL_CAN_TxMailbox2AbortCallback)
    HAL_CAN_TxMailbox2CompleteCallback       0x080013c7   Thumb Code     2  stm32f4xx_hal_can.o(i.HAL_CAN_TxMailbox2CompleteCallback)
    HAL_CAN_WakeUpFromRxMsgCallback          0x080013c9   Thumb Code     2  stm32f4xx_hal_can.o(i.HAL_CAN_WakeUpFromRxMsgCallback)
    HAL_DMA_Abort                            0x080013cb   Thumb Code   146  stm32f4xx_hal_dma.o(i.HAL_DMA_Abort)
    HAL_DMA_Abort_IT                         0x0800145d   Thumb Code    36  stm32f4xx_hal_dma.o(i.HAL_DMA_Abort_IT)
    HAL_DMA_IRQHandler                       0x08001481   Thumb Code   412  stm32f4xx_hal_dma.o(i.HAL_DMA_IRQHandler)
    HAL_DMA_Init                             0x08001621   Thumb Code   206  stm32f4xx_hal_dma.o(i.HAL_DMA_Init)
    HAL_DMA_Start_IT                         0x080016f5   Thumb Code   110  stm32f4xx_hal_dma.o(i.HAL_DMA_Start_IT)
    HAL_GPIO_Init                            0x08001765   Thumb Code   510  stm32f4xx_hal_gpio.o(i.HAL_GPIO_Init)
    HAL_GPIO_ReadPin                         0x08001999   Thumb Code    10  stm32f4xx_hal_gpio.o(i.HAL_GPIO_ReadPin)
    HAL_GPIO_WritePin                        0x080019a3   Thumb Code    10  stm32f4xx_hal_gpio.o(i.HAL_GPIO_WritePin)
    HAL_GetTick                              0x080019ad   Thumb Code     6  stm32f4xx_hal.o(i.HAL_GetTick)
    HAL_IncTick                              0x080019b9   Thumb Code    12  stm32f4xx_hal.o(i.HAL_IncTick)
    HAL_Init                                 0x080019c9   Thumb Code    48  stm32f4xx_hal.o(i.HAL_Init)
    HAL_InitTick                             0x080019fd   Thumb Code    54  stm32f4xx_hal.o(i.HAL_InitTick)
    HAL_MspInit                              0x08001a3d   Thumb Code    42  stm32f4xx_hal_msp.o(i.HAL_MspInit)
    HAL_NVIC_EnableIRQ                       0x08001a6d   Thumb Code    26  stm32f4xx_hal_cortex.o(i.HAL_NVIC_EnableIRQ)
    HAL_NVIC_SetPriority                     0x08001a89   Thumb Code    60  stm32f4xx_hal_cortex.o(i.HAL_NVIC_SetPriority)
    HAL_NVIC_SetPriorityGrouping             0x08001ac9   Thumb Code    26  stm32f4xx_hal_cortex.o(i.HAL_NVIC_SetPriorityGrouping)
    HAL_PWREx_EnableOverDrive                0x08001aed   Thumb Code    98  stm32f4xx_hal_pwr_ex.o(i.HAL_PWREx_EnableOverDrive)
    HAL_RCC_ClockConfig                      0x08001b5d   Thumb Code   288  stm32f4xx_hal_rcc.o(i.HAL_RCC_ClockConfig)
    HAL_RCC_GetPCLK1Freq                     0x08001c91   Thumb Code    20  stm32f4xx_hal_rcc.o(i.HAL_RCC_GetPCLK1Freq)
    HAL_RCC_GetPCLK2Freq                     0x08001cb1   Thumb Code    20  stm32f4xx_hal_rcc.o(i.HAL_RCC_GetPCLK2Freq)
    HAL_RCC_GetSysClockFreq                  0x08001cd1   Thumb Code    88  stm32f4xx_hal_rcc.o(i.HAL_RCC_GetSysClockFreq)
    HAL_RCC_OscConfig                        0x08001d35   Thumb Code   856  stm32f4xx_hal_rcc.o(i.HAL_RCC_OscConfig)
    HAL_SYSTICK_Config                       0x080020a1   Thumb Code    40  stm32f4xx_hal_cortex.o(i.HAL_SYSTICK_Config)
    HAL_TIMEx_BreakCallback                  0x080020c9   Thumb Code     2  stm32f4xx_hal_tim_ex.o(i.HAL_TIMEx_BreakCallback)
    HAL_TIMEx_CommutCallback                 0x080020cb   Thumb Code     2  stm32f4xx_hal_tim_ex.o(i.HAL_TIMEx_CommutCallback)
    HAL_TIMEx_MasterConfigSynchronization    0x080020cd   Thumb Code   116  stm32f4xx_hal_tim_ex.o(i.HAL_TIMEx_MasterConfigSynchronization)
    HAL_TIM_Base_Init                        0x0800215d   Thumb Code    90  stm32f4xx_hal_tim.o(i.HAL_TIM_Base_Init)
    HAL_TIM_Base_MspInit                     0x080021b9   Thumb Code   200  tim.o(i.HAL_TIM_Base_MspInit)
    HAL_TIM_Base_Start_IT                    0x08002295   Thumb Code   100  stm32f4xx_hal_tim.o(i.HAL_TIM_Base_Start_IT)
    HAL_TIM_ConfigClockSource                0x08002315   Thumb Code   220  stm32f4xx_hal_tim.o(i.HAL_TIM_ConfigClockSource)
    HAL_TIM_IC_CaptureCallback               0x080023f1   Thumb Code     2  stm32f4xx_hal_tim.o(i.HAL_TIM_IC_CaptureCallback)
    HAL_TIM_IRQHandler                       0x080023f3   Thumb Code   358  stm32f4xx_hal_tim.o(i.HAL_TIM_IRQHandler)
    HAL_TIM_MspPostInit                      0x08002559   Thumb Code   184  tim.o(i.HAL_TIM_MspPostInit)
    HAL_TIM_OC_DelayElapsedCallback          0x0800262d   Thumb Code     2  stm32f4xx_hal_tim.o(i.HAL_TIM_OC_DelayElapsedCallback)
    HAL_TIM_PWM_ConfigChannel                0x0800262f   Thumb Code   204  stm32f4xx_hal_tim.o(i.HAL_TIM_PWM_ConfigChannel)
    HAL_TIM_PWM_Init                         0x080026fb   Thumb Code    90  stm32f4xx_hal_tim.o(i.HAL_TIM_PWM_Init)
    HAL_TIM_PWM_MspInit                      0x08002755   Thumb Code     2  stm32f4xx_hal_tim.o(i.HAL_TIM_PWM_MspInit)
    HAL_TIM_PWM_PulseFinishedCallback        0x08002757   Thumb Code     2  stm32f4xx_hal_tim.o(i.HAL_TIM_PWM_PulseFinishedCallback)
    HAL_TIM_PWM_Start                        0x08002759   Thumb Code   172  stm32f4xx_hal_tim.o(i.HAL_TIM_PWM_Start)
    HAL_TIM_PeriodElapsedCallback            0x08002821   Thumb Code    92  tim6_cnt_task.o(i.HAL_TIM_PeriodElapsedCallback)
    HAL_TIM_TriggerCallback                  0x08002891   Thumb Code     2  stm32f4xx_hal_tim.o(i.HAL_TIM_TriggerCallback)
    HAL_UARTEx_RxEventCallback               0x08002893   Thumb Code     2  stm32f4xx_hal_uart.o(i.HAL_UARTEx_RxEventCallback)
    HAL_UART_ErrorCallback                   0x08002895   Thumb Code     2  stm32f4xx_hal_uart.o(i.HAL_UART_ErrorCallback)
    HAL_UART_IRQHandler                      0x08002899   Thumb Code   610  stm32f4xx_hal_uart.o(i.HAL_UART_IRQHandler)
    HAL_UART_Init                            0x08002b01   Thumb Code    98  stm32f4xx_hal_uart.o(i.HAL_UART_Init)
    HAL_UART_MspInit                         0x08002b65   Thumb Code   780  usart.o(i.HAL_UART_MspInit)
    HAL_UART_Receive_IT                      0x08002eb5   Thumb Code    42  stm32f4xx_hal_uart.o(i.HAL_UART_Receive_IT)
    HAL_UART_RxCpltCallback                  0x08002ee1   Thumb Code    26  bsp_uart.o(i.HAL_UART_RxCpltCallback)
    HAL_UART_Transmit_DMA                    0x08002f0d   Thumb Code   126  stm32f4xx_hal_uart.o(i.HAL_UART_Transmit_DMA)
    HAL_UART_Transmit_IT                     0x08002f99   Thumb Code    62  stm32f4xx_hal_uart.o(i.HAL_UART_Transmit_IT)
    HAL_UART_TxCpltCallback                  0x08002fd7   Thumb Code     2  stm32f4xx_hal_uart.o(i.HAL_UART_TxCpltCallback)
    HAL_UART_TxHalfCpltCallback              0x08002fd9   Thumb Code     2  stm32f4xx_hal_uart.o(i.HAL_UART_TxHalfCpltCallback)
    Handle_Init                              0x08002fdd   Thumb Code    42  bsp_handle.o(i.Handle_Init)
    Handle_Task                              0x08003011   Thumb Code    50  bsp_handle.o(i.Handle_Task)
    HardFault_Handler                        0x08003049   Thumb Code     2  stm32f4xx_it.o(i.HardFault_Handler)
    Key_Task                                 0x0800304d   Thumb Code  1192  key_task.o(i.Key_Task)
    MX_CAN1_Init                             0x080034f5   Thumb Code    60  can.o(i.MX_CAN1_Init)
    MX_CAN2_Init                             0x08003539   Thumb Code    60  can.o(i.MX_CAN2_Init)
    MX_DMA_Init                              0x0800357d   Thumb Code   152  dma.o(i.MX_DMA_Init)
    MX_GPIO_Init                             0x08003619   Thumb Code   222  gpio.o(i.MX_GPIO_Init)
    MX_TIM2_Init                             0x08003705   Thumb Code   150  tim.o(i.MX_TIM2_Init)
    MX_TIM4_Init                             0x080037a1   Thumb Code   192  tim.o(i.MX_TIM4_Init)
    MX_TIM5_Init                             0x08003869   Thumb Code   192  tim.o(i.MX_TIM5_Init)
    MX_TIM6_Init                             0x08003931   Thumb Code    60  tim.o(i.MX_TIM6_Init)
    MX_UART8_Init                            0x08003975   Thumb Code    48  usart.o(i.MX_UART8_Init)
    MX_USART1_UART_Init                      0x080039ad   Thumb Code    50  usart.o(i.MX_USART1_UART_Init)
    MX_USART2_UART_Init                      0x080039ed   Thumb Code    46  usart.o(i.MX_USART2_UART_Init)
    MX_USART3_UART_Init                      0x08003a29   Thumb Code    46  usart.o(i.MX_USART3_UART_Init)
    MX_USART6_UART_Init                      0x08003a65   Thumb Code    48  usart.o(i.MX_USART6_UART_Init)
    MemManage_Handler                        0x08003a9d   Thumb Code     2  stm32f4xx_it.o(i.MemManage_Handler)
    Mineral_Init                             0x08003aa1   Thumb Code   134  bsp_mineral.o(i.Mineral_Init)
    Mineral_Task_Longitudinal                0x08003b31   Thumb Code   100  bsp_mineral.o(i.Mineral_Task_Longitudinal)
    Mineral_Task_Widthwise                   0x08003b99   Thumb Code    88  bsp_mineral.o(i.Mineral_Task_Widthwise)
    NMI_Handler                              0x08003bf5   Thumb Code     2  stm32f4xx_it.o(i.NMI_Handler)
    PendSV_Handler                           0x08003bf7   Thumb Code     2  stm32f4xx_it.o(i.PendSV_Handler)
    Push_Task                                0x08003bf9   Thumb Code   340  bsp_electric_push.o(i.Push_Task)
    RC_Chassis_Speed_Send                    0x08003d59   Thumb Code    90  bsp_uart.o(i.RC_Chassis_Speed_Send)
    RC_Rescue_Move_Send                      0x08003dbd   Thumb Code    26  bsp_uart.o(i.RC_Rescue_Move_Send)
    RC_Rescue_card_Send                      0x08003ddd   Thumb Code    26  bsp_uart.o(i.RC_Rescue_card_Send)
    RC_data_is_error                         0x08003e09   Thumb Code   102  remote_control.o(i.RC_data_is_error)
    RC_restart                               0x08003ed5   Thumb Code   110  remote_control.o(i.RC_restart)
    Record_Motor_Callback                    0x08003f55   Thumb Code    96  bsp_can.o(i.Record_Motor_Callback)
    Remote_Control                           0x08003fb5   Thumb Code    38  remote_task.o(i.Remote_Control)
    SVC_Handler                              0x08003fe5   Thumb Code     2  stm32f4xx_it.o(i.SVC_Handler)
    Send_error                               0x08003fe7   Thumb Code     4  bsp_uart.o(i.Send_error)
    Set_Flip_Current                         0x08003fed   Thumb Code    42  bsp_flip.o(i.Set_Flip_Current)
    Set_Flip_Speed                           0x08004021   Thumb Code    26  bsp_flip.o(i.Set_Flip_Speed)
    Set_Handle_Current                       0x08004041   Thumb Code    20  bsp_handle.o(i.Set_Handle_Current)
    Set_Handle_Speed                         0x0800405d   Thumb Code    14  bsp_handle.o(i.Set_Handle_Speed)
    Set_Mineral_B_Speed                      0x08004071   Thumb Code    12  bsp_mineral.o(i.Set_Mineral_B_Speed)
    Set_Mineral_Current                      0x08004081   Thumb Code    56  bsp_mineral.o(i.Set_Mineral_Current)
    Set_Mineral_F_Speed                      0x080040c5   Thumb Code    12  bsp_mineral.o(i.Set_Mineral_F_Speed)
    Set_Mineral_L_Speed                      0x080040d5   Thumb Code    12  bsp_mineral.o(i.Set_Mineral_L_Speed)
    Set_Mineral_R_Speed                      0x080040e5   Thumb Code    12  bsp_mineral.o(i.Set_Mineral_R_Speed)
    SysTick_Handler                          0x080040f5   Thumb Code     4  stm32f4xx_it.o(i.SysTick_Handler)
    SystemClock_Config                       0x080040f9   Thumb Code   150  main.o(i.SystemClock_Config)
    SystemInit                               0x08004199   Thumb Code    12  system_stm32f4xx.o(i.SystemInit)
    TIM4_IRQHandler                          0x080041a9   Thumb Code     6  stm32f4xx_it.o(i.TIM4_IRQHandler)
    TIM5_IRQHandler                          0x080041b5   Thumb Code     6  stm32f4xx_it.o(i.TIM5_IRQHandler)
    TIM6_DAC_IRQHandler                      0x080041c1   Thumb Code     6  stm32f4xx_it.o(i.TIM6_DAC_IRQHandler)
    TIM_Base_SetConfig                       0x080041cd   Thumb Code   156  stm32f4xx_hal_tim.o(i.TIM_Base_SetConfig)
    TIM_CCxChannelCmd                        0x08004295   Thumb Code    26  stm32f4xx_hal_tim.o(i.TIM_CCxChannelCmd)
    TIM_ETR_SetConfig                        0x080042af   Thumb Code    20  stm32f4xx_hal_tim.o(i.TIM_ETR_SetConfig)
    TIM_OC2_SetConfig                        0x08004335   Thumb Code    98  stm32f4xx_hal_tim.o(i.TIM_OC2_SetConfig)
    TIM_Push_PWM_Init                        0x08004459   Thumb Code   150  bsp_electric_push.o(i.TIM_Push_PWM_Init)
    UART8_IRQHandler                         0x08004541   Thumb Code     6  stm32f4xx_it.o(i.UART8_IRQHandler)
    UART_IdleIT_init                         0x0800465d   Thumb Code    10  bsp_uart.o(i.UART_IdleIT_init)
    UART_Start_Receive_IT                    0x0800483d   Thumb Code    58  stm32f4xx_hal_uart.o(i.UART_Start_Receive_IT)
    USART1_IRQHandler                        0x08004879   Thumb Code   170  remote_control.o(i.USART1_IRQHandler)
    USART2_IRQHandler                        0x0800493d   Thumb Code     6  stm32f4xx_it.o(i.USART2_IRQHandler)
    USART3_IRQHandler                        0x08004949   Thumb Code     6  stm32f4xx_it.o(i.USART3_IRQHandler)
    USART6_IRQHandler                        0x08004955   Thumb Code     6  stm32f4xx_it.o(i.USART6_IRQHandler)
    UsageFault_Handler                       0x08004961   Thumb Code     2  stm32f4xx_it.o(i.UsageFault_Handler)
    Vpid_Handle_Realize                      0x08004965   Thumb Code     6  bsp_handle.o(i.Vpid_Handle_Realize)
    Vpid_Mineral_Longitudinal_Realize        0x08004971   Thumb Code    52  bsp_mineral.o(i.Vpid_Mineral_Longitudinal_Realize)
    Vpid_Mineral_Widthwise_Realize           0x080049a9   Thumb Code    52  bsp_mineral.o(i.Vpid_Mineral_Widthwise_Realize)
    Vpid_Realize                             0x080049e1   Thumb Code   152  pid.o(i.Vpid_Realize)
    find_max                                 0x08004b69   Thumb Code    76  algorithm.o(i.find_max)
    left_act_down                            0x08004bb5   Thumb Code   122  remote_task.o(i.left_act_down)
    left_act_mid                             0x08004c35   Thumb Code   178  remote_task.o(i.left_act_mid)
    left_act_up                              0x08004cf1   Thumb Code   256  remote_task.o(i.left_act_up)
    main                                     0x08004e01   Thumb Code   104  main.o(i.main)
    remote_control_init                      0x08004e6d   Thumb Code    12  remote_control.o(i.remote_control_init)
    __aeabi_d2f                              0x08004f31   Thumb Code     0  d2f.o(x$fpl$d2f)
    _d2f                                     0x08004f31   Thumb Code    98  d2f.o(x$fpl$d2f)
    __aeabi_ddiv                             0x08004f95   Thumb Code     0  ddiv.o(x$fpl$ddiv)
    _ddiv                                    0x08004f95   Thumb Code   552  ddiv.o(x$fpl$ddiv)
    __aeabi_d2iz                             0x08005245   Thumb Code     0  dfix.o(x$fpl$dfix)
    _dfix                                    0x08005245   Thumb Code    94  dfix.o(x$fpl$dfix)
    __aeabi_i2d                              0x080052a3   Thumb Code     0  dflt_clz.o(x$fpl$dflt)
    _dflt                                    0x080052a3   Thumb Code    46  dflt_clz.o(x$fpl$dflt)
    __aeabi_dmul                             0x080052d1   Thumb Code     0  dmul.o(x$fpl$dmul)
    _dmul                                    0x080052d1   Thumb Code   332  dmul.o(x$fpl$dmul)
    __fpl_dnaninf                            0x08005425   Thumb Code   156  dnaninf.o(x$fpl$dnaninf)
    __fpl_dretinf                            0x080054c1   Thumb Code    12  dretinf.o(x$fpl$dretinf)
    _fp_init                                 0x080054cd   Thumb Code    10  fpinit.o(x$fpl$fpinit)
    __fplib_config_fpu_vfp                   0x080054d5   Thumb Code     0  fpinit.o(x$fpl$fpinit)
    __fplib_config_pureend_doubles           0x080054d5   Thumb Code     0  fpinit.o(x$fpl$fpinit)
    __fpl_fretinf                            0x080054d7   Thumb Code    10  fretinf.o(x$fpl$fretinf)
    __I$use$fp                               0x080054e0   Number         0  usenofp.o(x$fpl$usenofp)
    AHBPrescTable                            0x080054e8   Data          16  system_stm32f4xx.o(.constdata)
    APBPrescTable                            0x080054f8   Data           8  system_stm32f4xx.o(.constdata)
    Region$$Table$$Base                      0x08005500   Number         0  anon$$obj.o(Region$$Table)
    Region$$Table$$Limit                     0x08005520   Number         0  anon$$obj.o(Region$$Table)
    Tim_cnt                                  0x20000004   Data           4  tim6_cnt_task.o(.data)
    Keyboard_Mode                            0x20000008   Data           1  key_task.o(.data)
    Keyboard_Flag                            0x20000009   Data           1  key_task.o(.data)
    BigSource_Mode                           0x2000000a   Data           1  key_task.o(.data)
    AirMineral_Mode                          0x2000000b   Data           1  key_task.o(.data)
    KeyState                                 0x2000000c   Data           1  key_task.o(.data)
    time_mark                                0x2000000d   Data           1  key_task.o(.data)
    BigSource_Reset                          0x2000000e   Data           1  key_task.o(.data)
    Key_Cnt                                  0x20000010   Data           4  key_task.o(.data)
    First_Time                               0x20000014   Data           4  key_task.o(.data)
    handle_move                              0x2000001c   Data           1  bsp_handle.o(.data)
    Handle_Target_Speed                      0x20000020   Data           4  bsp_handle.o(.data)
    Handle_Kp                                0x20000024   Data           4  bsp_handle.o(.data)
    Handle_Ki                                0x20000028   Data           4  bsp_handle.o(.data)
    Handle_Kd                                0x2000002c   Data           4  bsp_handle.o(.data)
    Flip_PID2_Flag                           0x20000030   Data           1  bsp_flip.o(.data)
    flip_move                                0x20000031   Data           1  bsp_flip.o(.data)
    Flip_Angle_R                             0x20000034   Data           4  bsp_flip.o(.data)
    Flip_Angle_L                             0x20000038   Data           4  bsp_flip.o(.data)
    Flip_Kp_L                                0x2000003c   Data           4  bsp_flip.o(.data)
    Flip_Kp_R                                0x20000040   Data           4  bsp_flip.o(.data)
    Flip_Ki_L                                0x20000044   Data           4  bsp_flip.o(.data)
    Flip_Ki_R                                0x20000048   Data           4  bsp_flip.o(.data)
    Flip_Kd                                  0x2000004c   Data           4  bsp_flip.o(.data)
    Flip_A_Kp                                0x20000050   Data           4  bsp_flip.o(.data)
    Flip_A_Ki                                0x20000054   Data           4  bsp_flip.o(.data)
    Flip_A_Kd                                0x20000058   Data           4  bsp_flip.o(.data)
    Flip_kp_less                             0x2000005c   Data           4  bsp_flip.o(.data)
    Flip_ki_less                             0x20000060   Data           4  bsp_flip.o(.data)
    Flip_kd_less                             0x20000064   Data           4  bsp_flip.o(.data)
    current_msg2                             0x20000068   Data           8  bsp_flip.o(.data)
    mineral_longitudinal_move                0x20000070   Data           1  bsp_mineral.o(.data)
    mineral_widthwise_move                   0x20000071   Data           1  bsp_mineral.o(.data)
    Mineral_Longitudinal_Speed               0x20000074   Data           4  bsp_mineral.o(.data)
    Mineral_Widthwise_Speed                  0x20000078   Data           4  bsp_mineral.o(.data)
    Mineral_Kp                               0x2000007c   Data           4  bsp_mineral.o(.data)
    Mineral_Ki                               0x20000080   Data           4  bsp_mineral.o(.data)
    Mineral_Kd                               0x20000084   Data           4  bsp_mineral.o(.data)
    current_msg                              0x20000088   Data           8  bsp_mineral.o(.data)
    send_check                               0x20000090   Data           4  bsp_uart.o(.data)
    RC_Chassis_Speed_Buffer                  0x20000094   Data          12  bsp_uart.o(.data)
    Chassis_Send_Speed1                      0x200000a0   Data           4  bsp_chassis.o(.data)
    Chassis_Send_Speed2                      0x200000a4   Data           4  bsp_chassis.o(.data)
    Chassis_Send_Speed3                      0x200000a8   Data           4  bsp_chassis.o(.data)
    Chassis_Send_Speed4                      0x200000ac   Data           4  bsp_chassis.o(.data)
    X_Value                                  0x200000b0   Data           4  bsp_chassis.o(.data)
    Y_Value                                  0x200000b4   Data           4  bsp_chassis.o(.data)
    Key_Vw                                   0x200000b8   Data           4  bsp_chassis.o(.data)
    Key_Vs                                   0x200000bc   Data           4  bsp_chassis.o(.data)
    Key_Va                                   0x200000c0   Data           4  bsp_chassis.o(.data)
    Key_Vd                                   0x200000c4   Data           4  bsp_chassis.o(.data)
    Liner_X                                  0x200000c8   Data           4  bsp_chassis.o(.data)
    Liner_Y                                  0x200000cc   Data           4  bsp_chassis.o(.data)
    Angular_Z                                0x200000d0   Data           4  bsp_chassis.o(.data)
    Motion_Round                             0x200000d4   Data           4  bsp_chassis.o(.data)
    RXdata                                   0x200000d8   Data           8  bsp_can.o(.data)
    pushCheck_q                              0x200000e0   Data           4  bsp_electric_push.o(.data)
    ti_qs                                    0x200000e4   Data           4  bsp_electric_push.o(.data)
    mark_qs                                  0x200000e8   Data           4  bsp_electric_push.o(.data)
    ti_qj                                    0x200000ec   Data           4  bsp_electric_push.o(.data)
    mark_qj                                  0x200000f0   Data           4  bsp_electric_push.o(.data)
    pushCheck_h                              0x200000f4   Data           4  bsp_electric_push.o(.data)
    ti_hs                                    0x200000f8   Data           4  bsp_electric_push.o(.data)
    mark_hs                                  0x200000fc   Data           4  bsp_electric_push.o(.data)
    ti_hj                                    0x20000100   Data           4  bsp_electric_push.o(.data)
    mark_hj                                  0x20000104   Data           4  bsp_electric_push.o(.data)
    Clamp_Time                               0x20000108   Data           4  bsp_clamp.o(.data)
    uwTickFreq                               0x2000010c   Data           1  stm32f4xx_hal.o(.data)
    uwTickPrio                               0x20000110   Data           4  stm32f4xx_hal.o(.data)
    uwTick                                   0x20000114   Data           4  stm32f4xx_hal.o(.data)
    SystemCoreClock                          0x20000118   Data           4  system_stm32f4xx.o(.data)
    hcan1                                    0x2000011c   Data          40  can.o(.bss)
    hcan2                                    0x20000144   Data          40  can.o(.bss)
    htim2                                    0x2000016c   Data          72  tim.o(.bss)
    htim4                                    0x200001b4   Data          72  tim.o(.bss)
    htim5                                    0x200001fc   Data          72  tim.o(.bss)
    htim6                                    0x20000244   Data          72  tim.o(.bss)
    huart8                                   0x2000028c   Data          68  usart.o(.bss)
    huart1                                   0x200002d0   Data          68  usart.o(.bss)
    huart2                                   0x20000314   Data          68  usart.o(.bss)
    huart3                                   0x20000358   Data          68  usart.o(.bss)
    huart6                                   0x2000039c   Data          68  usart.o(.bss)
    hdma_uart8_rx                            0x200003e0   Data          96  usart.o(.bss)
    hdma_uart8_tx                            0x20000440   Data          96  usart.o(.bss)
    hdma_usart1_rx                           0x200004a0   Data          96  usart.o(.bss)
    hdma_usart1_tx                           0x20000500   Data          96  usart.o(.bss)
    hdma_usart3_rx                           0x20000560   Data          96  usart.o(.bss)
    hdma_usart6_rx                           0x200005c0   Data          96  usart.o(.bss)
    hdma_usart6_tx                           0x20000620   Data          96  usart.o(.bss)
    rc_ctrl                                  0x20000680   Data          22  remote_control.o(.bss)
    handle_motor                             0x200006e0   Data         144  bsp_handle.o(.bss)
    flip_R_motor                             0x20000770   Data         144  bsp_flip.o(.bss)
    flip_L_motor                             0x20000800   Data         144  bsp_flip.o(.bss)
    mineral_F_motor                          0x20000890   Data         144  bsp_mineral.o(.bss)
    mineral_B_motor                          0x20000920   Data         144  bsp_mineral.o(.bss)
    mineral_R_motor                          0x200009b0   Data         144  bsp_mineral.o(.bss)
    mineral_L_motor                          0x20000a40   Data         144  bsp_mineral.o(.bss)
    RX_Bufer                                 0x20000ad0   Data          50  bsp_uart.o(.bss)
    Chassis_motor1                           0x20000b04   Data         144  bsp_chassis.o(.bss)
    Chassis_motor2                           0x20000b94   Data         144  bsp_chassis.o(.bss)
    Chassis_motor3                           0x20000c24   Data         144  bsp_chassis.o(.bss)
    Chassis_motor4                           0x20000cb4   Data         144  bsp_chassis.o(.bss)
    Chassis_Wheel_1                          0x20000d44   Data          16  bsp_chassis.o(.bss)
    Chassis_Wheel_2                          0x20000d54   Data          16  bsp_chassis.o(.bss)
    Chassis_Wheel_3                          0x20000d64   Data          16  bsp_chassis.o(.bss)
    Chassis_Wheel_4                          0x20000d74   Data          16  bsp_chassis.o(.bss)
    RX1message                               0x20000d84   Data          28  bsp_can.o(.bss)
    __libspace_start                         0x20000da0   Data          96  libspace.o(.bss)
    __temporary_stack_top$libspace           0x20000e00   Data           0  libspace.o(.bss)



==============================================================================

Memory Map of the image

  Image Entry point : 0x080001ad

  Load Region LR_IROM1 (Base: 0x08000000, Size: 0x0000563c, Max: 0x00200000, ABSOLUTE)

    Execution Region ER_IROM1 (Exec base: 0x08000000, Load base: 0x08000000, Size: 0x00005520, Max: 0x00200000, ABSOLUTE)

    Exec Addr    Load Addr    Size         Type   Attr      Idx    E Section Name        Object

    0x08000000   0x08000000   0x000001ac   Data   RO            3    RESET               startup_stm32f427xx.o
    0x080001ac   0x080001ac   0x00000008   Code   RO         4843  * !!!main             c_w.l(__main.o)
    0x080001b4   0x080001b4   0x00000034   Code   RO         5087    !!!scatter          c_w.l(__scatter.o)
    0x080001e8   0x080001e8   0x0000001a   Code   RO         5089    !!handler_copy      c_w.l(__scatter_copy.o)
    0x08000202   0x08000202   0x00000002   PAD
    0x08000204   0x08000204   0x0000001c   Code   RO         5091    !!handler_zi        c_w.l(__scatter_zi.o)
    0x08000220   0x08000220   0x00000002   Code   RO         5026    .ARM.Collect$$libinit$$00000000  c_w.l(libinit.o)
    0x08000222   0x08000222   0x00000004   Code   RO         4903    .ARM.Collect$$libinit$$00000001  c_w.l(libinit2.o)
    0x08000226   0x08000226   0x00000000   Code   RO         4906    .ARM.Collect$$libinit$$00000004  c_w.l(libinit2.o)
    0x08000226   0x08000226   0x00000000   Code   RO         4909    .ARM.Collect$$libinit$$0000000A  c_w.l(libinit2.o)
    0x08000226   0x08000226   0x00000000   Code   RO         4911    .ARM.Collect$$libinit$$0000000C  c_w.l(libinit2.o)
    0x08000226   0x08000226   0x00000000   Code   RO         4913    .ARM.Collect$$libinit$$0000000E  c_w.l(libinit2.o)
    0x08000226   0x08000226   0x00000000   Code   RO         4916    .ARM.Collect$$libinit$$00000011  c_w.l(libinit2.o)
    0x08000226   0x08000226   0x00000000   Code   RO         4918    .ARM.Collect$$libinit$$00000013  c_w.l(libinit2.o)
    0x08000226   0x08000226   0x00000000   Code   RO         4920    .ARM.Collect$$libinit$$00000015  c_w.l(libinit2.o)
    0x08000226   0x08000226   0x00000000   Code   RO         4922    .ARM.Collect$$libinit$$00000017  c_w.l(libinit2.o)
    0x08000226   0x08000226   0x00000000   Code   RO         4924    .ARM.Collect$$libinit$$00000019  c_w.l(libinit2.o)
    0x08000226   0x08000226   0x00000000   Code   RO         4926    .ARM.Collect$$libinit$$0000001B  c_w.l(libinit2.o)
    0x08000226   0x08000226   0x00000000   Code   RO         4928    .ARM.Collect$$libinit$$0000001D  c_w.l(libinit2.o)
    0x08000226   0x08000226   0x00000000   Code   RO         4930    .ARM.Collect$$libinit$$0000001F  c_w.l(libinit2.o)
    0x08000226   0x08000226   0x00000000   Code   RO         4932    .ARM.Collect$$libinit$$00000021  c_w.l(libinit2.o)
    0x08000226   0x08000226   0x00000000   Code   RO         4934    .ARM.Collect$$libinit$$00000023  c_w.l(libinit2.o)
    0x08000226   0x08000226   0x00000000   Code   RO         4936    .ARM.Collect$$libinit$$00000025  c_w.l(libinit2.o)
    0x08000226   0x08000226   0x00000000   Code   RO         4940    .ARM.Collect$$libinit$$0000002C  c_w.l(libinit2.o)
    0x08000226   0x08000226   0x00000000   Code   RO         4942    .ARM.Collect$$libinit$$0000002E  c_w.l(libinit2.o)
    0x08000226   0x08000226   0x00000000   Code   RO         4944    .ARM.Collect$$libinit$$00000030  c_w.l(libinit2.o)
    0x08000226   0x08000226   0x00000000   Code   RO         4946    .ARM.Collect$$libinit$$00000032  c_w.l(libinit2.o)
    0x08000226   0x08000226   0x00000002   Code   RO         4947    .ARM.Collect$$libinit$$00000033  c_w.l(libinit2.o)
    0x08000228   0x08000228   0x00000002   Code   RO         5084    .ARM.Collect$$libshutdown$$00000000  c_w.l(libshutdown.o)
    0x0800022a   0x0800022a   0x00000000   Code   RO         5042    .ARM.Collect$$libshutdown$$00000002  c_w.l(libshutdown2.o)
    0x0800022a   0x0800022a   0x00000000   Code   RO         5044    .ARM.Collect$$libshutdown$$00000004  c_w.l(libshutdown2.o)
    0x0800022a   0x0800022a   0x00000000   Code   RO         5047    .ARM.Collect$$libshutdown$$00000007  c_w.l(libshutdown2.o)
    0x0800022a   0x0800022a   0x00000000   Code   RO         5050    .ARM.Collect$$libshutdown$$0000000A  c_w.l(libshutdown2.o)
    0x0800022a   0x0800022a   0x00000000   Code   RO         5052    .ARM.Collect$$libshutdown$$0000000C  c_w.l(libshutdown2.o)
    0x0800022a   0x0800022a   0x00000000   Code   RO         5055    .ARM.Collect$$libshutdown$$0000000F  c_w.l(libshutdown2.o)
    0x0800022a   0x0800022a   0x00000002   Code   RO         5056    .ARM.Collect$$libshutdown$$00000010  c_w.l(libshutdown2.o)
    0x0800022c   0x0800022c   0x00000000   Code   RO         4865    .ARM.Collect$$rtentry$$00000000  c_w.l(__rtentry.o)
    0x0800022c   0x0800022c   0x00000000   Code   RO         4961    .ARM.Collect$$rtentry$$00000002  c_w.l(__rtentry2.o)
    0x0800022c   0x0800022c   0x00000006   Code   RO         4973    .ARM.Collect$$rtentry$$00000004  c_w.l(__rtentry4.o)
    0x08000232   0x08000232   0x00000000   Code   RO         4963    .ARM.Collect$$rtentry$$00000009  c_w.l(__rtentry2.o)
    0x08000232   0x08000232   0x00000004   Code   RO         4964    .ARM.Collect$$rtentry$$0000000A  c_w.l(__rtentry2.o)
    0x08000236   0x08000236   0x00000000   Code   RO         4966    .ARM.Collect$$rtentry$$0000000C  c_w.l(__rtentry2.o)
    0x08000236   0x08000236   0x00000008   Code   RO         4967    .ARM.Collect$$rtentry$$0000000D  c_w.l(__rtentry2.o)
    0x0800023e   0x0800023e   0x00000002   Code   RO         5029    .ARM.Collect$$rtexit$$00000000  c_w.l(rtexit.o)
    0x08000240   0x08000240   0x00000000   Code   RO         5060    .ARM.Collect$$rtexit$$00000002  c_w.l(rtexit2.o)
    0x08000240   0x08000240   0x00000004   Code   RO         5061    .ARM.Collect$$rtexit$$00000003  c_w.l(rtexit2.o)
    0x08000244   0x08000244   0x00000006   Code   RO         5062    .ARM.Collect$$rtexit$$00000004  c_w.l(rtexit2.o)
    0x0800024a   0x0800024a   0x00000002   PAD
    0x0800024c   0x0800024c   0x00000040   Code   RO            4    .text               startup_stm32f427xx.o
    0x0800028c   0x0800028c   0x000000ee   Code   RO         4827    .text               c_w.l(lludivv7m.o)
    0x0800037a   0x0800037a   0x0000004e   Code   RO         4839    .text               c_w.l(rt_memclr_w.o)
    0x080003c8   0x080003c8   0x00000006   Code   RO         4841    .text               c_w.l(heapauxi.o)
    0x080003ce   0x080003ce   0x00000002   PAD
    0x080003d0   0x080003d0   0x00000008   Code   RO         4957    .text               c_w.l(libspace.o)
    0x080003d8   0x080003d8   0x00000002   Code   RO         4998    .text               c_w.l(use_no_semi.o)
    0x080003da   0x080003da   0x00000000   Code   RO         5000    .text               c_w.l(indicate_semi.o)
    0x080003da   0x080003da   0x0000004a   Code   RO         5001    .text               c_w.l(sys_stackheap_outer.o)
    0x08000424   0x08000424   0x00000012   Code   RO         5007    .text               c_w.l(exit.o)
    0x08000436   0x08000436   0x00000002   PAD
    0x08000438   0x08000438   0x0000000c   Code   RO         5027    .text               c_w.l(sys_exit.o)
    0x08000444   0x08000444   0x00000080   Code   RO         1873    i.AirMineral_Task   bsp_clamp.o
    0x080004c4   0x080004c4   0x0000008c   Code   RO         1466    i.Apid_Flip_Realize  bsp_flip.o
    0x08000550   0x08000550   0x00000052   Code   RO          903    i.Apid_Realize      pid.o
    0x080005a2   0x080005a2   0x00000002   PAD
    0x080005a4   0x080005a4   0x000000c4   Code   RO         1703    i.BaseVel_To_WheelVel  bsp_chassis.o
    0x08000668   0x08000668   0x0000005c   Code   RO         1763    i.Bsp_CanInit       bsp_can.o
    0x080006c4   0x080006c4   0x00000002   Code   RO          465    i.BusFault_Handler  stm32f4xx_it.o
    0x080006c6   0x080006c6   0x00000002   PAD
    0x080006c8   0x080006c8   0x0000000c   Code   RO          466    i.CAN1_RX0_IRQHandler  stm32f4xx_it.o
    0x080006d4   0x080006d4   0x00000038   Code   RO         1764    i.CAN1_Send_Flip_Msg  bsp_can.o
    0x0800070c   0x0800070c   0x00000038   Code   RO         1765    i.CAN1_Send_Handle_Msg  bsp_can.o
    0x08000744   0x08000744   0x00000038   Code   RO         1766    i.CAN1_Send_Mineral_Msg  bsp_can.o
    0x0800077c   0x0800077c   0x0000000c   Code   RO          467    i.CAN2_RX0_IRQHandler  stm32f4xx_it.o
    0x08000788   0x08000788   0x000000d0   Code   RO         1704    i.Chassic_Speed_Control  bsp_chassis.o
    0x08000858   0x08000858   0x0000009c   Code   RO         1705    i.Chassis_Init      bsp_chassis.o
    0x080008f4   0x080008f4   0x000000cc   Code   RO         1706    i.Chassis_Task      bsp_chassis.o
    0x080009c0   0x080009c0   0x0000000c   Code   RO          468    i.DMA1_Stream0_IRQHandler  stm32f4xx_it.o
    0x080009cc   0x080009cc   0x0000000c   Code   RO          469    i.DMA1_Stream1_IRQHandler  stm32f4xx_it.o
    0x080009d8   0x080009d8   0x0000000c   Code   RO          470    i.DMA1_Stream6_IRQHandler  stm32f4xx_it.o
    0x080009e4   0x080009e4   0x0000000c   Code   RO          471    i.DMA2_Stream1_IRQHandler  stm32f4xx_it.o
    0x080009f0   0x080009f0   0x0000000c   Code   RO          472    i.DMA2_Stream5_IRQHandler  stm32f4xx_it.o
    0x080009fc   0x080009fc   0x0000000c   Code   RO          473    i.DMA2_Stream6_IRQHandler  stm32f4xx_it.o
    0x08000a08   0x08000a08   0x0000000c   Code   RO          474    i.DMA2_Stream7_IRQHandler  stm32f4xx_it.o
    0x08000a14   0x08000a14   0x00000028   Code   RO         2695    i.DMA_CalcBaseAndBitshift  stm32f4xx_hal_dma.o
    0x08000a3c   0x08000a3c   0x00000054   Code   RO         2696    i.DMA_CheckFifoParam  stm32f4xx_hal_dma.o
    0x08000a90   0x08000a90   0x00000028   Code   RO         2697    i.DMA_SetConfig     stm32f4xx_hal_dma.o
    0x08000ab8   0x08000ab8   0x00000002   Code   RO          475    i.DebugMon_Handler  stm32f4xx_it.o
    0x08000aba   0x08000aba   0x00000004   Code   RO           13    i.Error_Handler     main.o
    0x08000abe   0x08000abe   0x00000002   PAD
    0x08000ac0   0x08000ac0   0x00000084   Code   RO         1467    i.Flip_Init         bsp_flip.o
    0x08000b44   0x08000b44   0x00000098   Code   RO         1468    i.Flip_Task         bsp_flip.o
    0x08000bdc   0x08000bdc   0x00000024   Code   RO         1951    i.HAL_CAN_ActivateNotification  stm32f4xx_hal_can.o
    0x08000c00   0x08000c00   0x000000c8   Code   RO         1952    i.HAL_CAN_AddTxMessage  stm32f4xx_hal_can.o
    0x08000cc8   0x08000cc8   0x0000010c   Code   RO         1953    i.HAL_CAN_ConfigFilter  stm32f4xx_hal_can.o
    0x08000dd4   0x08000dd4   0x00000002   Code   RO         1956    i.HAL_CAN_ErrorCallback  stm32f4xx_hal_can.o
    0x08000dd6   0x08000dd6   0x000000e8   Code   RO         1959    i.HAL_CAN_GetRxMessage  stm32f4xx_hal_can.o
    0x08000ebe   0x08000ebe   0x000001fc   Code   RO         1963    i.HAL_CAN_IRQHandler  stm32f4xx_hal_can.o
    0x080010ba   0x080010ba   0x0000011a   Code   RO         1964    i.HAL_CAN_Init      stm32f4xx_hal_can.o
    0x080011d4   0x080011d4   0x000000fc   Code   RO          261    i.HAL_CAN_MspInit   can.o
    0x080012d0   0x080012d0   0x00000002   Code   RO         1971    i.HAL_CAN_RxFifo0FullCallback  stm32f4xx_hal_can.o
    0x080012d2   0x080012d2   0x00000002   PAD
    0x080012d4   0x080012d4   0x00000088   Code   RO         1767    i.HAL_CAN_RxFifo0MsgPendingCallback  bsp_can.o
    0x0800135c   0x0800135c   0x00000002   Code   RO         1973    i.HAL_CAN_RxFifo1FullCallback  stm32f4xx_hal_can.o
    0x0800135e   0x0800135e   0x00000002   Code   RO         1974    i.HAL_CAN_RxFifo1MsgPendingCallback  stm32f4xx_hal_can.o
    0x08001360   0x08001360   0x00000002   Code   RO         1975    i.HAL_CAN_SleepCallback  stm32f4xx_hal_can.o
    0x08001362   0x08001362   0x00000002   PAD
    0x08001364   0x08001364   0x00000058   Code   RO         1976    i.HAL_CAN_Start     stm32f4xx_hal_can.o
    0x080013bc   0x080013bc   0x00000002   Code   RO         1978    i.HAL_CAN_TxMailbox0AbortCallback  stm32f4xx_hal_can.o
    0x080013be   0x080013be   0x00000002   Code   RO         1979    i.HAL_CAN_TxMailbox0CompleteCallback  stm32f4xx_hal_can.o
    0x080013c0   0x080013c0   0x00000002   Code   RO         1980    i.HAL_CAN_TxMailbox1AbortCallback  stm32f4xx_hal_can.o
    0x080013c2   0x080013c2   0x00000002   Code   RO         1981    i.HAL_CAN_TxMailbox1CompleteCallback  stm32f4xx_hal_can.o
    0x080013c4   0x080013c4   0x00000002   Code   RO         1982    i.HAL_CAN_TxMailbox2AbortCallback  stm32f4xx_hal_can.o
    0x080013c6   0x080013c6   0x00000002   Code   RO         1983    i.HAL_CAN_TxMailbox2CompleteCallback  stm32f4xx_hal_can.o
    0x080013c8   0x080013c8   0x00000002   Code   RO         1985    i.HAL_CAN_WakeUpFromRxMsgCallback  stm32f4xx_hal_can.o
    0x080013ca   0x080013ca   0x00000092   Code   RO         2698    i.HAL_DMA_Abort     stm32f4xx_hal_dma.o
    0x0800145c   0x0800145c   0x00000024   Code   RO         2699    i.HAL_DMA_Abort_IT  stm32f4xx_hal_dma.o
    0x08001480   0x08001480   0x000001a0   Code   RO         2703    i.HAL_DMA_IRQHandler  stm32f4xx_hal_dma.o
    0x08001620   0x08001620   0x000000d4   Code   RO         2704    i.HAL_DMA_Init      stm32f4xx_hal_dma.o
    0x080016f4   0x080016f4   0x0000006e   Code   RO         2708    i.HAL_DMA_Start_IT  stm32f4xx_hal_dma.o
    0x08001762   0x08001762   0x00000002   PAD
    0x08001764   0x08001764   0x00000234   Code   RO         2591    i.HAL_GPIO_Init     stm32f4xx_hal_gpio.o
    0x08001998   0x08001998   0x0000000a   Code   RO         2593    i.HAL_GPIO_ReadPin  stm32f4xx_hal_gpio.o
    0x080019a2   0x080019a2   0x0000000a   Code   RO         2595    i.HAL_GPIO_WritePin  stm32f4xx_hal_gpio.o
    0x080019ac   0x080019ac   0x0000000c   Code   RO         3143    i.HAL_GetTick       stm32f4xx_hal.o
    0x080019b8   0x080019b8   0x00000010   Code   RO         3149    i.HAL_IncTick       stm32f4xx_hal.o
    0x080019c8   0x080019c8   0x00000034   Code   RO         3150    i.HAL_Init          stm32f4xx_hal.o
    0x080019fc   0x080019fc   0x00000040   Code   RO         3151    i.HAL_InitTick      stm32f4xx_hal.o
    0x08001a3c   0x08001a3c   0x00000030   Code   RO          640    i.HAL_MspInit       stm32f4xx_hal_msp.o
    0x08001a6c   0x08001a6c   0x0000001a   Code   RO         2998    i.HAL_NVIC_EnableIRQ  stm32f4xx_hal_cortex.o
    0x08001a86   0x08001a86   0x00000002   PAD
    0x08001a88   0x08001a88   0x00000040   Code   RO         3004    i.HAL_NVIC_SetPriority  stm32f4xx_hal_cortex.o
    0x08001ac8   0x08001ac8   0x00000024   Code   RO         3005    i.HAL_NVIC_SetPriorityGrouping  stm32f4xx_hal_cortex.o
    0x08001aec   0x08001aec   0x00000070   Code   RO         2927    i.HAL_PWREx_EnableOverDrive  stm32f4xx_hal_pwr_ex.o
    0x08001b5c   0x08001b5c   0x00000134   Code   RO         2185    i.HAL_RCC_ClockConfig  stm32f4xx_hal_rcc.o
    0x08001c90   0x08001c90   0x00000020   Code   RO         2192    i.HAL_RCC_GetPCLK1Freq  stm32f4xx_hal_rcc.o
    0x08001cb0   0x08001cb0   0x00000020   Code   RO         2193    i.HAL_RCC_GetPCLK2Freq  stm32f4xx_hal_rcc.o
    0x08001cd0   0x08001cd0   0x00000064   Code   RO         2194    i.HAL_RCC_GetSysClockFreq  stm32f4xx_hal_rcc.o
    0x08001d34   0x08001d34   0x0000036c   Code   RO         2197    i.HAL_RCC_OscConfig  stm32f4xx_hal_rcc.o
    0x080020a0   0x080020a0   0x00000028   Code   RO         3009    i.HAL_SYSTICK_Config  stm32f4xx_hal_cortex.o
    0x080020c8   0x080020c8   0x00000002   Code   RO         4104    i.HAL_TIMEx_BreakCallback  stm32f4xx_hal_tim_ex.o
    0x080020ca   0x080020ca   0x00000002   Code   RO         4105    i.HAL_TIMEx_CommutCallback  stm32f4xx_hal_tim_ex.o
    0x080020cc   0x080020cc   0x00000090   Code   RO         4123    i.HAL_TIMEx_MasterConfigSynchronization  stm32f4xx_hal_tim_ex.o
    0x0800215c   0x0800215c   0x0000005a   Code   RO         3400    i.HAL_TIM_Base_Init  stm32f4xx_hal_tim.o
    0x080021b6   0x080021b6   0x00000002   PAD
    0x080021b8   0x080021b8   0x000000dc   Code   RO          334    i.HAL_TIM_Base_MspInit  tim.o
    0x08002294   0x08002294   0x00000080   Code   RO         3405    i.HAL_TIM_Base_Start_IT  stm32f4xx_hal_tim.o
    0x08002314   0x08002314   0x000000dc   Code   RO         3409    i.HAL_TIM_ConfigClockSource  stm32f4xx_hal_tim.o
    0x080023f0   0x080023f0   0x00000002   Code   RO         3434    i.HAL_TIM_IC_CaptureCallback  stm32f4xx_hal_tim.o
    0x080023f2   0x080023f2   0x00000166   Code   RO         3448    i.HAL_TIM_IRQHandler  stm32f4xx_hal_tim.o
    0x08002558   0x08002558   0x000000d4   Code   RO          335    i.HAL_TIM_MspPostInit  tim.o
    0x0800262c   0x0800262c   0x00000002   Code   RO         3451    i.HAL_TIM_OC_DelayElapsedCallback  stm32f4xx_hal_tim.o
    0x0800262e   0x0800262e   0x000000cc   Code   RO         3472    i.HAL_TIM_PWM_ConfigChannel  stm32f4xx_hal_tim.o
    0x080026fa   0x080026fa   0x0000005a   Code   RO         3475    i.HAL_TIM_PWM_Init  stm32f4xx_hal_tim.o
    0x08002754   0x08002754   0x00000002   Code   RO         3477    i.HAL_TIM_PWM_MspInit  stm32f4xx_hal_tim.o
    0x08002756   0x08002756   0x00000002   Code   RO         3478    i.HAL_TIM_PWM_PulseFinishedCallback  stm32f4xx_hal_tim.o
    0x08002758   0x08002758   0x000000c8   Code   RO         3480    i.HAL_TIM_PWM_Start  stm32f4xx_hal_tim.o
    0x08002820   0x08002820   0x00000070   Code   RO          664    i.HAL_TIM_PeriodElapsedCallback  tim6_cnt_task.o
    0x08002890   0x08002890   0x00000002   Code   RO         3491    i.HAL_TIM_TriggerCallback  stm32f4xx_hal_tim.o
    0x08002892   0x08002892   0x00000002   Code   RO         4382    i.HAL_UARTEx_RxEventCallback  stm32f4xx_hal_uart.o
    0x08002894   0x08002894   0x00000002   Code   RO         4396    i.HAL_UART_ErrorCallback  stm32f4xx_hal_uart.o
    0x08002896   0x08002896   0x00000002   PAD
    0x08002898   0x08002898   0x00000268   Code   RO         4399    i.HAL_UART_IRQHandler  stm32f4xx_hal_uart.o
    0x08002b00   0x08002b00   0x00000062   Code   RO         4400    i.HAL_UART_Init     stm32f4xx_hal_uart.o
    0x08002b62   0x08002b62   0x00000002   PAD
    0x08002b64   0x08002b64   0x00000350   Code   RO          400    i.HAL_UART_MspInit  usart.o
    0x08002eb4   0x08002eb4   0x0000002a   Code   RO         4405    i.HAL_UART_Receive_IT  stm32f4xx_hal_uart.o
    0x08002ede   0x08002ede   0x00000002   PAD
    0x08002ee0   0x08002ee0   0x0000002c   Code   RO         1625    i.HAL_UART_RxCpltCallback  bsp_uart.o
    0x08002f0c   0x08002f0c   0x0000008c   Code   RO         4409    i.HAL_UART_Transmit_DMA  stm32f4xx_hal_uart.o
    0x08002f98   0x08002f98   0x0000003e   Code   RO         4410    i.HAL_UART_Transmit_IT  stm32f4xx_hal_uart.o
    0x08002fd6   0x08002fd6   0x00000002   Code   RO         4411    i.HAL_UART_TxCpltCallback  stm32f4xx_hal_uart.o
    0x08002fd8   0x08002fd8   0x00000002   Code   RO         4412    i.HAL_UART_TxHalfCpltCallback  stm32f4xx_hal_uart.o
    0x08002fda   0x08002fda   0x00000002   PAD
    0x08002fdc   0x08002fdc   0x00000034   Code   RO         1409    i.Handle_Init       bsp_handle.o
    0x08003010   0x08003010   0x00000038   Code   RO         1410    i.Handle_Task       bsp_handle.o
    0x08003048   0x08003048   0x00000002   Code   RO          476    i.HardFault_Handler  stm32f4xx_it.o
    0x0800304a   0x0800304a   0x00000002   PAD
    0x0800304c   0x0800304c   0x000004a8   Code   RO          748    i.Key_Task          key_task.o
    0x080034f4   0x080034f4   0x00000044   Code   RO          262    i.MX_CAN1_Init      can.o
    0x08003538   0x08003538   0x00000044   Code   RO          263    i.MX_CAN2_Init      can.o
    0x0800357c   0x0800357c   0x0000009c   Code   RO          309    i.MX_DMA_Init       dma.o
    0x08003618   0x08003618   0x000000ec   Code   RO          236    i.MX_GPIO_Init      gpio.o
    0x08003704   0x08003704   0x0000009c   Code   RO          336    i.MX_TIM2_Init      tim.o
    0x080037a0   0x080037a0   0x000000c8   Code   RO          337    i.MX_TIM4_Init      tim.o
    0x08003868   0x08003868   0x000000c8   Code   RO          338    i.MX_TIM5_Init      tim.o
    0x08003930   0x08003930   0x00000044   Code   RO          339    i.MX_TIM6_Init      tim.o
    0x08003974   0x08003974   0x00000038   Code   RO          401    i.MX_UART8_Init     usart.o
    0x080039ac   0x080039ac   0x00000040   Code   RO          402    i.MX_USART1_UART_Init  usart.o
    0x080039ec   0x080039ec   0x0000003c   Code   RO          403    i.MX_USART2_UART_Init  usart.o
    0x08003a28   0x08003a28   0x0000003c   Code   RO          404    i.MX_USART3_UART_Init  usart.o
    0x08003a64   0x08003a64   0x00000038   Code   RO          405    i.MX_USART6_UART_Init  usart.o
    0x08003a9c   0x08003a9c   0x00000002   Code   RO          477    i.MemManage_Handler  stm32f4xx_it.o
    0x08003a9e   0x08003a9e   0x00000002   PAD
    0x08003aa0   0x08003aa0   0x00000090   Code   RO         1545    i.Mineral_Init      bsp_mineral.o
    0x08003b30   0x08003b30   0x00000068   Code   RO         1546    i.Mineral_Task_Longitudinal  bsp_mineral.o
    0x08003b98   0x08003b98   0x0000005c   Code   RO         1547    i.Mineral_Task_Widthwise  bsp_mineral.o
    0x08003bf4   0x08003bf4   0x00000002   Code   RO          478    i.NMI_Handler       stm32f4xx_it.o
    0x08003bf6   0x08003bf6   0x00000002   Code   RO          479    i.PendSV_Handler    stm32f4xx_it.o
    0x08003bf8   0x08003bf8   0x00000160   Code   RO         1835    i.Push_Task         bsp_electric_push.o
    0x08003d58   0x08003d58   0x00000064   Code   RO         1626    i.RC_Chassis_Speed_Send  bsp_uart.o
    0x08003dbc   0x08003dbc   0x00000020   Code   RO         1627    i.RC_Rescue_Move_Send  bsp_uart.o
    0x08003ddc   0x08003ddc   0x00000020   Code   RO         1628    i.RC_Rescue_card_Send  bsp_uart.o
    0x08003dfc   0x08003dfc   0x0000000a   Code   RO          794    i.RC_abs            remote_control.o
    0x08003e06   0x08003e06   0x00000002   PAD
    0x08003e08   0x08003e08   0x0000006c   Code   RO          795    i.RC_data_is_error  remote_control.o
    0x08003e74   0x08003e74   0x00000060   Code   RO          796    i.RC_init           remote_control.o
    0x08003ed4   0x08003ed4   0x00000080   Code   RO          797    i.RC_restart        remote_control.o
    0x08003f54   0x08003f54   0x00000060   Code   RO         1768    i.Record_Motor_Callback  bsp_can.o
    0x08003fb4   0x08003fb4   0x00000030   Code   RO          702    i.Remote_Control    remote_task.o
    0x08003fe4   0x08003fe4   0x00000002   Code   RO          480    i.SVC_Handler       stm32f4xx_it.o
    0x08003fe6   0x08003fe6   0x00000004   Code   RO         1629    i.Send_error        bsp_uart.o
    0x08003fea   0x08003fea   0x00000002   PAD
    0x08003fec   0x08003fec   0x00000034   Code   RO         1471    i.Set_Flip_Current  bsp_flip.o
    0x08004020   0x08004020   0x00000020   Code   RO         1472    i.Set_Flip_Speed    bsp_flip.o
    0x08004040   0x08004040   0x0000001c   Code   RO         1411    i.Set_Handle_Current  bsp_handle.o
    0x0800405c   0x0800405c   0x00000014   Code   RO         1412    i.Set_Handle_Speed  bsp_handle.o
    0x08004070   0x08004070   0x00000010   Code   RO         1548    i.Set_Mineral_B_Speed  bsp_mineral.o
    0x08004080   0x08004080   0x00000044   Code   RO         1549    i.Set_Mineral_Current  bsp_mineral.o
    0x080040c4   0x080040c4   0x00000010   Code   RO         1550    i.Set_Mineral_F_Speed  bsp_mineral.o
    0x080040d4   0x080040d4   0x00000010   Code   RO         1551    i.Set_Mineral_L_Speed  bsp_mineral.o
    0x080040e4   0x080040e4   0x00000010   Code   RO         1552    i.Set_Mineral_R_Speed  bsp_mineral.o
    0x080040f4   0x080040f4   0x00000004   Code   RO          481    i.SysTick_Handler   stm32f4xx_it.o
    0x080040f8   0x080040f8   0x000000a0   Code   RO           14    i.SystemClock_Config  main.o
    0x08004198   0x08004198   0x00000010   Code   RO         4729    i.SystemInit        system_stm32f4xx.o
    0x080041a8   0x080041a8   0x0000000c   Code   RO          482    i.TIM4_IRQHandler   stm32f4xx_it.o
    0x080041b4   0x080041b4   0x0000000c   Code   RO          483    i.TIM5_IRQHandler   stm32f4xx_it.o
    0x080041c0   0x080041c0   0x0000000c   Code   RO          484    i.TIM6_DAC_IRQHandler  stm32f4xx_it.o
    0x080041cc   0x080041cc   0x000000c8   Code   RO         3493    i.TIM_Base_SetConfig  stm32f4xx_hal_tim.o
    0x08004294   0x08004294   0x0000001a   Code   RO         3494    i.TIM_CCxChannelCmd  stm32f4xx_hal_tim.o
    0x080042ae   0x080042ae   0x00000014   Code   RO         3504    i.TIM_ETR_SetConfig  stm32f4xx_hal_tim.o
    0x080042c2   0x080042c2   0x00000010   Code   RO         3505    i.TIM_ITRx_SetConfig  stm32f4xx_hal_tim.o
    0x080042d2   0x080042d2   0x00000002   PAD
    0x080042d4   0x080042d4   0x00000060   Code   RO         3506    i.TIM_OC1_SetConfig  stm32f4xx_hal_tim.o
    0x08004334   0x08004334   0x0000006c   Code   RO         3507    i.TIM_OC2_SetConfig  stm32f4xx_hal_tim.o
    0x080043a0   0x080043a0   0x00000068   Code   RO         3508    i.TIM_OC3_SetConfig  stm32f4xx_hal_tim.o
    0x08004408   0x08004408   0x00000050   Code   RO         3509    i.TIM_OC4_SetConfig  stm32f4xx_hal_tim.o
    0x08004458   0x08004458   0x000000a0   Code   RO         1836    i.TIM_Push_PWM_Init  bsp_electric_push.o
    0x080044f8   0x080044f8   0x00000022   Code   RO         3511    i.TIM_TI1_ConfigInputStage  stm32f4xx_hal_tim.o
    0x0800451a   0x0800451a   0x00000024   Code   RO         3513    i.TIM_TI2_ConfigInputStage  stm32f4xx_hal_tim.o
    0x0800453e   0x0800453e   0x00000002   PAD
    0x08004540   0x08004540   0x0000000c   Code   RO          485    i.UART8_IRQHandler  stm32f4xx_it.o
    0x0800454c   0x0800454c   0x00000010   Code   RO         4413    i.UART_DMAAbortOnError  stm32f4xx_hal_uart.o
    0x0800455c   0x0800455c   0x0000004a   Code   RO         4414    i.UART_DMAError     stm32f4xx_hal_uart.o
    0x080045a6   0x080045a6   0x00000042   Code   RO         4419    i.UART_DMATransmitCplt  stm32f4xx_hal_uart.o
    0x080045e8   0x080045e8   0x0000000a   Code   RO         4421    i.UART_DMATxHalfCplt  stm32f4xx_hal_uart.o
    0x080045f2   0x080045f2   0x0000004e   Code   RO         4423    i.UART_EndRxTransfer  stm32f4xx_hal_uart.o
    0x08004640   0x08004640   0x0000001c   Code   RO         4424    i.UART_EndTxTransfer  stm32f4xx_hal_uart.o
    0x0800465c   0x0800465c   0x00000014   Code   RO         1630    i.UART_IdleIT_init  bsp_uart.o
    0x08004670   0x08004670   0x000000c0   Code   RO         4425    i.UART_Receive_IT   stm32f4xx_hal_uart.o
    0x08004730   0x08004730   0x0000010c   Code   RO         4426    i.UART_SetConfig    stm32f4xx_hal_uart.o
    0x0800483c   0x0800483c   0x0000003a   Code   RO         4428    i.UART_Start_Receive_IT  stm32f4xx_hal_uart.o
    0x08004876   0x08004876   0x00000002   PAD
    0x08004878   0x08004878   0x000000c4   Code   RO          799    i.USART1_IRQHandler  remote_control.o
    0x0800493c   0x0800493c   0x0000000c   Code   RO          486    i.USART2_IRQHandler  stm32f4xx_it.o
    0x08004948   0x08004948   0x0000000c   Code   RO          487    i.USART3_IRQHandler  stm32f4xx_it.o
    0x08004954   0x08004954   0x0000000c   Code   RO          488    i.USART6_IRQHandler  stm32f4xx_it.o
    0x08004960   0x08004960   0x00000002   Code   RO          489    i.UsageFault_Handler  stm32f4xx_it.o
    0x08004962   0x08004962   0x00000002   PAD
    0x08004964   0x08004964   0x0000000c   Code   RO         1413    i.Vpid_Handle_Realize  bsp_handle.o
    0x08004970   0x08004970   0x00000038   Code   RO         1553    i.Vpid_Mineral_Longitudinal_Realize  bsp_mineral.o
    0x080049a8   0x080049a8   0x00000038   Code   RO         1554    i.Vpid_Mineral_Widthwise_Realize  bsp_mineral.o
    0x080049e0   0x080049e0   0x00000098   Code   RO          904    i.Vpid_Realize      pid.o
    0x08004a78   0x08004a78   0x00000020   Code   RO         3011    i.__NVIC_SetPriority  stm32f4xx_hal_cortex.o
    0x08004a98   0x08004a98   0x00000068   Code   RO         1707    i.caculate_linear_speed  bsp_chassis.o
    0x08004b00   0x08004b00   0x00000068   Code   RO         1708    i.caculate_rotational_speed  bsp_chassis.o
    0x08004b68   0x08004b68   0x0000004c   Code   RO          874    i.find_max          algorithm.o
    0x08004bb4   0x08004bb4   0x00000080   Code   RO          703    i.left_act_down     remote_task.o
    0x08004c34   0x08004c34   0x000000bc   Code   RO          704    i.left_act_mid      remote_task.o
    0x08004cf0   0x08004cf0   0x00000110   Code   RO          705    i.left_act_up       remote_task.o
    0x08004e00   0x08004e00   0x0000006c   Code   RO           15    i.main              main.o
    0x08004e6c   0x08004e6c   0x00000010   Code   RO          801    i.remote_control_init  remote_control.o
    0x08004e7c   0x08004e7c   0x000000b4   Code   RO          802    i.sbus_to_rc        remote_control.o
    0x08004f30   0x08004f30   0x00000062   Code   RO         4845    x$fpl$d2f           fz_wm.l(d2f.o)
    0x08004f92   0x08004f92   0x00000002   PAD
    0x08004f94   0x08004f94   0x000002b0   Code   RO         4848    x$fpl$ddiv          fz_wm.l(ddiv.o)
    0x08005244   0x08005244   0x0000005e   Code   RO         4851    x$fpl$dfix          fz_wm.l(dfix.o)
    0x080052a2   0x080052a2   0x0000002e   Code   RO         4856    x$fpl$dflt          fz_wm.l(dflt_clz.o)
    0x080052d0   0x080052d0   0x00000154   Code   RO         4861    x$fpl$dmul          fz_wm.l(dmul.o)
    0x08005424   0x08005424   0x0000009c   Code   RO         4948    x$fpl$dnaninf       fz_wm.l(dnaninf.o)
    0x080054c0   0x080054c0   0x0000000c   Code   RO         4950    x$fpl$dretinf       fz_wm.l(dretinf.o)
    0x080054cc   0x080054cc   0x0000000a   Code   RO         4996    x$fpl$fpinit        fz_wm.l(fpinit.o)
    0x080054d6   0x080054d6   0x0000000a   Code   RO         4952    x$fpl$fretinf       fz_wm.l(fretinf.o)
    0x080054e0   0x080054e0   0x00000000   Code   RO         4954    x$fpl$usenofp       fz_wm.l(usenofp.o)
    0x080054e0   0x080054e0   0x00000008   Data   RO         2710    .constdata          stm32f4xx_hal_dma.o
    0x080054e8   0x080054e8   0x00000010   Data   RO         4730    .constdata          system_stm32f4xx.o
    0x080054f8   0x080054f8   0x00000008   Data   RO         4731    .constdata          system_stm32f4xx.o
    0x08005500   0x08005500   0x00000020   Data   RO         5085    Region$$Table       anon$$obj.o


    Execution Region RW_IRAM2 (Exec base: 0x10000000, Load base: 0x0800563c, Size: 0x00000000, Max: 0x00010000, ABSOLUTE)

    **** No section assigned to this execution region ****


    Execution Region RW_IRAM1 (Exec base: 0x20000000, Load base: 0x08005520, Size: 0x00001400, Max: 0x00030000, ABSOLUTE)

    Exec Addr    Load Addr    Size         Type   Attr      Idx    E Section Name        Object

    0x20000000   0x08005520   0x00000004   Data   RW          265    .data               can.o
    0x20000004   0x08005524   0x00000004   Data   RW          665    .data               tim6_cnt_task.o
    0x20000008   0x08005528   0x00000010   Data   RW          749    .data               key_task.o
    0x20000018   0x08005538   0x00000002   Data   RW          805    .data               remote_control.o
    0x2000001a   0x0800553a   0x00000002   PAD
    0x2000001c   0x0800553c   0x00000014   Data   RW         1415    .data               bsp_handle.o
    0x20000030   0x08005550   0x00000040   Data   RW         1475    .data               bsp_flip.o
    0x20000070   0x08005590   0x00000020   Data   RW         1556    .data               bsp_mineral.o
    0x20000090   0x080055b0   0x00000010   Data   RW         1634    .data               bsp_uart.o
    0x200000a0   0x080055c0   0x00000038   Data   RW         1710    .data               bsp_chassis.o
    0x200000d8   0x080055f8   0x00000008   Data   RW         1770    .data               bsp_can.o
    0x200000e0   0x08005600   0x00000028   Data   RW         1837    .data               bsp_electric_push.o
    0x20000108   0x08005628   0x00000004   Data   RW         1874    .data               bsp_clamp.o
    0x2000010c   0x0800562c   0x0000000c   Data   RW         3157    .data               stm32f4xx_hal.o
    0x20000118   0x08005638   0x00000004   Data   RW         4732    .data               system_stm32f4xx.o
    0x2000011c        -       0x00000050   Zero   RW          264    .bss                can.o
    0x2000016c        -       0x00000120   Zero   RW          340    .bss                tim.o
    0x2000028c        -       0x000003f4   Zero   RW          406    .bss                usart.o
    0x20000680        -       0x0000005e   Zero   RW          803    .bss                remote_control.o
    0x200006de   0x0800563c   0x00000002   PAD
    0x200006e0        -       0x00000090   Zero   RW         1414    .bss                bsp_handle.o
    0x20000770        -       0x00000120   Zero   RW         1474    .bss                bsp_flip.o
    0x20000890        -       0x00000240   Zero   RW         1555    .bss                bsp_mineral.o
    0x20000ad0        -       0x00000032   Zero   RW         1633    .bss                bsp_uart.o
    0x20000b02   0x0800563c   0x00000002   PAD
    0x20000b04        -       0x00000280   Zero   RW         1709    .bss                bsp_chassis.o
    0x20000d84        -       0x0000001c   Zero   RW         1769    .bss                bsp_can.o
    0x20000da0        -       0x00000060   Zero   RW         4958    .bss                c_w.l(libspace.o)
    0x20000e00        -       0x00000200   Zero   RW            2    HEAP                startup_stm32f427xx.o
    0x20001000        -       0x00000400   Zero   RW            1    STACK               startup_stm32f427xx.o


==============================================================================

Image component sizes


      Code (inc. data)   RO Data    RW Data    ZI Data      Debug   Object Name

        76          0          0          0          0        731   algorithm.o
       492         70          0          8         28       5046   bsp_can.o
       972         66          0         56        640       6865   bsp_chassis.o
       128         16          0          4          0        863   bsp_clamp.o
       512         22          0         40          0       2288   bsp_electric_push.o
       508         48          0         64        288       4458   bsp_flip.o
       168         36          0         20        144       3654   bsp_handle.o
       584         68          0         32        576       7540   bsp_mineral.o
       232         50          0         16         50       6012   bsp_uart.o
       388         42          0          4         80       2642   can.o
       156          4          0          0          0        926   dma.o
       236         14          0          0          0       1219   gpio.o
      1192         38          0         16          0       3739   key_task.o
       272         14          0          0          0     755457   main.o
       234          0          0          0          0       1862   pid.o
       734         66          0          2         94       7405   remote_control.o
       636         42          0          0          0       2766   remote_task.o
        64         26        428          0       1536        876   startup_stm32f427xx.o
       144         24          0         12          0       9153   stm32f4xx_hal.o
      1638          6          0          0          0      14927   stm32f4xx_hal_can.o
       198         14          0          0          0      34147   stm32f4xx_hal_cortex.o
      1084         16          8          0          0       7646   stm32f4xx_hal_dma.o
       584         54          0          0          0       2995   stm32f4xx_hal_gpio.o
        48          6          0          0          0        922   stm32f4xx_hal_msp.o
       112         14          0          0          0       1352   stm32f4xx_hal_pwr_ex.o
      1348         76          0          0          0       5436   stm32f4xx_hal_rcc.o
      2020        136          0          0          0      17654   stm32f4xx_hal_tim.o
       148         28          0          0          0       2585   stm32f4xx_hal_tim_ex.o
      1756         30          0          0          0      14549   stm32f4xx_hal_uart.o
       212         96          0          0          0      12577   stm32f4xx_it.o
        16          4         24          4          0       1223   system_stm32f4xx.o
      1056         78          0          0        288       5207   tim.o
       112         20          0          4          0       1660   tim6_cnt_task.o
      1144        126          0          0       1012       5459   usart.o

    ----------------------------------------------------------------------
     19244       1350        492        284       4740     951841   Object Totals
         0          0         32          0          0          0   (incl. Generated)
        40          0          0          2          4          0   (incl. Padding)

    ----------------------------------------------------------------------

      Code (inc. data)   RO Data    RW Data    ZI Data      Debug   Library Member Name

         8          0          0          0          0         68   __main.o
         0          0          0          0          0          0   __rtentry.o
        12          0          0          0          0          0   __rtentry2.o
         6          0          0          0          0          0   __rtentry4.o
        52          8          0          0          0          0   __scatter.o
        26          0          0          0          0          0   __scatter_copy.o
        28          0          0          0          0          0   __scatter_zi.o
        18          0          0          0          0         80   exit.o
         6          0          0          0          0        152   heapauxi.o
         0          0          0          0          0          0   indicate_semi.o
         2          0          0          0          0          0   libinit.o
         6          0          0          0          0          0   libinit2.o
         2          0          0          0          0          0   libshutdown.o
         2          0          0          0          0          0   libshutdown2.o
         8          4          0          0         96         68   libspace.o
       238          0          0          0          0        100   lludivv7m.o
        78          0          0          0          0         80   rt_memclr_w.o
         2          0          0          0          0          0   rtexit.o
        10          0          0          0          0          0   rtexit2.o
        12          4          0          0          0         68   sys_exit.o
        74          0          0          0          0         80   sys_stackheap_outer.o
         2          0          0          0          0         68   use_no_semi.o
        98          4          0          0          0        140   d2f.o
       688        140          0          0          0        256   ddiv.o
        94          4          0          0          0        140   dfix.o
        46          0          0          0          0        116   dflt_clz.o
       340         12          0          0          0        152   dmul.o
       156          4          0          0          0        140   dnaninf.o
        12          0          0          0          0        116   dretinf.o
        10          0          0          0          0        116   fpinit.o
        10          0          0          0          0        116   fretinf.o
         0          0          0          0          0          0   usenofp.o

    ----------------------------------------------------------------------
      2056        180          0          0         96       2056   Library Totals
        10          0          0          0          0          0   (incl. Padding)

    ----------------------------------------------------------------------

      Code (inc. data)   RO Data    RW Data    ZI Data      Debug   Library Name

       592         16          0          0         96        764   c_w.l
      1454        164          0          0          0       1292   fz_wm.l

    ----------------------------------------------------------------------
      2056        180          0          0         96       2056   Library Totals

    ----------------------------------------------------------------------

==============================================================================


      Code (inc. data)   RO Data    RW Data    ZI Data      Debug   

     21300       1530        492        284       4836     934637   Grand Totals
     21300       1530        492        284       4836     934637   ELF Image Totals
     21300       1530        492        284          0          0   ROM Totals

==============================================================================

    Total RO  Size (Code + RO Data)                21792 (  21.28kB)
    Total RW  Size (RW Data + ZI Data)              5120 (   5.00kB)
    Total ROM Size (Code + RO Data + RW Data)      22076 (  21.56kB)

==============================================================================

